Component: ARM Compiler 5.06 update 7 (build 960) Tool: armlink [4d3601]

==============================================================================

Section Cross References

    startup_stm32f103xe.o(RESET) refers to startup_stm32f103xe.o(STACK) for __initial_sp
    startup_stm32f103xe.o(RESET) refers to startup_stm32f103xe.o(.text) for Reset_Handler
    startup_stm32f103xe.o(RESET) refers to stm32f1xx_it.o(i.NMI_Handler) for NMI_Handler
    startup_stm32f103xe.o(RESET) refers to stm32f1xx_it.o(i.HardFault_Handler) for HardFault_Handler
    startup_stm32f103xe.o(RESET) refers to stm32f1xx_it.o(i.MemManage_Handler) for MemManage_Handler
    startup_stm32f103xe.o(RESET) refers to stm32f1xx_it.o(i.BusFault_Handler) for BusFault_Handler
    startup_stm32f103xe.o(RESET) refers to stm32f1xx_it.o(i.UsageFault_Handler) for UsageFault_Handler
    startup_stm32f103xe.o(RESET) refers to stm32f1xx_it.o(i.SVC_Handler) for SVC_Handler
    startup_stm32f103xe.o(RESET) refers to stm32f1xx_it.o(i.DebugMon_Handler) for DebugMon_Handler
    startup_stm32f103xe.o(RESET) refers to stm32f1xx_it.o(i.PendSV_Handler) for PendSV_Handler
    startup_stm32f103xe.o(RESET) refers to stm32f1xx_it.o(i.SysTick_Handler) for SysTick_Handler
    startup_stm32f103xe.o(RESET) refers to stm32f1xx_it.o(i.DMA1_Channel2_IRQHandler) for DMA1_Channel2_IRQHandler
    startup_stm32f103xe.o(RESET) refers to stm32f1xx_it.o(i.DMA1_Channel4_IRQHandler) for DMA1_Channel4_IRQHandler
    startup_stm32f103xe.o(RESET) refers to stm32f1xx_it.o(i.USB_LP_CAN1_RX0_IRQHandler) for USB_LP_CAN1_RX0_IRQHandler
    startup_stm32f103xe.o(RESET) refers to stm32f1xx_it.o(i.TIM2_IRQHandler) for TIM2_IRQHandler
    startup_stm32f103xe.o(.text) refers to system_stm32f1xx.o(i.SystemInit) for SystemInit
    startup_stm32f103xe.o(.text) refers to entry.o(.ARM.Collect$$$$00000000) for __main
    main.o(i.SystemClock_Config) refers to memseta.o(.text) for __aeabi_memclr4
    main.o(i.SystemClock_Config) refers to stm32f1xx_hal_rcc.o(i.HAL_RCC_OscConfig) for HAL_RCC_OscConfig
    main.o(i.SystemClock_Config) refers to stm32f1xx_hal_rcc.o(i.HAL_RCC_ClockConfig) for HAL_RCC_ClockConfig
    main.o(i.SystemClock_Config) refers to stm32f1xx_hal_rcc_ex.o(i.HAL_RCCEx_PeriphCLKConfig) for HAL_RCCEx_PeriphCLKConfig
    main.o(i.main) refers to stm32f1xx_hal.o(i.HAL_Init) for HAL_Init
    main.o(i.main) refers to main.o(i.SystemClock_Config) for SystemClock_Config
    main.o(i.main) refers to gpio.o(i.MX_GPIO_Init) for MX_GPIO_Init
    main.o(i.main) refers to dma.o(i.MX_DMA_Init) for MX_DMA_Init
    main.o(i.main) refers to usart.o(i.MX_USART1_UART_Init) for MX_USART1_UART_Init
    main.o(i.main) refers to tim.o(i.MX_TIM8_Init) for MX_TIM8_Init
    main.o(i.main) refers to tim.o(i.MX_TIM2_Init) for MX_TIM2_Init
    main.o(i.main) refers to can.o(i.MX_CAN_Init) for MX_CAN_Init
    main.o(i.main) refers to adc.o(i.MX_ADC1_Init) for MX_ADC1_Init
    main.o(i.main) refers to usart.o(i.MX_USART3_UART_Init) for MX_USART3_UART_Init
    main.o(i.main) refers to tim.o(i.MX_TIM5_Init) for MX_TIM5_Init
    main.o(i.main) refers to cybergear_control.o(i.Init_Cyber) for Init_Cyber
    main.o(i.main) refers to cybergear_control.o(i.Stop_Cyber) for Stop_Cyber
    main.o(i.main) refers to cybergear_control.o(i.Set_Cyber_Mode) for Set_Cyber_Mode
    main.o(i.main) refers to cybergear_control.o(i.Set_Cyber_Pos) for Set_Cyber_Pos
    main.o(i.main) refers to cybergear_control.o(i.Set_Cyber_limitSp) for Set_Cyber_limitSp
    main.o(i.main) refers to cybergear_control.o(i.Start_Cyber) for Start_Cyber
    main.o(i.main) refers to sa_key.o(i.get_key_num) for get_key_num
    main.o(i.main) refers to fadd.o(.text) for __aeabi_fadd
    main.o(i.main) refers to stm32f1xx_hal_gpio.o(i.HAL_GPIO_WritePin) for HAL_GPIO_WritePin
    main.o(i.main) refers to f2d.o(.text) for __aeabi_f2d
    main.o(i.main) refers to printfa.o(i.__0printf) for __2printf
    main.o(i.main) refers to cybergear_control.o(.bss) for Cyber
    main.o(i.main) refers to main.o(.data) for .data
    gpio.o(i.MX_GPIO_Init) refers to stm32f1xx_hal_gpio.o(i.HAL_GPIO_WritePin) for HAL_GPIO_WritePin
    gpio.o(i.MX_GPIO_Init) refers to stm32f1xx_hal_gpio.o(i.HAL_GPIO_Init) for HAL_GPIO_Init
    adc.o(i.HAL_ADC_MspDeInit) refers to stm32f1xx_hal_gpio.o(i.HAL_GPIO_DeInit) for HAL_GPIO_DeInit
    adc.o(i.HAL_ADC_MspInit) refers to stm32f1xx_hal_gpio.o(i.HAL_GPIO_Init) for HAL_GPIO_Init
    adc.o(i.MX_ADC1_Init) refers to stm32f1xx_hal_adc.o(i.HAL_ADC_Init) for HAL_ADC_Init
    adc.o(i.MX_ADC1_Init) refers to main.o(i.Error_Handler) for Error_Handler
    adc.o(i.MX_ADC1_Init) refers to stm32f1xx_hal_adc.o(i.HAL_ADC_ConfigChannel) for HAL_ADC_ConfigChannel
    adc.o(i.MX_ADC1_Init) refers to adc.o(.bss) for .bss
    can.o(i.HAL_CAN_MspDeInit) refers to stm32f1xx_hal_gpio.o(i.HAL_GPIO_DeInit) for HAL_GPIO_DeInit
    can.o(i.HAL_CAN_MspDeInit) refers to stm32f1xx_hal_cortex.o(i.HAL_NVIC_DisableIRQ) for HAL_NVIC_DisableIRQ
[...]
    Removing cybergear_control.o(i.Set_Cyber_ZeroPos), (52 bytes).
    Removing cybergear_control.o(i.Set_Cyber_limitTor), (22 bytes).
    Removing cybergear_control.o(i.Setting_AbsoluteZero), (208 bytes).
    Removing cybergear_control.o(i.float_to_uint), (86 bytes).
    Removing cybergear_control.o(i.request_motor_feedback), (48 bytes).
    Removing cybergear_control.o(i.set_CANID_cybergear), (56 bytes).
    Removing cybergear_control.o(.constdata), (4 bytes).
    Removing cybergear_control.o(.constdata), (4 bytes).
    Removing cybergear_control.o(.data), (4 bytes).
    Removing fflti.o(.text), (18 bytes).
    Removing ffixi.o(.text), (50 bytes).
    Removing cfcmple.o(.text), (20 bytes).
    Removing cfrcmple.o(.text), (20 bytes).
    Removing frnd.o(.text), (60 bytes).
    Removing fscalb.o(.text), (24 bytes).

539 unused section(s) (total 35633 bytes) removed from the image.

==============================================================================

Image Symbol Table

    Local Symbols

    Symbol Name                              Value     Ov Type        Size  Object(Section)

    ../Core/Src/adc.c                        0x00000000   Number         0  adc.o ABSOLUTE
    ../Core/Src/can.c                        0x00000000   Number         0  can.o ABSOLUTE
    ../Core/Src/dma.c                        0x00000000   Number         0  dma.o ABSOLUTE
    ../Core/Src/gpio.c                       0x00000000   Number         0  gpio.o ABSOLUTE
    ../Core/Src/main.c                       0x00000000   Number         0  main.o ABSOLUTE
    ../Core/Src/stm32f1xx_hal_msp.c          0x00000000   Number         0  stm32f1xx_hal_msp.o ABSOLUTE
    ../Core/Src/stm32f1xx_it.c               0x00000000   Number         0  stm32f1xx_it.o ABSOLUTE
    ../Core/Src/system_stm32f1xx.c           0x00000000   Number         0  system_stm32f1xx.o ABSOLUTE
    ../Core/Src/tim.c                        0x00000000   Number         0  tim.o ABSOLUTE
    ../Core/Src/usart.c                      0x00000000   Number         0  usart.o ABSOLUTE
    ../Drivers/STM32F1xx_HAL_Driver/Src/stm32f1xx_hal.c 0x00000000   Number         0  stm32f1xx_hal.o ABSOLUTE
    ../Drivers/STM32F1xx_HAL_Driver/Src/stm32f1xx_hal_adc.c 0x00000000   Number         0  stm32f1xx_hal_adc.o ABSOLUTE
    ../Drivers/STM32F1xx_HAL_Driver/Src/stm32f1xx_hal_adc_ex.c 0x00000000   Number         0  stm32f1xx_hal_adc_ex.o ABSOLUTE
    ../Drivers/STM32F1xx_HAL_Driver/Src/stm32f1xx_hal_can.c 0x00000000   Number         0  stm32f1xx_hal_can.o ABSOLUTE
    ../Drivers/STM32F1xx_HAL_Driver/Src/stm32f1xx_hal_cortex.c 0x00000000   Number         0  stm32f1xx_hal_cortex.o ABSOLUTE
    ../Drivers/STM32F1xx_HAL_Driver/Src/stm32f1xx_hal_dma.c 0x00000000   Number         0  stm32f1xx_hal_dma.o ABSOLUTE
    ../Drivers/STM32F1xx_HAL_Driver/Src/stm32f1xx_hal_exti.c 0x00000000   Number         0  stm32f1xx_hal_exti.o ABSOLUTE
    ../Drivers/STM32F1xx_HAL_Driver/Src/stm32f1xx_hal_flash.c 0x00000000   Number         0  stm32f1xx_hal_flash.o ABSOLUTE
    ../Drivers/STM32F1xx_HAL_Driver/Src/stm32f1xx_hal_flash_ex.c 0x00000000   Number         0  stm32f1xx_hal_flash_ex.o ABSOLUTE
    ../Drivers/STM32F1xx_HAL_Driver/Src/stm32f1xx_hal_gpio.c 0x00000000   Number         0  stm32f1xx_hal_gpio.o ABSOLUTE
    ../Drivers/STM32F1xx_HAL_Driver/Src/stm32f1xx_hal_gpio_ex.c 0x00000000   Number         0  stm32f1xx_hal_gpio_ex.o ABSOLUTE
    ../Drivers/STM32F1xx_HAL_Driver/Src/stm32f1xx_hal_pwr.c 0x00000000   Number         0  stm32f1xx_hal_pwr.o ABSOLUTE
    ../Drivers/STM32F1xx_HAL_Driver/Src/stm32f1xx_hal_rcc.c 0x00000000   Number         0  stm32f1xx_hal_rcc.o ABSOLUTE
    ../Drivers/STM32F1xx_HAL_Driver/Src/stm32f1xx_hal_rcc_ex.c 0x00000000   Number         0  stm32f1xx_hal_rcc_ex.o ABSOLUTE
    ../Drivers/STM32F1xx_HAL_Driver/Src/stm32f1xx_hal_tim.c 0x00000000   Number         0  stm32f1xx_hal_tim.o ABSOLUTE
    ../Drivers/STM32F1xx_HAL_Driver/Src/stm32f1xx_hal_tim_ex.c 0x00000000   Number         0  stm32f1xx_hal_tim_ex.o ABSOLUTE
    ../Drivers/STM32F1xx_HAL_Driver/Src/stm32f1xx_hal_uart.c 0x00000000   Number         0  stm32f1xx_hal_uart.o ABSOLUTE
    ../clib/microlib/division.c              0x00000000   Number         0  uidiv.o ABSOLUTE
    ../clib/microlib/division.c              0x00000000   Number         0  uldiv.o ABSOLUTE
    ../clib/microlib/errno.c                 0x00000000   Number         0  errno.o ABSOLUTE
    ../clib/microlib/init/entry.s            0x00000000   Number         0  entry12a.o ABSOLUTE
    ../clib/microlib/init/entry.s            0x00000000   Number         0  entry10a.o ABSOLUTE
    ../clib/microlib/init/entry.s            0x00000000   Number         0  entry11a.o ABSOLUTE
    ../clib/microlib/init/entry.s            0x00000000   Number         0  entry11b.o ABSOLUTE
    ../clib/microlib/init/entry.s            0x00000000   Number         0  entry10b.o ABSOLUTE
    ../clib/microlib/init/entry.s            0x00000000   Number         0  entry9b.o ABSOLUTE
    ../clib/microlib/init/entry.s            0x00000000   Number         0  entry9a.o ABSOLUTE
    ../clib/microlib/init/entry.s            0x00000000   Number         0  entry8b.o ABSOLUTE
    ../clib/microlib/init/entry.s            0x00000000   Number         0  entry.o ABSOLUTE
    ../clib/microlib/init/entry.s            0x00000000   Number         0  entry7b.o ABSOLUTE
    ../clib/microlib/init/entry.s            0x00000000   Number         0  entry7a.o ABSOLUTE
    ../clib/microlib/init/entry.s            0x00000000   Number         0  entry12b.o ABSOLUTE
    ../clib/microlib/init/entry.s            0x00000000   Number         0  entry5.o ABSOLUTE
    ../clib/microlib/init/entry.s            0x00000000   Number         0  entry2.o ABSOLUTE
    ../clib/microlib/init/entry.s            0x00000000   Number         0  entry8a.o ABSOLUTE
    ../clib/microlib/longlong.c              0x00000000   Number         0  llshl.o ABSOLUTE
    ../clib/microlib/longlong.c              0x00000000   Number         0  llsshr.o ABSOLUTE
    ../clib/microlib/longlong.c              0x00000000   Number         0  llushr.o ABSOLUTE
    ../clib/microlib/printf/printf.c         0x00000000   Number         0  printf3.o ABSOLUTE
    ../clib/microlib/printf/printf.c         0x00000000   Number         0  printf7.o ABSOLUTE
    ../clib/microlib/printf/printf.c         0x00000000   Number         0  printf4.o ABSOLUTE
    ../clib/microlib/printf/printf.c         0x00000000   Number         0  printf5.o ABSOLUTE
    ../clib/microlib/printf/printf.c         0x00000000   Number         0  printf0.o ABSOLUTE
    ../clib/microlib/printf/printf.c         0x00000000   Number         0  printf2.o ABSOLUTE
    ../clib/microlib/printf/printf.c         0x00000000   Number         0  printfa.o ABSOLUTE
    ../clib/microlib/printf/printf.c         0x00000000   Number         0  printf8.o ABSOLUTE
    ../clib/microlib/printf/printf.c         0x00000000   Number         0  printf6.o ABSOLUTE
    ../clib/microlib/printf/printf.c         0x00000000   Number         0  printfb.o ABSOLUTE
    ../clib/microlib/printf/printf.c         0x00000000   Number         0  printf1.o ABSOLUTE
    ../clib/microlib/printf/stubs.s          0x00000000   Number         0  stubs.o ABSOLUTE
    ../clib/microlib/stdio/streams.c         0x00000000   Number         0  stdout.o ABSOLUTE
    ../clib/microlib/string/memset.c         0x00000000   Number         0  memseta.o ABSOLUTE
    ../clib/microlib/string/strlen.c         0x00000000   Number         0  strlen.o ABSOLUTE
    ../clib/microlib/stubs.s                 0x00000000   Number         0  iusefp.o ABSOLUTE
    ../fplib/microlib/d2f.c                  0x00000000   Number         0  d2f.o ABSOLUTE
    ../fplib/microlib/f2d.c                  0x00000000   Number         0  f2d.o ABSOLUTE
    ../fplib/microlib/fpadd.c                0x00000000   Number         0  dadd.o ABSOLUTE
    ../fplib/microlib/fpadd.c                0x00000000   Number         0  fadd.o ABSOLUTE
    ../fplib/microlib/fpdiv.c                0x00000000   Number         0  fdiv.o ABSOLUTE
    ../fplib/microlib/fpdiv.c                0x00000000   Number         0  ddiv.o ABSOLUTE
    ../fplib/microlib/fpepilogue.c           0x00000000   Number         0  depilogue.o ABSOLUTE
    ../fplib/microlib/fpepilogue.c           0x00000000   Number         0  fepilogue.o ABSOLUTE
    ../fplib/microlib/fpfix.c                0x00000000   Number         0  ffixi.o ABSOLUTE
    ../fplib/microlib/fpfix.c                0x00000000   Number         0  ffixui.o ABSOLUTE
    ../fplib/microlib/fpfix.c                0x00000000   Number         0  dfixul.o ABSOLUTE
    ../fplib/microlib/fpflt.c                0x00000000   Number         0  dfltui.o ABSOLUTE
    ../fplib/microlib/fpflt.c                0x00000000   Number         0  ffltui.o ABSOLUTE
    ../fplib/microlib/fpflt.c                0x00000000   Number         0  fflti.o ABSOLUTE
    ../fplib/microlib/fpmul.c                0x00000000   Number         0  dmul.o ABSOLUTE
    ../fplib/microlib/fpmul.c                0x00000000   Number         0  fmul.o ABSOLUTE
    ../fplib/microlib/fprnd.c                0x00000000   Number         0  frnd.o ABSOLUTE
    ../fplib/microlib/fpscalb.c              0x00000000   Number         0  fscalb.o ABSOLUTE
    ../mathlib/fpclassifyf.c                 0x00000000   Number         0  fpclassifyf.o ABSOLUTE
    ../mathlib/funder.c                      0x00000000   Number         0  funder.o ABSOLUTE
    ../mathlib/rredf.c                       0x00000000   Number         0  rredf.o ABSOLUTE
    ../mathlib/sinf.c                        0x00000000   Number         0  sinf_x.o ABSOLUTE
    ../mathlib/sinf.c                        0x00000000   Number         0  sinf.o ABSOLUTE
    ..\Core\Src\adc.c                        0x00000000   Number         0  adc.o ABSOLUTE
    ..\Core\Src\can.c                        0x00000000   Number         0  can.o ABSOLUTE
    ..\Core\Src\dma.c                        0x00000000   Number         0  dma.o ABSOLUTE
    ..\Core\Src\gpio.c                       0x00000000   Number         0  gpio.o ABSOLUTE
    ..\Core\Src\main.c                       0x00000000   Number         0  main.o ABSOLUTE
    ..\Core\Src\stm32f1xx_hal_msp.c          0x00000000   Number         0  stm32f1xx_hal_msp.o ABSOLUTE
    ..\Core\Src\stm32f1xx_it.c               0x00000000   Number         0  stm32f1xx_it.o ABSOLUTE
    ..\Core\Src\system_stm32f1xx.c           0x00000000   Number         0  system_stm32f1xx.o ABSOLUTE
    ..\Core\Src\tim.c                        0x00000000   Number         0  tim.o ABSOLUTE
    ..\Core\Src\usart.c                      0x00000000   Number         0  usart.o ABSOLUTE
    ..\Drivers\STM32F1xx_HAL_Driver\Src\stm32f1xx_hal.c 0x00000000   Number         0  stm32f1xx_hal.o ABSOLUTE
    ..\Drivers\STM32F1xx_HAL_Driver\Src\stm32f1xx_hal_adc.c 0x00000000   Number         0  stm32f1xx_hal_adc.o ABSOLUTE
    ..\Drivers\STM32F1xx_HAL_Driver\Src\stm32f1xx_hal_adc_ex.c 0x00000000   Number         0  stm32f1xx_hal_adc_ex.o ABSOLUTE
    ..\Drivers\STM32F1xx_HAL_Driver\Src\stm32f1xx_hal_can.c 0x00000000   Number         0  stm32f1xx_hal_can.o ABSOLUTE
    ..\Drivers\STM32F1xx_HAL_Driver\Src\stm32f1xx_hal_cortex.c 0x00000000   Number         0  stm32f1xx_hal_cortex.o ABSOLUTE
    ..\Drivers\STM32F1xx_HAL_Driver\Src\stm32f1xx_hal_dma.c 0x00000000   Number         0  stm32f1xx_hal_dma.o ABSOLUTE
    ..\Drivers\STM32F1xx_HAL_Driver\Src\stm32f1xx_hal_exti.c 0x00000000   Number         0  stm32f1xx_hal_exti.o ABSOLUTE
    ..\Drivers\STM32F1xx_HAL_Driver\Src\stm32f1xx_hal_flash.c 0x00000000   Number         0  stm32f1xx_hal_flash.o ABSOLUTE
    ..\Drivers\STM32F1xx_HAL_Driver\Src\stm32f1xx_hal_flash_ex.c 0x00000000   Number         0  stm32f1xx_hal_flash_ex.o ABSOLUTE
    ..\Drivers\STM32F1xx_HAL_Driver\Src\stm32f1xx_hal_gpio.c 0x00000000   Number         0  stm32f1xx_hal_gpio.o ABSOLUTE
    ..\Drivers\STM32F1xx_HAL_Driver\Src\stm32f1xx_hal_gpio_ex.c 0x00000000   Number         0  stm32f1xx_hal_gpio_ex.o ABSOLUTE
    ..\Drivers\STM32F1xx_HAL_Driver\Src\stm32f1xx_hal_pwr.c 0x00000000   Number         0  stm32f1xx_hal_pwr.o ABSOLUTE
    ..\Drivers\STM32F1xx_HAL_Driver\Src\stm32f1xx_hal_rcc.c 0x00000000   Number         0  stm32f1xx_hal_rcc.o ABSOLUTE
    ..\Drivers\STM32F1xx_HAL_Driver\Src\stm32f1xx_hal_rcc_ex.c 0x00000000   Number         0  stm32f1xx_hal_rcc_ex.o ABSOLUTE
    ..\Drivers\STM32F1xx_HAL_Driver\Src\stm32f1xx_hal_tim.c 0x00000000   Number         0  stm32f1xx_hal_tim.o ABSOLUTE
    ..\Drivers\STM32F1xx_HAL_Driver\Src\stm32f1xx_hal_tim_ex.c 0x00000000   Number         0  stm32f1xx_hal_tim_ex.o ABSOLUTE
    ..\Drivers\STM32F1xx_HAL_Driver\Src\stm32f1xx_hal_uart.c 0x00000000   Number         0  stm32f1xx_hal_uart.o ABSOLUTE
    ..\Sourse_Library\1_SA_Library\SA_Delay.c 0x00000000   Number         0  sa_delay.o ABSOLUTE
    ..\Sourse_Library\1_SA_Library\SA_Key.c  0x00000000   Number         0  sa_key.o ABSOLUTE
    ..\Sourse_Library\1_SA_Library\SA_SoftIIC.c 0x00000000   Number         0  sa_softiic.o ABSOLUTE
    ..\Sourse_Library\1_SA_Library\SA_Usart.c 0x00000000   Number         0  sa_usart.o ABSOLUTE
    ..\Sourse_Library\1_SA_Library\SA_eulerangles.c 0x00000000   Number         0  sa_eulerangles.o ABSOLUTE
    ..\Sourse_Library\1_SA_Library\SA_karman.c 0x00000000   Number         0  sa_karman.o ABSOLUTE
    ..\Sourse_Library\1_SA_Library\SA_motor.c 0x00000000   Number         0  sa_motor.o ABSOLUTE
    ..\Sourse_Library\1_SA_Library\SA_pid.c  0x00000000   Number         0  sa_pid.o ABSOLUTE
    ..\Sourse_Library\1_SA_Library\SA_uppercpu.c 0x00000000   Number         0  sa_uppercpu.o ABSOLUTE
    ..\Sourse_Library\3_SA_Starup\common.c   0x00000000   Number         0  common.o ABSOLUTE
    ..\Sourse_Library\4_XMCyberGear_Libary\CyberGear_Communication.c 0x00000000   Number         0  cybergear_communication.o ABSOLUTE
    ..\Sourse_Library\4_XMCyberGear_Libary\CyberGear_Control.c 0x00000000   Number         0  cybergear_control.o ABSOLUTE
    ..\Sourse_Library\4_XMCyberGear_Libary\pc_communication.c 0x00000000   Number         0  pc_communication.o ABSOLUTE
    ..\\Sourse_Library\\1_SA_Library\\SA_Delay.c 0x00000000   Number         0  sa_delay.o ABSOLUTE
    ..\\Sourse_Library\\1_SA_Library\\SA_Key.c 0x00000000   Number         0  sa_key.o ABSOLUTE
    ..\\Sourse_Library\\1_SA_Library\\SA_SoftIIC.c 0x00000000   Number         0  sa_softiic.o ABSOLUTE
    ..\\Sourse_Library\\1_SA_Library\\SA_Usart.c 0x00000000   Number         0  sa_usart.o ABSOLUTE
    ..\\Sourse_Library\\1_SA_Library\\SA_motor.c 0x00000000   Number         0  sa_motor.o ABSOLUTE
    ..\\Sourse_Library\\4_XMCyberGear_Libary\\CyberGear_Control.c 0x00000000   Number         0  cybergear_control.o ABSOLUTE
    ..\\Sourse_Library\\4_XMCyberGear_Libary\\pc_communication.c 0x00000000   Number         0  pc_communication.o ABSOLUTE
    cdrcmple.s                               0x00000000   Number         0  cdrcmple.o ABSOLUTE
    cfcmple.s                                0x00000000   Number         0  cfcmple.o ABSOLUTE
    cfrcmple.s                               0x00000000   Number         0  cfrcmple.o ABSOLUTE
    dc.s                                     0x00000000   Number         0  dc.o ABSOLUTE
    handlers.s                               0x00000000   Number         0  handlers.o ABSOLUTE
    init.s                                   0x00000000   Number         0  init.o ABSOLUTE
    startup_stm32f103xe.s                    0x00000000   Number         0  startup_stm32f103xe.o ABSOLUTE
    RESET                                    0x08000000   Section      304  startup_stm32f103xe.o(RESET)
    .ARM.Collect$$$$00000000                 0x08000130   Section        0  entry.o(.ARM.Collect$$$$00000000)
    .ARM.Collect$$$$00000001                 0x08000130   Section        4  entry2.o(.ARM.Collect$$$$00000001)
    .ARM.Collect$$$$00000004                 0x08000134   Section        4  entry5.o(.ARM.Collect$$$$00000004)
    .ARM.Collect$$$$00000008                 0x08000138   Section        0  entry7b.o(.ARM.Collect$$$$00000008)
    .ARM.Collect$$$$0000000A                 0x08000138   Section        0  entry8b.o(.ARM.Collect$$$$0000000A)
    .ARM.Collect$$$$0000000B                 0x08000138   Section        8  entry9a.o(.ARM.Collect$$$$0000000B)
    .ARM.Collect$$$$0000000E                 0x08000140   Section        4  entry12b.o(.ARM.Collect$$$$0000000E)
    .ARM.Collect$$$$0000000F                 0x08000144   Section        0  entry10a.o(.ARM.Collect$$$$0000000F)
    .ARM.Collect$$$$00000011                 0x08000144   Section        0  entry11a.o(.ARM.Collect$$$$00000011)
    .ARM.Collect$$$$00002712                 0x08000144   Section        4  entry2.o(.ARM.Collect$$$$00002712)
    __lit__00000000                          0x08000144   Data           4  entry2.o(.ARM.Collect$$$$00002712)
    .text                                    0x08000148   Section       36  startup_stm32f103xe.o(.text)
    .text                                    0x0800016c   Section        0  llushr.o(.text)
    .text                                    0x0800018c   Section        0  memseta.o(.text)
    .text                                    0x080001b0   Section        0  fadd.o(.text)
    .text                                    0x08000260   Section        0  fmul.o(.text)
    .text                                    0x080002c4   Section        0  fdiv.o(.text)
    .text                                    0x08000340   Section        0  dmul.o(.text)
    .text                                    0x08000424   Section        0  ffltui.o(.text)
    .text                                    0x0800042e   Section        0  dfltui.o(.text)
    .text                                    0x08000448   Section        0  ffixui.o(.text)
    .text                                    0x08000470   Section        0  f2d.o(.text)
    .text                                    0x08000496   Section        0  d2f.o(.text)
    .text                                    0x080004ce   Section        0  uidiv.o(.text)
    .text                                    0x080004fa   Section        0  uldiv.o(.text)
    .text                                    0x0800055c   Section        0  fepilogue.o(.text)
    .text                                    0x0800055c   Section        0  iusefp.o(.text)
    .text                                    0x080005ca   Section        0  depilogue.o(.text)
    .text                                    0x08000684   Section        0  dadd.o(.text)
    .text                                    0x080007d2   Section        0  ddiv.o(.text)
    .text                                    0x080008b0   Section        0  dfixul.o(.text)
    .text                                    0x080008e0   Section       48  cdrcmple.o(.text)
    .text                                    0x08000910   Section       36  init.o(.text)
    .text                                    0x08000934   Section        0  llshl.o(.text)
    .text                                    0x08000952   Section        0  llsshr.o(.text)
    i.ADC_ConversionStop_Disable             0x08000978   Section        0  stm32f1xx_hal_adc.o(i.ADC_ConversionStop_Disable)
    i.BusFault_Handler                       0x080009ce   Section        0  stm32f1xx_it.o(i.BusFault_Handler)
    i.DMA1_Channel2_IRQHandler               0x080009d0   Section        0  stm32f1xx_it.o(i.DMA1_Channel2_IRQHandler)
    i.DMA1_Channel4_IRQHandler               0x080009dc   Section        0  stm32f1xx_it.o(i.DMA1_Channel4_IRQHandler)
    i.DebugMon_Handler                       0x080009e8   Section        0  stm32f1xx_it.o(i.DebugMon_Handler)
    i.Error_Handler                          0x080009ea   Section        0  main.o(i.Error_Handler)
    i.HAL_ADC_ConfigChannel                  0x080009f0   Section        0  stm32f1xx_hal_adc.o(i.HAL_ADC_ConfigChannel)
    i.HAL_ADC_Init                           0x08000aec   Section        0  stm32f1xx_hal_adc.o(i.HAL_ADC_Init)
    i.HAL_ADC_MspInit                        0x08000c0c   Section        0  adc.o(i.HAL_ADC_MspInit)
    i.HAL_CAN_AddTxMessage                   0x08000c64   Section        0  stm32f1xx_hal_can.o(i.HAL_CAN_AddTxMessage)
    i.HAL_CAN_ErrorCallback                  0x08000d34   Section        0  stm32f1xx_hal_can.o(i.HAL_CAN_ErrorCallback)
    i.HAL_CAN_GetRxMessage                   0x08000d36   Section        0  stm32f1xx_hal_can.o(i.HAL_CAN_GetRxMessage)
    i.HAL_CAN_IRQHandler                     0x08000e2a   Section        0  stm32f1xx_hal_can.o(i.HAL_CAN_IRQHandler)
    i.HAL_CAN_Init                           0x08001026   Section        0  stm32f1xx_hal_can.o(i.HAL_CAN_Init)
    i.HAL_CAN_MspInit                        0x08001140   Section        0  can.o(i.HAL_CAN_MspInit)
    i.HAL_CAN_RxFifo0FullCallback            0x080011bc   Section        0  stm32f1xx_hal_can.o(i.HAL_CAN_RxFifo0FullCallback)
    i.HAL_CAN_RxFifo0MsgPendingCallback      0x080011c0   Section        0  cybergear_control.o(i.HAL_CAN_RxFifo0MsgPendingCallback)
    i.HAL_CAN_RxFifo1FullCallback            0x080011f4   Section        0  stm32f1xx_hal_can.o(i.HAL_CAN_RxFifo1FullCallback)
    i.HAL_CAN_RxFifo1MsgPendingCallback      0x080011f6   Section        0  stm32f1xx_hal_can.o(i.HAL_CAN_RxFifo1MsgPendingCallback)
    i.HAL_CAN_SleepCallback                  0x080011f8   Section        0  stm32f1xx_hal_can.o(i.HAL_CAN_SleepCallback)
    i.HAL_CAN_Start                          0x080011fc   Section        0  stm32f1xx_hal_can.o(i.HAL_CAN_Start)
    i.HAL_CAN_TxMailbox0AbortCallback        0x08001254   Section        0  stm32f1xx_hal_can.o(i.HAL_CAN_TxMailbox0AbortCallback)
    i.HAL_CAN_TxMailbox0CompleteCallback     0x08001256   Section        0  stm32f1xx_hal_can.o(i.HAL_CAN_TxMailbox0CompleteCallback)
    i.HAL_CAN_TxMailbox1AbortCallback        0x08001258   Section        0  stm32f1xx_hal_can.o(i.HAL_CAN_TxMailbox1AbortCallback)
    i.HAL_CAN_TxMailbox1CompleteCallback     0x0800125a   Section        0  stm32f1xx_hal_can.o(i.HAL_CAN_TxMailbox1CompleteCallback)
    i.HAL_CAN_TxMailbox2AbortCallback        0x0800125c   Section        0  stm32f1xx_hal_can.o(i.HAL_CAN_TxMailbox2AbortCallback)
    i.HAL_CAN_TxMailbox2CompleteCallback     0x0800125e   Section        0  stm32f1xx_hal_can.o(i.HAL_CAN_TxMailbox2CompleteCallback)
    i.HAL_CAN_WakeUpFromRxMsgCallback        0x08001260   Section        0  stm32f1xx_hal_can.o(i.HAL_CAN_WakeUpFromRxMsgCallback)
    i.HAL_DMA_IRQHandler                     0x08001264   Section        0  stm32f1xx_hal_dma.o(i.HAL_DMA_IRQHandler)
    i.HAL_DMA_Init                           0x080014ac   Section        0  stm32f1xx_hal_dma.o(i.HAL_DMA_Init)
    i.HAL_Delay                              0x08001528   Section        0  stm32f1xx_hal.o(i.HAL_Delay)
    i.HAL_GPIO_Init                          0x0800154c   Section        0  stm32f1xx_hal_gpio.o(i.HAL_GPIO_Init)
    i.HAL_GPIO_ReadPin                       0x08001744   Section        0  stm32f1xx_hal_gpio.o(i.HAL_GPIO_ReadPin)
    i.HAL_GPIO_WritePin                      0x0800174e   Section        0  stm32f1xx_hal_gpio.o(i.HAL_GPIO_WritePin)
    i.HAL_GetTick                            0x08001758   Section        0  stm32f1xx_hal.o(i.HAL_GetTick)
    i.HAL_IncTick                            0x08001764   Section        0  stm32f1xx_hal.o(i.HAL_IncTick)
    i.HAL_Init                               0x08001774   Section        0  stm32f1xx_hal.o(i.HAL_Init)
    i.HAL_InitTick                           0x08001798   Section        0  stm32f1xx_hal.o(i.HAL_InitTick)
    i.HAL_MspInit                            0x080017d8   Section        0  stm32f1xx_hal_msp.o(i.HAL_MspInit)
    i.HAL_NVIC_EnableIRQ                     0x08001814   Section        0  stm32f1xx_hal_cortex.o(i.HAL_NVIC_EnableIRQ)
    i.HAL_NVIC_SetPriority                   0x08001830   Section        0  stm32f1xx_hal_cortex.o(i.HAL_NVIC_SetPriority)
    i.HAL_NVIC_SetPriorityGrouping           0x08001870   Section        0  stm32f1xx_hal_cortex.o(i.HAL_NVIC_SetPriorityGrouping)
    i.HAL_RCCEx_PeriphCLKConfig              0x08001894   Section        0  stm32f1xx_hal_rcc_ex.o(i.HAL_RCCEx_PeriphCLKConfig)
    i.HAL_RCC_ClockConfig                    0x08001980   Section        0  stm32f1xx_hal_rcc.o(i.HAL_RCC_ClockConfig)
    i.HAL_RCC_GetPCLK1Freq                   0x08001aac   Section        0  stm32f1xx_hal_rcc.o(i.HAL_RCC_GetPCLK1Freq)
    i.HAL_RCC_GetPCLK2Freq                   0x08001acc   Section        0  stm32f1xx_hal_rcc.o(i.HAL_RCC_GetPCLK2Freq)
    i.HAL_RCC_GetSysClockFreq                0x08001aec   Section        0  stm32f1xx_hal_rcc.o(i.HAL_RCC_GetSysClockFreq)
    i.HAL_RCC_OscConfig                      0x08001b38   Section        0  stm32f1xx_hal_rcc.o(i.HAL_RCC_OscConfig)
    i.HAL_SYSTICK_Config                     0x08001e58   Section        0  stm32f1xx_hal_cortex.o(i.HAL_SYSTICK_Config)
    i.HAL_TIMEx_BreakCallback                0x08001e80   Section        0  stm32f1xx_hal_tim_ex.o(i.HAL_TIMEx_BreakCallback)
    i.HAL_TIMEx_CommutCallback               0x08001e82   Section        0  stm32f1xx_hal_tim_ex.o(i.HAL_TIMEx_CommutCallback)
    i.HAL_TIMEx_ConfigBreakDeadTime          0x08001e84   Section        0  stm32f1xx_hal_tim_ex.o(i.HAL_TIMEx_ConfigBreakDeadTime)
    i.HAL_TIMEx_MasterConfigSynchronization  0x08001ed8   Section        0  stm32f1xx_hal_tim_ex.o(i.HAL_TIMEx_MasterConfigSynchronization)
    i.HAL_TIM_Base_Init                      0x08001f54   Section        0  stm32f1xx_hal_tim.o(i.HAL_TIM_Base_Init)
    i.HAL_TIM_Base_MspInit                   0x08001fb0   Section        0  tim.o(i.HAL_TIM_Base_MspInit)
    i.HAL_TIM_ConfigClockSource              0x08001fe8   Section        0  stm32f1xx_hal_tim.o(i.HAL_TIM_ConfigClockSource)
    i.HAL_TIM_IC_CaptureCallback             0x080020c4   Section        0  stm32f1xx_hal_tim.o(i.HAL_TIM_IC_CaptureCallback)
    i.HAL_TIM_IRQHandler                     0x080020c6   Section        0  stm32f1xx_hal_tim.o(i.HAL_TIM_IRQHandler)
    i.HAL_TIM_MspPostInit                    0x080021f8   Section        0  tim.o(i.HAL_TIM_MspPostInit)
    i.HAL_TIM_OC_DelayElapsedCallback        0x08002270   Section        0  stm32f1xx_hal_tim.o(i.HAL_TIM_OC_DelayElapsedCallback)
    i.HAL_TIM_PWM_ConfigChannel              0x08002272   Section        0  stm32f1xx_hal_tim.o(i.HAL_TIM_PWM_ConfigChannel)
    i.HAL_TIM_PWM_Init                       0x0800233e   Section        0  stm32f1xx_hal_tim.o(i.HAL_TIM_PWM_Init)
    i.HAL_TIM_PWM_MspInit                    0x08002398   Section        0  tim.o(i.HAL_TIM_PWM_MspInit)
    i.HAL_TIM_PWM_PulseFinishedCallback      0x080023d8   Section        0  stm32f1xx_hal_tim.o(i.HAL_TIM_PWM_PulseFinishedCallback)
    i.HAL_TIM_PeriodElapsedCallback          0x080023da   Section        0  main.o(i.HAL_TIM_PeriodElapsedCallback)
    i.HAL_TIM_TriggerCallback                0x080023dc   Section        0  stm32f1xx_hal_tim.o(i.HAL_TIM_TriggerCallback)
    i.HAL_UART_Init                          0x080023de   Section        0  stm32f1xx_hal_uart.o(i.HAL_UART_Init)
    i.HAL_UART_MspInit                       0x08002444   Section        0  usart.o(i.HAL_UART_MspInit)
    i.HAL_UART_Transmit                      0x08002574   Section        0  stm32f1xx_hal_uart.o(i.HAL_UART_Transmit)
    i.HardFault_Handler                      0x08002614   Section        0  stm32f1xx_it.o(i.HardFault_Handler)
    i.Init_Cyber                             0x08002618   Section        0  cybergear_control.o(i.Init_Cyber)
    i.MX_ADC1_Init                           0x08002640   Section        0  adc.o(i.MX_ADC1_Init)
    i.MX_CAN_Init                            0x08002690   Section        0  can.o(i.MX_CAN_Init)
    i.MX_DMA_Init                            0x080026d4   Section        0  dma.o(i.MX_DMA_Init)
    i.MX_GPIO_Init                           0x08002710   Section        0  gpio.o(i.MX_GPIO_Init)
    i.MX_TIM2_Init                           0x08002814   Section        0  tim.o(i.MX_TIM2_Init)
    i.MX_TIM5_Init                           0x0800287c   Section        0  tim.o(i.MX_TIM5_Init)
    i.MX_TIM8_Init                           0x080028fc   Section        0  tim.o(i.MX_TIM8_Init)
    i.MX_USART1_UART_Init                    0x08002998   Section        0  usart.o(i.MX_USART1_UART_Init)
    i.MX_USART3_UART_Init                    0x080029d0   Section        0  usart.o(i.MX_USART3_UART_Init)
    i.MemManage_Handler                      0x08002a08   Section        0  stm32f1xx_it.o(i.MemManage_Handler)
    i.Motor_Data_Handler                     0x08002a0c   Section        0  cybergear_control.o(i.Motor_Data_Handler)
    i.NMI_Handler                            0x08002a84   Section        0  stm32f1xx_it.o(i.NMI_Handler)
    i.PendSV_Handler                         0x08002a86   Section        0  stm32f1xx_it.o(i.PendSV_Handler)
    i.SVC_Handler                            0x08002a88   Section        0  stm32f1xx_it.o(i.SVC_Handler)
    i.Set_Cyber_Mode                         0x08002a8a   Section        0  cybergear_control.o(i.Set_Cyber_Mode)
    i.Set_Cyber_Parameter                    0x08002aa8   Section        0  cybergear_control.o(i.Set_Cyber_Parameter)
    i.Set_Cyber_Pos                          0x08002b04   Section        0  cybergear_control.o(i.Set_Cyber_Pos)
    i.Set_Cyber_limitSp                      0x08002b34   Section        0  cybergear_control.o(i.Set_Cyber_limitSp)
    i.Start_Cyber                            0x08002b4c   Section        0  cybergear_control.o(i.Start_Cyber)
    i.Stop_Cyber                             0x08002b7c   Section        0  cybergear_control.o(i.Stop_Cyber)
    i.SysTick_Handler                        0x08002bac   Section        0  stm32f1xx_it.o(i.SysTick_Handler)
    i.SystemClock_Config                     0x08002bb0   Section        0  main.o(i.SystemClock_Config)
    i.SystemInit                             0x08002c2a   Section        0  system_stm32f1xx.o(i.SystemInit)
    i.TIM2_IRQHandler                        0x08002c2c   Section        0  stm32f1xx_it.o(i.TIM2_IRQHandler)
    i.TIM_Base_SetConfig                     0x08002c38   Section        0  stm32f1xx_hal_tim.o(i.TIM_Base_SetConfig)
    i.TIM_ETR_SetConfig                      0x08002cd4   Section        0  stm32f1xx_hal_tim.o(i.TIM_ETR_SetConfig)
    i.TIM_ITRx_SetConfig                     0x08002ce8   Section        0  stm32f1xx_hal_tim.o(i.TIM_ITRx_SetConfig)
    TIM_ITRx_SetConfig                       0x08002ce9   Thumb Code    16  stm32f1xx_hal_tim.o(i.TIM_ITRx_SetConfig)
    i.TIM_OC1_SetConfig                      0x08002cf8   Section        0  stm32f1xx_hal_tim.o(i.TIM_OC1_SetConfig)
    TIM_OC1_SetConfig                        0x08002cf9   Thumb Code    88  stm32f1xx_hal_tim.o(i.TIM_OC1_SetConfig)
    i.TIM_OC2_SetConfig                      0x08002d58   Section        0  stm32f1xx_hal_tim.o(i.TIM_OC2_SetConfig)
    i.TIM_OC3_SetConfig                      0x08002dc4   Section        0  stm32f1xx_hal_tim.o(i.TIM_OC3_SetConfig)
    TIM_OC3_SetConfig                        0x08002dc5   Thumb Code    96  stm32f1xx_hal_tim.o(i.TIM_OC3_SetConfig)
    i.TIM_OC4_SetConfig                      0x08002e2c   Section        0  stm32f1xx_hal_tim.o(i.TIM_OC4_SetConfig)
    TIM_OC4_SetConfig                        0x08002e2d   Thumb Code    70  stm32f1xx_hal_tim.o(i.TIM_OC4_SetConfig)
    i.TIM_TI1_ConfigInputStage               0x08002e7c   Section        0  stm32f1xx_hal_tim.o(i.TIM_TI1_ConfigInputStage)
    TIM_TI1_ConfigInputStage                 0x08002e7d   Thumb Code    34  stm32f1xx_hal_tim.o(i.TIM_TI1_ConfigInputStage)
    i.TIM_TI2_ConfigInputStage               0x08002e9e   Section        0  stm32f1xx_hal_tim.o(i.TIM_TI2_ConfigInputStage)
    TIM_TI2_ConfigInputStage                 0x08002e9f   Thumb Code    36  stm32f1xx_hal_tim.o(i.TIM_TI2_ConfigInputStage)
    i.UART_EndRxTransfer                     0x08002ec2   Section        0  stm32f1xx_hal_uart.o(i.UART_EndRxTransfer)
    UART_EndRxTransfer                       0x08002ec3   Thumb Code    78  stm32f1xx_hal_uart.o(i.UART_EndRxTransfer)
    i.UART_SetConfig                         0x08002f10   Section        0  stm32f1xx_hal_uart.o(i.UART_SetConfig)
    UART_SetConfig                           0x08002f11   Thumb Code   178  stm32f1xx_hal_uart.o(i.UART_SetConfig)
    i.UART_WaitOnFlagUntilTimeout            0x08002fc8   Section        0  stm32f1xx_hal_uart.o(i.UART_WaitOnFlagUntilTimeout)
    UART_WaitOnFlagUntilTimeout              0x08002fc9   Thumb Code   114  stm32f1xx_hal_uart.o(i.UART_WaitOnFlagUntilTimeout)
    i.USB_LP_CAN1_RX0_IRQHandler             0x0800303c   Section        0  stm32f1xx_it.o(i.USB_LP_CAN1_RX0_IRQHandler)
    i.UsageFault_Handler                     0x08003048   Section        0  stm32f1xx_it.o(i.UsageFault_Handler)
    i.__0printf                              0x0800304c   Section        0  printfa.o(i.__0printf)
    i.__NVIC_SetPriority                     0x0800306c   Section        0  stm32f1xx_hal_cortex.o(i.__NVIC_SetPriority)
    __NVIC_SetPriority                       0x0800306d   Thumb Code    32  stm32f1xx_hal_cortex.o(i.__NVIC_SetPriority)
    i.__scatterload_copy                     0x0800308c   Section       14  handlers.o(i.__scatterload_copy)
    i.__scatterload_null                     0x0800309a   Section        2  handlers.o(i.__scatterload_null)
    i.__scatterload_zeroinit                 0x0800309c   Section       14  handlers.o(i.__scatterload_zeroinit)
    i._fp_digits                             0x080030ac   Section        0  printfa.o(i._fp_digits)
    _fp_digits                               0x080030ad   Thumb Code   366  printfa.o(i._fp_digits)
    i._printf_core                           0x08003230   Section        0  printfa.o(i._printf_core)
    _printf_core                             0x08003231   Thumb Code  1704  printfa.o(i._printf_core)
    i._printf_post_padding                   0x080038e4   Section        0  printfa.o(i._printf_post_padding)
    _printf_post_padding                     0x080038e5   Thumb Code    36  printfa.o(i._printf_post_padding)
    i._printf_pre_padding                    0x08003908   Section        0  printfa.o(i._printf_pre_padding)
    _printf_pre_padding                      0x08003909   Thumb Code    46  printfa.o(i._printf_pre_padding)
    i.fputc                                  0x08003938   Section        0  sa_usart.o(i.fputc)
    i.get_key_num                            0x08003954   Section        0  sa_key.o(i.get_key_num)
    i.main                                   0x0800399c   Section        0  main.o(i.main)
    i.uint16_to_float                        0x08003a88   Section        0  cybergear_control.o(i.uint16_to_float)
    .constdata                               0x08003ac2   Section       18  stm32f1xx_hal_rcc.o(.constdata)
    aPredivFactorTable                       0x08003ac2   Data           2  stm32f1xx_hal_rcc.o(.constdata)
    aPLLMULFactorTable                       0x08003ac4   Data          16  stm32f1xx_hal_rcc.o(.constdata)
    .constdata                               0x08003ad4   Section       16  system_stm32f1xx.o(.constdata)
    .constdata                               0x08003ae4   Section        8  system_stm32f1xx.o(.constdata)
    .data                                    0x20000000   Section        8  main.o(.data)
    .data                                    0x20000008   Section       12  stm32f1xx_hal.o(.data)
    .data                                    0x20000014   Section        4  system_stm32f1xx.o(.data)
    .data                                    0x20000018   Section       16  cybergear_control.o(.data)
    .data                                    0x20000028   Section        4  stdout.o(.data)
    .bss                                     0x2000002c   Section       48  adc.o(.bss)
    .bss                                     0x2000005c   Section       40  can.o(.bss)
    .bss                                     0x20000084   Section      216  tim.o(.bss)
    .bss                                     0x2000015c   Section      280  usart.o(.bss)
    .bss                                     0x20000274   Section      160  cybergear_control.o(.bss)
    STACK                                    0x20000318   Section     1024  startup_stm32f103xe.o(STACK)

    Global Symbols

    Symbol Name                              Value     Ov Type        Size  Object(Section)

    BuildAttributes$$THM_ISAv4$P$D$K$B$S$PE$A:L22UL41UL21$X:L11$S22US41US21$IEEE1$IW$USESV6$~STKCKD$USESV7$~SHL$OTIME$ROPI$IEEEX$EBA8$MICROLIB$REQ8$PRES8$EABIv2 0x00000000   Number         0  anon$$obj.o ABSOLUTE
    __ARM_use_no_argv                        0x00000000   Number         0  main.o ABSOLUTE
    _printf_a                                0x00000000   Number         0  stubs.o ABSOLUTE
    _printf_c                                0x00000000   Number         0  stubs.o ABSOLUTE
    _printf_charcount                        0x00000000   Number         0  stubs.o ABSOLUTE
    _printf_d                                0x00000000   Number         0  stubs.o ABSOLUTE
    _printf_e                                0x00000000   Number         0  stubs.o ABSOLUTE
    _printf_f                                0x00000000   Number         0  stubs.o ABSOLUTE
    _printf_flags                            0x00000000   Number         0  stubs.o ABSOLUTE
    _printf_fp_dec                           0x00000000   Number         0  stubs.o ABSOLUTE
    _printf_fp_hex                           0x00000000   Number         0  stubs.o ABSOLUTE
    _printf_g                                0x00000000   Number         0  stubs.o ABSOLUTE
    _printf_i                                0x00000000   Number         0  stubs.o ABSOLUTE
    _printf_int_dec                          0x00000000   Number         0  stubs.o ABSOLUTE
    _printf_l                                0x00000000   Number         0  stubs.o ABSOLUTE
    _printf_lc                               0x00000000   Number         0  stubs.o ABSOLUTE
    _printf_ll                               0x00000000   Number         0  stubs.o ABSOLUTE
    _printf_lld                              0x00000000   Number         0  stubs.o ABSOLUTE
    _printf_lli                              0x00000000   Number         0  stubs.o ABSOLUTE
    _printf_llo                              0x00000000   Number         0  stubs.o ABSOLUTE
    _printf_llu                              0x00000000   Number         0  stubs.o ABSOLUTE
    _printf_llx                              0x00000000   Number         0  stubs.o ABSOLUTE
    _printf_longlong_dec                     0x00000000   Number         0  stubs.o ABSOLUTE
    _printf_longlong_hex                     0x00000000   Number         0  stubs.o ABSOLUTE
    _printf_longlong_oct                     0x00000000   Number         0  stubs.o ABSOLUTE
    _printf_ls                               0x00000000   Number         0  stubs.o ABSOLUTE
    _printf_mbtowc                           0x00000000   Number         0  stubs.o ABSOLUTE
    _printf_n                                0x00000000   Number         0  stubs.o ABSOLUTE
    _printf_o                                0x00000000   Number         0  stubs.o ABSOLUTE
    _printf_p                                0x00000000   Number         0  stubs.o ABSOLUTE
    _printf_percent                          0x00000000   Number         0  stubs.o ABSOLUTE
    _printf_pre_padding                      0x00000000   Number         0  stubs.o ABSOLUTE
    _printf_return_value                     0x00000000   Number         0  stubs.o ABSOLUTE
    _printf_s                                0x00000000   Number         0  stubs.o ABSOLUTE
    _printf_sizespec                         0x00000000   Number         0  stubs.o ABSOLUTE
    _printf_str                              0x00000000   Number         0  stubs.o ABSOLUTE
    _printf_truncate_signed                  0x00000000   Number         0  stubs.o ABSOLUTE
    _printf_truncate_unsigned                0x00000000   Number         0  stubs.o ABSOLUTE
    _printf_u                                0x00000000   Number         0  stubs.o ABSOLUTE
    _printf_wc                               0x00000000   Number         0  stubs.o ABSOLUTE
    _printf_wctomb                           0x00000000   Number         0  stubs.o ABSOLUTE
    _printf_widthprec                        0x00000000   Number         0  stubs.o ABSOLUTE
    _printf_x                                0x00000000   Number         0  stubs.o ABSOLUTE
    __arm_fini_                               - Undefined Weak Reference
    __cpp_initialize__aeabi_                  - Undefined Weak Reference
    __cxa_finalize                            - Undefined Weak Reference
    __decompress                              - Undefined Weak Reference
    _clock_init                               - Undefined Weak Reference
    _microlib_exit                            - Undefined Weak Reference
    __Vectors_Size                           0x00000130   Number         0  startup_stm32f103xe.o ABSOLUTE
    __Vectors                                0x08000000   Data           4  startup_stm32f103xe.o(RESET)
    __Vectors_End                            0x08000130   Data           0  startup_stm32f103xe.o(RESET)
    __main                                   0x08000131   Thumb Code     0  entry.o(.ARM.Collect$$$$00000000)
    _main_stk                                0x08000131   Thumb Code     0  entry2.o(.ARM.Collect$$$$00000001)
    _main_scatterload                        0x08000135   Thumb Code     0  entry5.o(.ARM.Collect$$$$00000004)
    __main_after_scatterload                 0x08000139   Thumb Code     0  entry5.o(.ARM.Collect$$$$00000004)
    _main_clock                              0x08000139   Thumb Code     0  entry7b.o(.ARM.Collect$$$$00000008)
    _main_cpp_init                           0x08000139   Thumb Code     0  entry8b.o(.ARM.Collect$$$$0000000A)
    _main_init                               0x08000139   Thumb Code     0  entry9a.o(.ARM.Collect$$$$0000000B)
    __rt_lib_shutdown_fini                   0x08000141   Thumb Code     0  entry12b.o(.ARM.Collect$$$$0000000E)
    __rt_final_cpp                           0x08000145   Thumb Code     0  entry10a.o(.ARM.Collect$$$$0000000F)
    __rt_final_exit                          0x08000145   Thumb Code     0  entry11a.o(.ARM.Collect$$$$00000011)
    Reset_Handler                            0x08000149   Thumb Code     8  startup_stm32f103xe.o(.text)
    ADC1_2_IRQHandler                        0x08000163   Thumb Code     0  startup_stm32f103xe.o(.text)
    ADC3_IRQHandler                          0x08000163   Thumb Code     0  startup_stm32f103xe.o(.text)
    CAN1_RX1_IRQHandler                      0x08000163   Thumb Code     0  startup_stm32f103xe.o(.text)
    CAN1_SCE_IRQHandler                      0x08000163   Thumb Code     0  startup_stm32f103xe.o(.text)
    DMA1_Channel1_IRQHandler                 0x08000163   Thumb Code     0  startup_stm32f103xe.o(.text)
    DMA1_Channel3_IRQHandler                 0x08000163   Thumb Code     0  startup_stm32f103xe.o(.text)
    DMA1_Channel5_IRQHandler                 0x08000163   Thumb Code     0  startup_stm32f103xe.o(.text)
    DMA1_Channel6_IRQHandler                 0x08000163   Thumb Code     0  startup_stm32f103xe.o(.text)
    DMA1_Channel7_IRQHandler                 0x08000163   Thumb Code     0  startup_stm32f103xe.o(.text)
    DMA2_Channel1_IRQHandler                 0x08000163   Thumb Code     0  startup_stm32f103xe.o(.text)
    DMA2_Channel2_IRQHandler                 0x08000163   Thumb Code     0  startup_stm32f103xe.o(.text)
    DMA2_Channel3_IRQHandler                 0x08000163   Thumb Code     0  startup_stm32f103xe.o(.text)
    DMA2_Channel4_5_IRQHandler               0x08000163   Thumb Code     0  startup_stm32f103xe.o(.text)
    EXTI0_IRQHandler                         0x08000163   Thumb Code     0  startup_stm32f103xe.o(.text)
    EXTI15_10_IRQHandler                     0x08000163   Thumb Code     0  startup_stm32f103xe.o(.text)
    EXTI1_IRQHandler                         0x08000163   Thumb Code     0  startup_stm32f103xe.o(.text)
    EXTI2_IRQHandler                         0x08000163   Thumb Code     0  startup_stm32f103xe.o(.text)
    EXTI3_IRQHandler                         0x08000163   Thumb Code     0  startup_stm32f103xe.o(.text)
    EXTI4_IRQHandler                         0x08000163   Thumb Code     0  startup_stm32f103xe.o(.text)
    EXTI9_5_IRQHandler                       0x08000163   Thumb Code     0  startup_stm32f103xe.o(.text)
    FLASH_IRQHandler                         0x08000163   Thumb Code     0  startup_stm32f103xe.o(.text)
    FSMC_IRQHandler                          0x08000163   Thumb Code     0  startup_stm32f103xe.o(.text)
    I2C1_ER_IRQHandler                       0x08000163   Thumb Code     0  startup_stm32f103xe.o(.text)
    I2C1_EV_IRQHandler                       0x08000163   Thumb Code     0  startup_stm32f103xe.o(.text)
    I2C2_ER_IRQHandler                       0x08000163   Thumb Code     0  startup_stm32f103xe.o(.text)
    I2C2_EV_IRQHandler                       0x08000163   Thumb Code     0  startup_stm32f103xe.o(.text)
    PVD_IRQHandler                           0x08000163   Thumb Code     0  startup_stm32f103xe.o(.text)
    RCC_IRQHandler                           0x08000163   Thumb Code     0  startup_stm32f103xe.o(.text)
    RTC_Alarm_IRQHandler                     0x08000163   Thumb Code     0  startup_stm32f103xe.o(.text)
    RTC_IRQHandler                           0x08000163   Thumb Code     0  startup_stm32f103xe.o(.text)
    SDIO_IRQHandler                          0x08000163   Thumb Code     0  startup_stm32f103xe.o(.text)
    SPI1_IRQHandler                          0x08000163   Thumb Code     0  startup_stm32f103xe.o(.text)
    SPI2_IRQHandler                          0x08000163   Thumb Code     0  startup_stm32f103xe.o(.text)
    SPI3_IRQHandler                          0x08000163   Thumb Code     0  startup_stm32f103xe.o(.text)
    TAMPER_IRQHandler                        0x08000163   Thumb Code     0  startup_stm32f103xe.o(.text)
    TIM1_BRK_IRQHandler                      0x08000163   Thumb Code     0  startup_stm32f103xe.o(.text)
    TIM1_CC_IRQHandler                       0x08000163   Thumb Code     0  startup_stm32f103xe.o(.text)
    TIM1_TRG_COM_IRQHandler                  0x08000163   Thumb Code     0  startup_stm32f103xe.o(.text)
    TIM1_UP_IRQHandler                       0x08000163   Thumb Code     0  startup_stm32f103xe.o(.text)
    TIM3_IRQHandler                          0x08000163   Thumb Code     0  startup_stm32f103xe.o(.text)
    TIM4_IRQHandler                          0x08000163   Thumb Code     0  startup_stm32f103xe.o(.text)
    TIM5_IRQHandler                          0x08000163   Thumb Code     0  startup_stm32f103xe.o(.text)
    TIM6_IRQHandler                          0x08000163   Thumb Code     0  startup_stm32f103xe.o(.text)
    TIM7_IRQHandler                          0x08000163   Thumb Code     0  startup_stm32f103xe.o(.text)
    TIM8_BRK_IRQHandler                      0x08000163   Thumb Code     0  startup_stm32f103xe.o(.text)
    TIM8_CC_IRQHandler                       0x08000163   Thumb Code     0  startup_stm32f103xe.o(.text)
    TIM8_TRG_COM_IRQHandler                  0x08000163   Thumb Code     0  startup_stm32f103xe.o(.text)
    TIM8_UP_IRQHandler                       0x08000163   Thumb Code     0  startup_stm32f103xe.o(.text)
    UART4_IRQHandler                         0x08000163   Thumb Code     0  startup_stm32f103xe.o(.text)
    UART5_IRQHandler                         0x08000163   Thumb Code     0  startup_stm32f103xe.o(.text)
    USART1_IRQHandler                        0x08000163   Thumb Code     0  startup_stm32f103xe.o(.text)
    USART2_IRQHandler                        0x08000163   Thumb Code     0  startup_stm32f103xe.o(.text)
    USART3_IRQHandler                        0x08000163   Thumb Code     0  startup_stm32f103xe.o(.text)
    USBWakeUp_IRQHandler                     0x08000163   Thumb Code     0  startup_stm32f103xe.o(.text)
    USB_HP_CAN1_TX_IRQHandler                0x08000163   Thumb Code     0  startup_stm32f103xe.o(.text)
    WWDG_IRQHandler                          0x08000163   Thumb Code     0  startup_stm32f103xe.o(.text)
    __aeabi_llsr                             0x0800016d   Thumb Code    32  llushr.o(.text)
    _ll_ushift_r                             0x0800016d   Thumb Code     0  llushr.o(.text)
    __aeabi_memset                           0x0800018d   Thumb Code    14  memseta.o(.text)
    __aeabi_memset4                          0x0800018d   Thumb Code     0  memseta.o(.text)
    __aeabi_memset8                          0x0800018d   Thumb Code     0  memseta.o(.text)
    __aeabi_memclr                           0x0800019b   Thumb Code     4  memseta.o(.text)
    __aeabi_memclr4                          0x0800019b   Thumb Code     0  memseta.o(.text)
    __aeabi_memclr8                          0x0800019b   Thumb Code     0  memseta.o(.text)
    _memset$wrapper                          0x0800019f   Thumb Code    18  memseta.o(.text)
    __aeabi_fadd                             0x080001b1   Thumb Code   164  fadd.o(.text)
    __aeabi_fsub                             0x08000255   Thumb Code     6  fadd.o(.text)
    __aeabi_frsub                            0x0800025b   Thumb Code     6  fadd.o(.text)
    __aeabi_fmul                             0x08000261   Thumb Code   100  fmul.o(.text)
    __aeabi_fdiv                             0x080002c5   Thumb Code   124  fdiv.o(.text)
    __aeabi_dmul                             0x08000341   Thumb Code   228  dmul.o(.text)
    __aeabi_ui2f                             0x08000425   Thumb Code    10  ffltui.o(.text)
    __aeabi_ui2d                             0x0800042f   Thumb Code    26  dfltui.o(.text)
    __aeabi_f2uiz                            0x08000449   Thumb Code    40  ffixui.o(.text)
    __aeabi_f2d                              0x08000471   Thumb Code    38  f2d.o(.text)
    __aeabi_d2f                              0x08000497   Thumb Code    56  d2f.o(.text)
    __aeabi_uidiv                            0x080004cf   Thumb Code     0  uidiv.o(.text)
    __aeabi_uidivmod                         0x080004cf   Thumb Code    44  uidiv.o(.text)
    __aeabi_uldivmod                         0x080004fb   Thumb Code    98  uldiv.o(.text)
    __I$use$fp                               0x0800055d   Thumb Code     0  iusefp.o(.text)
    _float_round                             0x0800055d   Thumb Code    18  fepilogue.o(.text)
    _float_epilogue                          0x0800056f   Thumb Code    92  fepilogue.o(.text)
    _double_round                            0x080005cb   Thumb Code    30  depilogue.o(.text)
    _double_epilogue                         0x080005e9   Thumb Code   156  depilogue.o(.text)
    __aeabi_dadd                             0x08000685   Thumb Code   322  dadd.o(.text)
    __aeabi_dsub                             0x080007c7   Thumb Code     6  dadd.o(.text)
    __aeabi_drsub                            0x080007cd   Thumb Code     6  dadd.o(.text)
    __aeabi_ddiv                             0x080007d3   Thumb Code   222  ddiv.o(.text)
    __aeabi_d2ulz                            0x080008b1   Thumb Code    48  dfixul.o(.text)
    __aeabi_cdrcmple                         0x080008e1   Thumb Code    48  cdrcmple.o(.text)
    __scatterload                            0x08000911   Thumb Code    28  init.o(.text)
    __scatterload_rt2                        0x08000911   Thumb Code     0  init.o(.text)
    __aeabi_llsl                             0x08000935   Thumb Code    30  llshl.o(.text)
    _ll_shift_l                              0x08000935   Thumb Code     0  llshl.o(.text)
    __aeabi_lasr                             0x08000953   Thumb Code    36  llsshr.o(.text)
    _ll_sshift_r                             0x08000953   Thumb Code     0  llsshr.o(.text)
    ADC_ConversionStop_Disable               0x08000979   Thumb Code    86  stm32f1xx_hal_adc.o(i.ADC_ConversionStop_Disable)
    BusFault_Handler                         0x080009cf   Thumb Code     2  stm32f1xx_it.o(i.BusFault_Handler)
    DMA1_Channel2_IRQHandler                 0x080009d1   Thumb Code     6  stm32f1xx_it.o(i.DMA1_Channel2_IRQHandler)
    DMA1_Channel4_IRQHandler                 0x080009dd   Thumb Code     6  stm32f1xx_it.o(i.DMA1_Channel4_IRQHandler)
    DebugMon_Handler                         0x080009e9   Thumb Code     2  stm32f1xx_it.o(i.DebugMon_Handler)
    Error_Handler                            0x080009eb   Thumb Code     4  main.o(i.Error_Handler)
    HAL_ADC_ConfigChannel                    0x080009f1   Thumb Code   240  stm32f1xx_hal_adc.o(i.HAL_ADC_ConfigChannel)
    HAL_ADC_Init                             0x08000aed   Thumb Code   272  stm32f1xx_hal_adc.o(i.HAL_ADC_Init)
    HAL_ADC_MspInit                          0x08000c0d   Thumb Code    76  adc.o(i.HAL_ADC_MspInit)
    HAL_CAN_AddTxMessage                     0x08000c65   Thumb Code   208  stm32f1xx_hal_can.o(i.HAL_CAN_AddTxMessage)
    HAL_CAN_ErrorCallback                    0x08000d35   Thumb Code     2  stm32f1xx_hal_can.o(i.HAL_CAN_ErrorCallback)
    HAL_CAN_GetRxMessage                     0x08000d37   Thumb Code   244  stm32f1xx_hal_can.o(i.HAL_CAN_GetRxMessage)
    HAL_CAN_IRQHandler                       0x08000e2b   Thumb Code   508  stm32f1xx_hal_can.o(i.HAL_CAN_IRQHandler)
    HAL_CAN_Init                             0x08001027   Thumb Code   282  stm32f1xx_hal_can.o(i.HAL_CAN_Init)
    HAL_CAN_MspInit                          0x08001141   Thumb Code   112  can.o(i.HAL_CAN_MspInit)
    HAL_CAN_RxFifo0FullCallback              0x080011bd   Thumb Code     2  stm32f1xx_hal_can.o(i.HAL_CAN_RxFifo0FullCallback)
    HAL_CAN_RxFifo0MsgPendingCallback        0x080011c1   Thumb Code    40  cybergear_control.o(i.HAL_CAN_RxFifo0MsgPendingCallback)
    HAL_CAN_RxFifo1FullCallback              0x080011f5   Thumb Code     2  stm32f1xx_hal_can.o(i.HAL_CAN_RxFifo1FullCallback)
    HAL_CAN_RxFifo1MsgPendingCallback        0x080011f7   Thumb Code     2  stm32f1xx_hal_can.o(i.HAL_CAN_RxFifo1MsgPendingCallback)
    HAL_CAN_SleepCallback                    0x080011f9   Thumb Code     2  stm32f1xx_hal_can.o(i.HAL_CAN_SleepCallback)
    HAL_CAN_Start                            0x080011fd   Thumb Code    88  stm32f1xx_hal_can.o(i.HAL_CAN_Start)
    HAL_CAN_TxMailbox0AbortCallback          0x08001255   Thumb Code     2  stm32f1xx_hal_can.o(i.HAL_CAN_TxMailbox0AbortCallback)
    HAL_CAN_TxMailbox0CompleteCallback       0x08001257   Thumb Code     2  stm32f1xx_hal_can.o(i.HAL_CAN_TxMailbox0CompleteCallback)
    HAL_CAN_TxMailbox1AbortCallback          0x08001259   Thumb Code     2  stm32f1xx_hal_can.o(i.HAL_CAN_TxMailbox1AbortCallback)
    HAL_CAN_TxMailbox1CompleteCallback       0x0800125b   Thumb Code     2  stm32f1xx_hal_can.o(i.HAL_CAN_TxMailbox1CompleteCallback)
    HAL_CAN_TxMailbox2AbortCallback          0x0800125d   Thumb Code     2  stm32f1xx_hal_can.o(i.HAL_CAN_TxMailbox2AbortCallback)
    HAL_CAN_TxMailbox2CompleteCallback       0x0800125f   Thumb Code     2  stm32f1xx_hal_can.o(i.HAL_CAN_TxMailbox2CompleteCallback)
    HAL_CAN_WakeUpFromRxMsgCallback          0x08001261   Thumb Code     2  stm32f1xx_hal_can.o(i.HAL_CAN_WakeUpFromRxMsgCallback)
    HAL_DMA_IRQHandler                       0x08001265   Thumb Code   552  stm32f1xx_hal_dma.o(i.HAL_DMA_IRQHandler)
    HAL_DMA_Init                             0x080014ad   Thumb Code   112  stm32f1xx_hal_dma.o(i.HAL_DMA_Init)
    HAL_Delay                                0x08001529   Thumb Code    32  stm32f1xx_hal.o(i.HAL_Delay)
    HAL_GPIO_Init                            0x0800154d   Thumb Code   462  stm32f1xx_hal_gpio.o(i.HAL_GPIO_Init)
    HAL_GPIO_ReadPin                         0x08001745   Thumb Code    10  stm32f1xx_hal_gpio.o(i.HAL_GPIO_ReadPin)
    HAL_GPIO_WritePin                        0x0800174f   Thumb Code    10  stm32f1xx_hal_gpio.o(i.HAL_GPIO_WritePin)
    HAL_GetTick                              0x08001759   Thumb Code     6  stm32f1xx_hal.o(i.HAL_GetTick)
    HAL_IncTick                              0x08001765   Thumb Code    12  stm32f1xx_hal.o(i.HAL_IncTick)
    HAL_Init                                 0x08001775   Thumb Code    32  stm32f1xx_hal.o(i.HAL_Init)
    HAL_InitTick                             0x08001799   Thumb Code    54  stm32f1xx_hal.o(i.HAL_InitTick)
    HAL_MspInit                              0x080017d9   Thumb Code    52  stm32f1xx_hal_msp.o(i.HAL_MspInit)
    HAL_NVIC_EnableIRQ                       0x08001815   Thumb Code    26  stm32f1xx_hal_cortex.o(i.HAL_NVIC_EnableIRQ)
    HAL_NVIC_SetPriority                     0x08001831   Thumb Code    60  stm32f1xx_hal_cortex.o(i.HAL_NVIC_SetPriority)
    HAL_NVIC_SetPriorityGrouping             0x08001871   Thumb Code    26  stm32f1xx_hal_cortex.o(i.HAL_NVIC_SetPriorityGrouping)
    HAL_RCCEx_PeriphCLKConfig                0x08001895   Thumb Code   224  stm32f1xx_hal_rcc_ex.o(i.HAL_RCCEx_PeriphCLKConfig)
    HAL_RCC_ClockConfig                      0x08001981   Thumb Code   280  stm32f1xx_hal_rcc.o(i.HAL_RCC_ClockConfig)
    HAL_RCC_GetPCLK1Freq                     0x08001aad   Thumb Code    20  stm32f1xx_hal_rcc.o(i.HAL_RCC_GetPCLK1Freq)
    HAL_RCC_GetPCLK2Freq                     0x08001acd   Thumb Code    20  stm32f1xx_hal_rcc.o(i.HAL_RCC_GetPCLK2Freq)
    HAL_RCC_GetSysClockFreq                  0x08001aed   Thumb Code    58  stm32f1xx_hal_rcc.o(i.HAL_RCC_GetSysClockFreq)
    HAL_RCC_OscConfig                        0x08001b39   Thumb Code   778  stm32f1xx_hal_rcc.o(i.HAL_RCC_OscConfig)
    HAL_SYSTICK_Config                       0x08001e59   Thumb Code    40  stm32f1xx_hal_cortex.o(i.HAL_SYSTICK_Config)
    HAL_TIMEx_BreakCallback                  0x08001e81   Thumb Code     2  stm32f1xx_hal_tim_ex.o(i.HAL_TIMEx_BreakCallback)
    HAL_TIMEx_CommutCallback                 0x08001e83   Thumb Code     2  stm32f1xx_hal_tim_ex.o(i.HAL_TIMEx_CommutCallback)
    HAL_TIMEx_ConfigBreakDeadTime            0x08001e85   Thumb Code    84  stm32f1xx_hal_tim_ex.o(i.HAL_TIMEx_ConfigBreakDeadTime)
    HAL_TIMEx_MasterConfigSynchronization    0x08001ed9   Thumb Code   104  stm32f1xx_hal_tim_ex.o(i.HAL_TIMEx_MasterConfigSynchronization)
    HAL_TIM_Base_Init                        0x08001f55   Thumb Code    90  stm32f1xx_hal_tim.o(i.HAL_TIM_Base_Init)
    HAL_TIM_Base_MspInit                     0x08001fb1   Thumb Code    50  tim.o(i.HAL_TIM_Base_MspInit)
    HAL_TIM_ConfigClockSource                0x08001fe9   Thumb Code   220  stm32f1xx_hal_tim.o(i.HAL_TIM_ConfigClockSource)
    HAL_TIM_IC_CaptureCallback               0x080020c5   Thumb Code     2  stm32f1xx_hal_tim.o(i.HAL_TIM_IC_CaptureCallback)
    HAL_TIM_IRQHandler                       0x080020c7   Thumb Code   304  stm32f1xx_hal_tim.o(i.HAL_TIM_IRQHandler)
    HAL_TIM_MspPostInit                      0x080021f9   Thumb Code    98  tim.o(i.HAL_TIM_MspPostInit)
    HAL_TIM_OC_DelayElapsedCallback          0x08002271   Thumb Code     2  stm32f1xx_hal_tim.o(i.HAL_TIM_OC_DelayElapsedCallback)
    HAL_TIM_PWM_ConfigChannel                0x08002273   Thumb Code   204  stm32f1xx_hal_tim.o(i.HAL_TIM_PWM_ConfigChannel)
    HAL_TIM_PWM_Init                         0x0800233f   Thumb Code    90  stm32f1xx_hal_tim.o(i.HAL_TIM_PWM_Init)
    HAL_TIM_PWM_MspInit                      0x08002399   Thumb Code    52  tim.o(i.HAL_TIM_PWM_MspInit)
    HAL_TIM_PWM_PulseFinishedCallback        0x080023d9   Thumb Code     2  stm32f1xx_hal_tim.o(i.HAL_TIM_PWM_PulseFinishedCallback)
    HAL_TIM_PeriodElapsedCallback            0x080023db   Thumb Code     2  main.o(i.HAL_TIM_PeriodElapsedCallback)
    HAL_TIM_TriggerCallback                  0x080023dd   Thumb Code     2  stm32f1xx_hal_tim.o(i.HAL_TIM_TriggerCallback)
    HAL_UART_Init                            0x080023df   Thumb Code   100  stm32f1xx_hal_uart.o(i.HAL_UART_Init)
    HAL_UART_MspInit                         0x08002445   Thumb Code   272  usart.o(i.HAL_UART_MspInit)
    HAL_UART_Transmit                        0x08002575   Thumb Code   160  stm32f1xx_hal_uart.o(i.HAL_UART_Transmit)
    HardFault_Handler                        0x08002615   Thumb Code     2  stm32f1xx_it.o(i.HardFault_Handler)
    Init_Cyber                               0x08002619   Thumb Code    30  cybergear_control.o(i.Init_Cyber)
    MX_ADC1_Init                             0x08002641   Thumb Code    70  adc.o(i.MX_ADC1_Init)
    MX_CAN_Init                              0x08002691   Thumb Code    60  can.o(i.MX_CAN_Init)
    MX_DMA_Init                              0x080026d5   Thumb Code    56  dma.o(i.MX_DMA_Init)
    MX_GPIO_Init                             0x08002711   Thumb Code   244  gpio.o(i.MX_GPIO_Init)
    MX_TIM2_Init                             0x08002815   Thumb Code    98  tim.o(i.MX_TIM2_Init)
    MX_TIM5_Init                             0x0800287d   Thumb Code   118  tim.o(i.MX_TIM5_Init)
    MX_TIM8_Init                             0x080028fd   Thumb Code   148  tim.o(i.MX_TIM8_Init)
    MX_USART1_UART_Init                      0x08002999   Thumb Code    48  usart.o(i.MX_USART1_UART_Init)
    MX_USART3_UART_Init                      0x080029d1   Thumb Code    48  usart.o(i.MX_USART3_UART_Init)
    MemManage_Handler                        0x08002a09   Thumb Code     2  stm32f1xx_it.o(i.MemManage_Handler)
    Motor_Data_Handler                       0x08002a0d   Thumb Code    88  cybergear_control.o(i.Motor_Data_Handler)
    NMI_Handler                              0x08002a85   Thumb Code     2  stm32f1xx_it.o(i.NMI_Handler)
    PendSV_Handler                           0x08002a87   Thumb Code     2  stm32f1xx_it.o(i.PendSV_Handler)
    SVC_Handler                              0x08002a89   Thumb Code     2  stm32f1xx_it.o(i.SVC_Handler)
    Set_Cyber_Mode                           0x08002a8b   Thumb Code    28  cybergear_control.o(i.Set_Cyber_Mode)
    Set_Cyber_Parameter                      0x08002aa9   Thumb Code    74  cybergear_control.o(i.Set_Cyber_Parameter)
    Set_Cyber_Pos                            0x08002b05   Thumb Code    38  cybergear_control.o(i.Set_Cyber_Pos)
    Set_Cyber_limitSp                        0x08002b35   Thumb Code    22  cybergear_control.o(i.Set_Cyber_limitSp)
    Start_Cyber                              0x08002b4d   Thumb Code    30  cybergear_control.o(i.Start_Cyber)
    Stop_Cyber                               0x08002b7d   Thumb Code    34  cybergear_control.o(i.Stop_Cyber)
    SysTick_Handler                          0x08002bad   Thumb Code     4  stm32f1xx_it.o(i.SysTick_Handler)
    SystemClock_Config                       0x08002bb1   Thumb Code   122  main.o(i.SystemClock_Config)
    SystemInit                               0x08002c2b   Thumb Code     2  system_stm32f1xx.o(i.SystemInit)
    TIM2_IRQHandler                          0x08002c2d   Thumb Code     6  stm32f1xx_it.o(i.TIM2_IRQHandler)
    TIM_Base_SetConfig                       0x08002c39   Thumb Code   134  stm32f1xx_hal_tim.o(i.TIM_Base_SetConfig)
    TIM_ETR_SetConfig                        0x08002cd5   Thumb Code    20  stm32f1xx_hal_tim.o(i.TIM_ETR_SetConfig)
    TIM_OC2_SetConfig                        0x08002d59   Thumb Code    98  stm32f1xx_hal_tim.o(i.TIM_OC2_SetConfig)
    USB_LP_CAN1_RX0_IRQHandler               0x0800303d   Thumb Code     6  stm32f1xx_it.o(i.USB_LP_CAN1_RX0_IRQHandler)
    UsageFault_Handler                       0x08003049   Thumb Code     2  stm32f1xx_it.o(i.UsageFault_Handler)
    __0printf                                0x0800304d   Thumb Code    22  printfa.o(i.__0printf)
    __1printf                                0x0800304d   Thumb Code     0  printfa.o(i.__0printf)
    __2printf                                0x0800304d   Thumb Code     0  printfa.o(i.__0printf)
    __c89printf                              0x0800304d   Thumb Code     0  printfa.o(i.__0printf)
    printf                                   0x0800304d   Thumb Code     0  printfa.o(i.__0printf)
    __scatterload_copy                       0x0800308d   Thumb Code    14  handlers.o(i.__scatterload_copy)
    __scatterload_null                       0x0800309b   Thumb Code     2  handlers.o(i.__scatterload_null)
    __scatterload_zeroinit                   0x0800309d   Thumb Code    14  handlers.o(i.__scatterload_zeroinit)
    fputc                                    0x08003939   Thumb Code    24  sa_usart.o(i.fputc)
    get_key_num                              0x08003955   Thumb Code    64  sa_key.o(i.get_key_num)
    main                                     0x0800399d   Thumb Code   204  main.o(i.main)
    uint16_to_float                          0x08003a89   Thumb Code    58  cybergear_control.o(i.uint16_to_float)
    AHBPrescTable                            0x08003ad4   Data          16  system_stm32f1xx.o(.constdata)
    APBPrescTable                            0x08003ae4   Data           8  system_stm32f1xx.o(.constdata)
    Region$$Table$$Base                      0x08003aec   Number         0  anon$$obj.o(Region$$Table)
    Region$$Table$$Limit                     0x08003b0c   Number         0  anon$$obj.o(Region$$Table)
    a                                        0x20000000   Data           2  main.o(.data)
    angle                                    0x20000004   Data           4  main.o(.data)
    uwTickFreq                               0x20000008   Data           1  stm32f1xx_hal.o(.data)
    uwTickPrio                               0x2000000c   Data           4  stm32f1xx_hal.o(.data)
    uwTick                                   0x20000010   Data           4  stm32f1xx_hal.o(.data)
    SystemCoreClock                          0x20000014   Data           4  system_stm32f1xx.o(.data)
    send_mail_box                            0x20000018   Data           4  cybergear_control.o(.data)
    byte                                     0x2000001c   Data           4  cybergear_control.o(.data)
    rx_data                                  0x20000020   Data           8  cybergear_control.o(.data)
    __stdout                                 0x20000028   Data           4  stdout.o(.data)
    hadc1                                    0x2000002c   Data          48  adc.o(.bss)
    hcan                                     0x2000005c   Data          40  can.o(.bss)
    htim2                                    0x20000084   Data          72  tim.o(.bss)
    htim5                                    0x200000cc   Data          72  tim.o(.bss)
    htim8                                    0x20000114   Data          72  tim.o(.bss)
    huart1                                   0x2000015c   Data          72  usart.o(.bss)
    huart3                                   0x200001a4   Data          72  usart.o(.bss)
    hdma_usart1_tx                           0x200001ec   Data          68  usart.o(.bss)
    hdma_usart3_tx                           0x20000230   Data          68  usart.o(.bss)
    Cyber                                    0x20000274   Data         108  cybergear_control.o(.bss)
    rxMsg                                    0x200002e0   Data          28  cybergear_control.o(.bss)
    txMsg                                    0x200002fc   Data          24  cybergear_control.o(.bss)
    __initial_sp                             0x20000718   Data           0  startup_stm32f103xe.o(STACK)



==============================================================================

Memory Map of the image

  Image Entry point : 0x08000131

  Load Region LR_IROM1 (Base: 0x08000000, Size: 0x00003b38, Max: 0x00040000, ABSOLUTE)

    Execution Region ER_IROM1 (Exec base: 0x08000000, Load base: 0x08000000, Size: 0x00003b0c, Max: 0x00040000, ABSOLUTE)

    Exec Addr    Load Addr    Size         Type   Attr      Idx    E Section Name        Object

    0x08000000   0x08000000   0x00000130   Data   RO            3    RESET               startup_stm32f103xe.o
    0x08000130   0x08000130   0x00000000   Code   RO         4085  * .ARM.Collect$$$$00000000  mc_w.l(entry.o)
    0x08000130   0x08000130   0x00000004   Code   RO         4400    .ARM.Collect$$$$00000001  mc_w.l(entry2.o)
    0x08000134   0x08000134   0x00000004   Code   RO         4403    .ARM.Collect$$$$00000004  mc_w.l(entry5.o)
    0x08000138   0x08000138   0x00000000   Code   RO         4405    .ARM.Collect$$$$00000008  mc_w.l(entry7b.o)
    0x08000138   0x08000138   0x00000000   Code   RO         4407    .ARM.Collect$$$$0000000A  mc_w.l(entry8b.o)
    0x08000138   0x08000138   0x00000008   Code   RO         4408    .ARM.Collect$$$$0000000B  mc_w.l(entry9a.o)
    0x08000140   0x08000140   0x00000004   Code   RO         4415    .ARM.Collect$$$$0000000E  mc_w.l(entry12b.o)
    0x08000144   0x08000144   0x00000000   Code   RO         4410    .ARM.Collect$$$$0000000F  mc_w.l(entry10a.o)
    0x08000144   0x08000144   0x00000000   Code   RO         4412    .ARM.Collect$$$$00000011  mc_w.l(entry11a.o)
    0x08000144   0x08000144   0x00000004   Code   RO         4401    .ARM.Collect$$$$00002712  mc_w.l(entry2.o)
    0x08000148   0x08000148   0x00000024   Code   RO            4    .text               startup_stm32f103xe.o
    0x0800016c   0x0800016c   0x00000020   Code   RO         4088    .text               mc_w.l(llushr.o)
    0x0800018c   0x0800018c   0x00000024   Code   RO         4090    .text               mc_w.l(memseta.o)
    0x080001b0   0x080001b0   0x000000b0   Code   RO         4355    .text               mf_w.l(fadd.o)
    0x08000260   0x08000260   0x00000064   Code   RO         4357    .text               mf_w.l(fmul.o)
    0x080002c4   0x080002c4   0x0000007c   Code   RO         4359    .text               mf_w.l(fdiv.o)
    0x08000340   0x08000340   0x000000e4   Code   RO         4361    .text               mf_w.l(dmul.o)
    0x08000424   0x08000424   0x0000000a   Code   RO         4365    .text               mf_w.l(ffltui.o)
    0x0800042e   0x0800042e   0x0000001a   Code   RO         4367    .text               mf_w.l(dfltui.o)
    0x08000448   0x08000448   0x00000028   Code   RO         4371    .text               mf_w.l(ffixui.o)
    0x08000470   0x08000470   0x00000026   Code   RO         4373    .text               mf_w.l(f2d.o)
    0x08000496   0x08000496   0x00000038   Code   RO         4375    .text               mf_w.l(d2f.o)
    0x080004ce   0x080004ce   0x0000002c   Code   RO         4417    .text               mc_w.l(uidiv.o)
    0x080004fa   0x080004fa   0x00000062   Code   RO         4419    .text               mc_w.l(uldiv.o)
    0x0800055c   0x0800055c   0x00000000   Code   RO         4428    .text               mc_w.l(iusefp.o)
    0x0800055c   0x0800055c   0x0000006e   Code   RO         4429    .text               mf_w.l(fepilogue.o)
    0x080005ca   0x080005ca   0x000000ba   Code   RO         4433    .text               mf_w.l(depilogue.o)
    0x08000684   0x08000684   0x0000014e   Code   RO         4435    .text               mf_w.l(dadd.o)
    0x080007d2   0x080007d2   0x000000de   Code   RO         4437    .text               mf_w.l(ddiv.o)
    0x080008b0   0x080008b0   0x00000030   Code   RO         4439    .text               mf_w.l(dfixul.o)
    0x080008e0   0x080008e0   0x00000030   Code   RO         4441    .text               mf_w.l(cdrcmple.o)
    0x08000910   0x08000910   0x00000024   Code   RO         4443    .text               mc_w.l(init.o)
    0x08000934   0x08000934   0x0000001e   Code   RO         4445    .text               mc_w.l(llshl.o)
    0x08000952   0x08000952   0x00000024   Code   RO         4447    .text               mc_w.l(llsshr.o)
    0x08000976   0x08000976   0x00000002   PAD
    0x08000978   0x08000978   0x00000056   Code   RO          650    i.ADC_ConversionStop_Disable  stm32f1xx_hal_adc.o
    0x080009ce   0x080009ce   0x00000002   Code   RO          490    i.BusFault_Handler  stm32f1xx_it.o
    0x080009d0   0x080009d0   0x0000000c   Code   RO          491    i.DMA1_Channel2_IRQHandler  stm32f1xx_it.o
    0x080009dc   0x080009dc   0x0000000c   Code   RO          492    i.DMA1_Channel4_IRQHandler  stm32f1xx_it.o
    0x080009e8   0x080009e8   0x00000002   Code   RO          493    i.DebugMon_Handler  stm32f1xx_it.o
    0x080009ea   0x080009ea   0x00000004   Code   RO           13    i.Error_Handler     main.o
    0x080009ee   0x080009ee   0x00000002   PAD
    0x080009f0   0x080009f0   0x000000fc   Code   RO          656    i.HAL_ADC_ConfigChannel  stm32f1xx_hal_adc.o
    0x08000aec   0x08000aec   0x00000120   Code   RO          665    i.HAL_ADC_Init      stm32f1xx_hal_adc.o
    0x08000c0c   0x08000c0c   0x00000058   Code   RO          263    i.HAL_ADC_MspInit   adc.o
    0x08000c64   0x08000c64   0x000000d0   Code   RO         1905    i.HAL_CAN_AddTxMessage  stm32f1xx_hal_can.o
    0x08000d34   0x08000d34   0x00000002   Code   RO         1909    i.HAL_CAN_ErrorCallback  stm32f1xx_hal_can.o
    0x08000d36   0x08000d36   0x000000f4   Code   RO         1912    i.HAL_CAN_GetRxMessage  stm32f1xx_hal_can.o
    0x08000e2a   0x08000e2a   0x000001fc   Code   RO         1916    i.HAL_CAN_IRQHandler  stm32f1xx_hal_can.o
    0x08001026   0x08001026   0x0000011a   Code   RO         1917    i.HAL_CAN_Init      stm32f1xx_hal_can.o
    0x08001140   0x08001140   0x0000007c   Code   RO          305    i.HAL_CAN_MspInit   can.o
    0x080011bc   0x080011bc   0x00000002   Code   RO         1924    i.HAL_CAN_RxFifo0FullCallback  stm32f1xx_hal_can.o
    0x080011be   0x080011be   0x00000002   PAD
    0x080011c0   0x080011c0   0x00000034   Code   RO         3890    i.HAL_CAN_RxFifo0MsgPendingCallback  cybergear_control.o
    0x080011f4   0x080011f4   0x00000002   Code   RO         1926    i.HAL_CAN_RxFifo1FullCallback  stm32f1xx_hal_can.o
    0x080011f6   0x080011f6   0x00000002   Code   RO         1927    i.HAL_CAN_RxFifo1MsgPendingCallback  stm32f1xx_hal_can.o
    0x080011f8   0x080011f8   0x00000002   Code   RO         1928    i.HAL_CAN_SleepCallback  stm32f1xx_hal_can.o
    0x080011fa   0x080011fa   0x00000002   PAD
    0x080011fc   0x080011fc   0x00000058   Code   RO         1929    i.HAL_CAN_Start     stm32f1xx_hal_can.o
    0x08001254   0x08001254   0x00000002   Code   RO         1931    i.HAL_CAN_TxMailbox0AbortCallback  stm32f1xx_hal_can.o
    0x08001256   0x08001256   0x00000002   Code   RO         1932    i.HAL_CAN_TxMailbox0CompleteCallback  stm32f1xx_hal_can.o
    0x08001258   0x08001258   0x00000002   Code   RO         1933    i.HAL_CAN_TxMailbox1AbortCallback  stm32f1xx_hal_can.o
    0x0800125a   0x0800125a   0x00000002   Code   RO         1934    i.HAL_CAN_TxMailbox1CompleteCallback  stm32f1xx_hal_can.o
    0x0800125c   0x0800125c   0x00000002   Code   RO         1935    i.HAL_CAN_TxMailbox2AbortCallback  stm32f1xx_hal_can.o
    0x0800125e   0x0800125e   0x00000002   Code   RO         1936    i.HAL_CAN_TxMailbox2CompleteCallback  stm32f1xx_hal_can.o
    0x08001260   0x08001260   0x00000002   Code   RO         1938    i.HAL_CAN_WakeUpFromRxMsgCallback  stm32f1xx_hal_can.o
    0x08001262   0x08001262   0x00000002   PAD
    0x08001264   0x08001264   0x00000248   Code   RO         1312    i.HAL_DMA_IRQHandler  stm32f1xx_hal_dma.o
    0x080014ac   0x080014ac   0x0000007c   Code   RO         1313    i.HAL_DMA_Init      stm32f1xx_hal_dma.o
    0x08001528   0x08001528   0x00000024   Code   RO          933    i.HAL_Delay         stm32f1xx_hal.o
    0x0800154c   0x0800154c   0x000001f8   Code   RO         1243    i.HAL_GPIO_Init     stm32f1xx_hal_gpio.o
    0x08001744   0x08001744   0x0000000a   Code   RO         1245    i.HAL_GPIO_ReadPin  stm32f1xx_hal_gpio.o
    0x0800174e   0x0800174e   0x0000000a   Code   RO         1247    i.HAL_GPIO_WritePin  stm32f1xx_hal_gpio.o
    0x08001758   0x08001758   0x0000000c   Code   RO          937    i.HAL_GetTick       stm32f1xx_hal.o
    0x08001764   0x08001764   0x00000010   Code   RO          943    i.HAL_IncTick       stm32f1xx_hal.o
    0x08001774   0x08001774   0x00000024   Code   RO          944    i.HAL_Init          stm32f1xx_hal.o
    0x08001798   0x08001798   0x00000040   Code   RO          945    i.HAL_InitTick      stm32f1xx_hal.o
    0x080017d8   0x080017d8   0x0000003c   Code   RO          590    i.HAL_MspInit       stm32f1xx_hal_msp.o
    0x08001814   0x08001814   0x0000001a   Code   RO         1403    i.HAL_NVIC_EnableIRQ  stm32f1xx_hal_cortex.o
    0x0800182e   0x0800182e   0x00000002   PAD
    0x08001830   0x08001830   0x00000040   Code   RO         1409    i.HAL_NVIC_SetPriority  stm32f1xx_hal_cortex.o
    0x08001870   0x08001870   0x00000024   Code   RO         1410    i.HAL_NVIC_SetPriorityGrouping  stm32f1xx_hal_cortex.o
    0x08001894   0x08001894   0x000000ec   Code   RO         1205    i.HAL_RCCEx_PeriphCLKConfig  stm32f1xx_hal_rcc_ex.o
    0x08001980   0x08001980   0x0000012c   Code   RO         1101    i.HAL_RCC_ClockConfig  stm32f1xx_hal_rcc.o
    0x08001aac   0x08001aac   0x00000020   Code   RO         1108    i.HAL_RCC_GetPCLK1Freq  stm32f1xx_hal_rcc.o
    0x08001acc   0x08001acc   0x00000020   Code   RO         1109    i.HAL_RCC_GetPCLK2Freq  stm32f1xx_hal_rcc.o
    0x08001aec   0x08001aec   0x0000004c   Code   RO         1110    i.HAL_RCC_GetSysClockFreq  stm32f1xx_hal_rcc.o
    0x08001b38   0x08001b38   0x00000320   Code   RO         1113    i.HAL_RCC_OscConfig  stm32f1xx_hal_rcc.o
    0x08001e58   0x08001e58   0x00000028   Code   RO         1414    i.HAL_SYSTICK_Config  stm32f1xx_hal_cortex.o
    0x08001e80   0x08001e80   0x00000002   Code   RO         2843    i.HAL_TIMEx_BreakCallback  stm32f1xx_hal_tim_ex.o
    0x08001e82   0x08001e82   0x00000002   Code   RO         2844    i.HAL_TIMEx_CommutCallback  stm32f1xx_hal_tim_ex.o
    0x08001e84   0x08001e84   0x00000054   Code   RO         2846    i.HAL_TIMEx_ConfigBreakDeadTime  stm32f1xx_hal_tim_ex.o
    0x08001ed8   0x08001ed8   0x0000007c   Code   RO         2862    i.HAL_TIMEx_MasterConfigSynchronization  stm32f1xx_hal_tim_ex.o
    0x08001f54   0x08001f54   0x0000005a   Code   RO         2139    i.HAL_TIM_Base_Init  stm32f1xx_hal_tim.o
    0x08001fae   0x08001fae   0x00000002   PAD
    0x08001fb0   0x08001fb0   0x00000038   Code   RO          371    i.HAL_TIM_Base_MspInit  tim.o
    0x08001fe8   0x08001fe8   0x000000dc   Code   RO         2148    i.HAL_TIM_ConfigClockSource  stm32f1xx_hal_tim.o
    0x080020c4   0x080020c4   0x00000002   Code   RO         2173    i.HAL_TIM_IC_CaptureCallback  stm32f1xx_hal_tim.o
    0x080020c6   0x080020c6   0x00000130   Code   RO         2187    i.HAL_TIM_IRQHandler  stm32f1xx_hal_tim.o
    0x080021f6   0x080021f6   0x00000002   PAD
    0x080021f8   0x080021f8   0x00000078   Code   RO          372    i.HAL_TIM_MspPostInit  tim.o
    0x08002270   0x08002270   0x00000002   Code   RO         2190    i.HAL_TIM_OC_DelayElapsedCallback  stm32f1xx_hal_tim.o
    0x08002272   0x08002272   0x000000cc   Code   RO         2211    i.HAL_TIM_PWM_ConfigChannel  stm32f1xx_hal_tim.o
    0x0800233e   0x0800233e   0x0000005a   Code   RO         2214    i.HAL_TIM_PWM_Init  stm32f1xx_hal_tim.o
    0x08002398   0x08002398   0x00000040   Code   RO          374    i.HAL_TIM_PWM_MspInit  tim.o
    0x080023d8   0x080023d8   0x00000002   Code   RO         2217    i.HAL_TIM_PWM_PulseFinishedCallback  stm32f1xx_hal_tim.o
    0x080023da   0x080023da   0x00000002   Code   RO           14    i.HAL_TIM_PeriodElapsedCallback  main.o
    0x080023dc   0x080023dc   0x00000002   Code   RO         2230    i.HAL_TIM_TriggerCallback  stm32f1xx_hal_tim.o
    0x080023de   0x080023de   0x00000064   Code   RO         3140    i.HAL_UART_Init     stm32f1xx_hal_uart.o
    0x08002442   0x08002442   0x00000002   PAD
    0x08002444   0x08002444   0x00000130   Code   RO          443    i.HAL_UART_MspInit  usart.o
    0x08002574   0x08002574   0x000000a0   Code   RO         3148    i.HAL_UART_Transmit  stm32f1xx_hal_uart.o
    0x08002614   0x08002614   0x00000002   Code   RO          494    i.HardFault_Handler  stm32f1xx_it.o
    0x08002616   0x08002616   0x00000002   PAD
    0x08002618   0x08002618   0x00000028   Code   RO         3891    i.Init_Cyber        cybergear_control.o
    0x08002640   0x08002640   0x00000050   Code   RO          264    i.MX_ADC1_Init      adc.o
    0x08002690   0x08002690   0x00000044   Code   RO          306    i.MX_CAN_Init       can.o
    0x080026d4   0x080026d4   0x0000003c   Code   RO          346    i.MX_DMA_Init       dma.o
    0x08002710   0x08002710   0x00000104   Code   RO          238    i.MX_GPIO_Init      gpio.o
    0x08002814   0x08002814   0x00000068   Code   RO          375    i.MX_TIM2_Init      tim.o
    0x0800287c   0x0800287c   0x00000080   Code   RO          376    i.MX_TIM5_Init      tim.o
    0x080028fc   0x080028fc   0x0000009c   Code   RO          377    i.MX_TIM8_Init      tim.o
    0x08002998   0x08002998   0x00000038   Code   RO          444    i.MX_USART1_UART_Init  usart.o
    0x080029d0   0x080029d0   0x00000038   Code   RO          445    i.MX_USART3_UART_Init  usart.o
    0x08002a08   0x08002a08   0x00000002   Code   RO          495    i.MemManage_Handler  stm32f1xx_it.o
    0x08002a0a   0x08002a0a   0x00000002   PAD
    0x08002a0c   0x08002a0c   0x00000078   Code   RO         3895    i.Motor_Data_Handler  cybergear_control.o
    0x08002a84   0x08002a84   0x00000002   Code   RO          496    i.NMI_Handler       stm32f1xx_it.o
    0x08002a86   0x08002a86   0x00000002   Code   RO          497    i.PendSV_Handler    stm32f1xx_it.o
    0x08002a88   0x08002a88   0x00000002   Code   RO          498    i.SVC_Handler       stm32f1xx_it.o
    0x08002a8a   0x08002a8a   0x0000001c   Code   RO         3899    i.Set_Cyber_Mode    cybergear_control.o
    0x08002aa6   0x08002aa6   0x00000002   PAD
    0x08002aa8   0x08002aa8   0x0000005c   Code   RO         3900    i.Set_Cyber_Parameter  cybergear_control.o
    0x08002b04   0x08002b04   0x00000030   Code   RO         3901    i.Set_Cyber_Pos     cybergear_control.o
    0x08002b34   0x08002b34   0x00000016   Code   RO         3904    i.Set_Cyber_limitSp  cybergear_control.o
    0x08002b4a   0x08002b4a   0x00000002   PAD
    0x08002b4c   0x08002b4c   0x00000030   Code   RO         3907    i.Start_Cyber       cybergear_control.o
    0x08002b7c   0x08002b7c   0x00000030   Code   RO         3908    i.Stop_Cyber        cybergear_control.o
    0x08002bac   0x08002bac   0x00000004   Code   RO          499    i.SysTick_Handler   stm32f1xx_it.o
    0x08002bb0   0x08002bb0   0x0000007a   Code   RO           15    i.SystemClock_Config  main.o
    0x08002c2a   0x08002c2a   0x00000002   Code   RO         3474    i.SystemInit        system_stm32f1xx.o
    0x08002c2c   0x08002c2c   0x0000000c   Code   RO          500    i.TIM2_IRQHandler   stm32f1xx_it.o
    0x08002c38   0x08002c38   0x0000009c   Code   RO         2232    i.TIM_Base_SetConfig  stm32f1xx_hal_tim.o
    0x08002cd4   0x08002cd4   0x00000014   Code   RO         2243    i.TIM_ETR_SetConfig  stm32f1xx_hal_tim.o
    0x08002ce8   0x08002ce8   0x00000010   Code   RO         2244    i.TIM_ITRx_SetConfig  stm32f1xx_hal_tim.o
    0x08002cf8   0x08002cf8   0x00000060   Code   RO         2245    i.TIM_OC1_SetConfig  stm32f1xx_hal_tim.o
    0x08002d58   0x08002d58   0x0000006c   Code   RO         2246    i.TIM_OC2_SetConfig  stm32f1xx_hal_tim.o
    0x08002dc4   0x08002dc4   0x00000068   Code   RO         2247    i.TIM_OC3_SetConfig  stm32f1xx_hal_tim.o
    0x08002e2c   0x08002e2c   0x00000050   Code   RO         2248    i.TIM_OC4_SetConfig  stm32f1xx_hal_tim.o
    0x08002e7c   0x08002e7c   0x00000022   Code   RO         2250    i.TIM_TI1_ConfigInputStage  stm32f1xx_hal_tim.o
    0x08002e9e   0x08002e9e   0x00000024   Code   RO         2252    i.TIM_TI2_ConfigInputStage  stm32f1xx_hal_tim.o
    0x08002ec2   0x08002ec2   0x0000004e   Code   RO         3163    i.UART_EndRxTransfer  stm32f1xx_hal_uart.o
    0x08002f10   0x08002f10   0x000000b8   Code   RO         3166    i.UART_SetConfig    stm32f1xx_hal_uart.o
    0x08002fc8   0x08002fc8   0x00000072   Code   RO         3169    i.UART_WaitOnFlagUntilTimeout  stm32f1xx_hal_uart.o
    0x0800303a   0x0800303a   0x00000002   PAD
    0x0800303c   0x0800303c   0x0000000c   Code   RO          501    i.USB_LP_CAN1_RX0_IRQHandler  stm32f1xx_it.o
    0x08003048   0x08003048   0x00000002   Code   RO          502    i.UsageFault_Handler  stm32f1xx_it.o
    0x0800304a   0x0800304a   0x00000002   PAD
    0x0800304c   0x0800304c   0x00000020   Code   RO         4327    i.__0printf         mc_w.l(printfa.o)
    0x0800306c   0x0800306c   0x00000020   Code   RO         1416    i.__NVIC_SetPriority  stm32f1xx_hal_cortex.o
    0x0800308c   0x0800308c   0x0000000e   Code   RO         4453    i.__scatterload_copy  mc_w.l(handlers.o)
    0x0800309a   0x0800309a   0x00000002   Code   RO         4454    i.__scatterload_null  mc_w.l(handlers.o)
    0x0800309c   0x0800309c   0x0000000e   Code   RO         4455    i.__scatterload_zeroinit  mc_w.l(handlers.o)
    0x080030aa   0x080030aa   0x00000002   PAD
    0x080030ac   0x080030ac   0x00000184   Code   RO         4334    i._fp_digits        mc_w.l(printfa.o)
    0x08003230   0x08003230   0x000006b4   Code   RO         4335    i._printf_core      mc_w.l(printfa.o)
    0x080038e4   0x080038e4   0x00000024   Code   RO         4336    i._printf_post_padding  mc_w.l(printfa.o)
    0x08003908   0x08003908   0x0000002e   Code   RO         4337    i._printf_pre_padding  mc_w.l(printfa.o)
    0x08003936   0x08003936   0x00000002   PAD
    0x08003938   0x08003938   0x0000001c   Code   RO         3623    i.fputc             sa_usart.o
    0x08003954   0x08003954   0x00000048   Code   RO         3770    i.get_key_num       sa_key.o
    0x0800399c   0x0800399c   0x000000ec   Code   RO           16    i.main              main.o
    0x08003a88   0x08003a88   0x0000003a   Code   RO         3912    i.uint16_to_float   cybergear_control.o
    0x08003ac2   0x08003ac2   0x00000012   Data   RO         1114    .constdata          stm32f1xx_hal_rcc.o
    0x08003ad4   0x08003ad4   0x00000010   Data   RO         3475    .constdata          system_stm32f1xx.o
    0x08003ae4   0x08003ae4   0x00000008   Data   RO         3476    .constdata          system_stm32f1xx.o
    0x08003aec   0x08003aec   0x00000020   Data   RO         4451    Region$$Table       anon$$obj.o


    Execution Region RW_IRAM1 (Exec base: 0x20000000, Load base: 0x08003b0c, Size: 0x00000718, Max: 0x0000c000, ABSOLUTE)

    Exec Addr    Load Addr    Size         Type   Attr      Idx    E Section Name        Object

    0x20000000   0x08003b0c   0x00000008   Data   RW           19    .data               main.o
    0x20000008   0x08003b14   0x0000000c   Data   RW          951    .data               stm32f1xx_hal.o
    0x20000014   0x08003b20   0x00000004   Data   RW         3477    .data               system_stm32f1xx.o
    0x20000018   0x08003b24   0x00000010   Data   RW         3916    .data               cybergear_control.o
    0x20000028   0x08003b34   0x00000004   Data   RW         4416    .data               mc_w.l(stdout.o)
    0x2000002c        -       0x00000030   Zero   RW          265    .bss                adc.o
    0x2000005c        -       0x00000028   Zero   RW          307    .bss                can.o
    0x20000084        -       0x000000d8   Zero   RW          378    .bss                tim.o
    0x2000015c        -       0x00000118   Zero   RW          446    .bss                usart.o
    0x20000274        -       0x000000a0   Zero   RW         3913    .bss                cybergear_control.o
    0x20000314   0x08003b38   0x00000004   PAD
    0x20000318        -       0x00000400   Zero   RW            1    STACK               startup_stm32f103xe.o


==============================================================================

Image component sizes


      Code (inc. data)   RO Data    RW Data    ZI Data      Debug   Object Name

       168         22          0          0         48       1649   adc.o
       192         20          0          0         40       1659   can.o
       556        114          0         16        160       9510   cybergear_control.o
        60          4          0          0          0        770   dma.o
       260         16          0          0          0       1007   gpio.o
       364         32          0          8          0     516053   main.o
        72          8          0          0          0        594   sa_key.o
        28          4          0          0          0        584   sa_usart.o
        36          8        304          0       1024        804   startup_stm32f103xe.o
       164         28          0         12          0       6529   stm32f1xx_hal.o
       626         28          0          0          0       3364   stm32f1xx_hal_adc.o
      1354          0          0          0          0      12029   stm32f1xx_hal_can.o
       198         14          0          0          0      28947   stm32f1xx_hal_cortex.o
       708         44          0          0          0       2072   stm32f1xx_hal_dma.o
       524         42          0          0          0       3535   stm32f1xx_hal_gpio.o
        60          8          0          0          0        878   stm32f1xx_hal_msp.o
      1240         84         18          0          0       5124   stm32f1xx_hal_rcc.o
       236         12          0          0          0       1388   stm32f1xx_hal_rcc_ex.o
      1566         58          0          0          0      13772   stm32f1xx_hal_tim.o
       212         20          0          0          0       3197   stm32f1xx_hal_tim_ex.o
       636          6          0          0          0       4648   stm32f1xx_hal_uart.o
        68         24          0          0          0       5679   stm32f1xx_it.o
         2          0         24          4          0       1119   system_stm32f1xx.o
       628         64          0          0        216       4256   tim.o
       416         48          0          0        280       2585   usart.o

    ----------------------------------------------------------------------
     10402        708        378         40       1772     631752   Object Totals
         0          0         32          0          0          0   (incl. Generated)
        28          0          0          0          4          0   (incl. Padding)

    ----------------------------------------------------------------------

      Code (inc. data)   RO Data    RW Data    ZI Data      Debug   Library Member Name

         0          0          0          0          0          0   entry.o
         0          0          0          0          0          0   entry10a.o
         0          0          0          0          0          0   entry11a.o
         4          0          0          0          0          0   entry12b.o
         8          4          0          0          0          0   entry2.o
         4          0          0          0          0          0   entry5.o
         0          0          0          0          0          0   entry7b.o
         0          0          0          0          0          0   entry8b.o
         8          4          0          0          0          0   entry9a.o
        30          0          0          0          0          0   handlers.o
        36          8          0          0          0         68   init.o
         0          0          0          0          0          0   iusefp.o
        30          0          0          0          0         68   llshl.o
        36          0          0          0          0         68   llsshr.o
        32          0          0          0          0         68   llushr.o
        36          0          0          0          0        108   memseta.o
      2218         90          0          0          0        464   printfa.o
         0          0          0          4          0          0   stdout.o
        44          0          0          0          0         80   uidiv.o
        98          0          0          0          0         92   uldiv.o
        48          0          0          0          0         68   cdrcmple.o
        56          0          0          0          0         88   d2f.o
       334          0          0          0          0        148   dadd.o
       222          0          0          0          0        100   ddiv.o
       186          0          0          0          0        176   depilogue.o
        48          0          0          0          0         68   dfixul.o
        26          0          0          0          0         76   dfltui.o
       228          0          0          0          0         96   dmul.o
        38          0          0          0          0         68   f2d.o
       176          0          0          0          0        140   fadd.o
       124          0          0          0          0         88   fdiv.o
       110          0          0          0          0        168   fepilogue.o
        40          0          0          0          0         68   ffixui.o
        10          0          0          0          0         68   ffltui.o
       100          0          0          0          0         76   fmul.o

    ----------------------------------------------------------------------
      4336        106          0          4          0       2512   Library Totals
         6          0          0          0          0          0   (incl. Padding)

    ----------------------------------------------------------------------

      Code (inc. data)   RO Data    RW Data    ZI Data      Debug   Library Name

      2584        106          0          4          0       1016   mc_w.l
      1746          0          0          0          0       1496   mf_w.l

    ----------------------------------------------------------------------
      4336        106          0          4          0       2512   Library Totals

    ----------------------------------------------------------------------

==============================================================================


      Code (inc. data)   RO Data    RW Data    ZI Data      Debug   

     14738        814        378         44       1772     627396   Grand Totals
     14738        814        378         44       1772     627396   ELF Image Totals
     14738        814        378         44          0          0   ROM Totals

==============================================================================

    Total RO  Size (Code + RO Data)                15116 (  14.76kB)
    Total RW  Size (RW Data + ZI Data)              1816 (   1.77kB)
    Total ROM Size (Code + RO Data + RW Data)      15160 (  14.80kB)

==============================================================================

