Component: ARM Compiler 5.06 update 7 (build 960) Tool: armlink [4d3601]

==============================================================================

Section Cross References

    startup_stm32f103xe.o(RESET) refers to startup_stm32f103xe.o(STACK) for __initial_sp
    startup_stm32f103xe.o(RESET) refers to startup_stm32f103xe.o(.text) for Reset_Handler
    startup_stm32f103xe.o(RESET) refers to stm32f1xx_it.o(i.NMI_Handler) for NMI_Handler
    startup_stm32f103xe.o(RESET) refers to stm32f1xx_it.o(i.HardFault_Handler) for HardFault_Handler
    startup_stm32f103xe.o(RESET) refers to stm32f1xx_it.o(i.MemManage_Handler) for MemManage_Handler
    startup_stm32f103xe.o(RESET) refers to stm32f1xx_it.o(i.BusFault_Handler) for BusFault_Handler
    startup_stm32f103xe.o(RESET) refers to stm32f1xx_it.o(i.UsageFault_Handler) for UsageFault_Handler
    startup_stm32f103xe.o(RESET) refers to stm32f1xx_it.o(i.SVC_Handler) for SVC_Handler
    startup_stm32f103xe.o(RESET) refers to stm32f1xx_it.o(i.DebugMon_Handler) for DebugMon_Handler
    startup_stm32f103xe.o(RESET) refers to stm32f1xx_it.o(i.PendSV_Handler) for PendSV_Handler
    startup_stm32f103xe.o(RESET) refers to stm32f1xx_it.o(i.SysTick_Handler) for SysTick_Handler
    startup_stm32f103xe.o(RESET) refers to stm32f1xx_it.o(i.DMA1_Channel2_IRQHandler) for DMA1_Channel2_IRQHandler
    startup_stm32f103xe.o(RESET) refers to stm32f1xx_it.o(i.DMA1_Channel3_IRQHandler) for DMA1_Channel3_IRQHandler
    startup_stm32f103xe.o(RESET) refers to stm32f1xx_it.o(i.DMA1_Channel4_IRQHandler) for DMA1_Channel4_IRQHandler
    startup_stm32f103xe.o(RESET) refers to stm32f1xx_it.o(i.DMA1_Channel5_IRQHandler) for DMA1_Channel5_IRQHandler
    startup_stm32f103xe.o(RESET) refers to stm32f1xx_it.o(i.USB_LP_CAN1_RX0_IRQHandler) for USB_LP_CAN1_RX0_IRQHandler
    startup_stm32f103xe.o(RESET) refers to stm32f1xx_it.o(i.TIM2_IRQHandler) for TIM2_IRQHandler
    startup_stm32f103xe.o(.text) refers to system_stm32f1xx.o(i.SystemInit) for SystemInit
    startup_stm32f103xe.o(.text) refers to entry.o(.ARM.Collect$$$$00000000) for __main
    main.o(i.SystemClock_Config) refers to memseta.o(.text) for __aeabi_memclr4
    main.o(i.SystemClock_Config) refers to stm32f1xx_hal_rcc.o(i.HAL_RCC_OscConfig) for HAL_RCC_OscConfig
    main.o(i.SystemClock_Config) refers to stm32f1xx_hal_rcc.o(i.HAL_RCC_ClockConfig) for HAL_RCC_ClockConfig
    main.o(i.SystemClock_Config) refers to stm32f1xx_hal_rcc_ex.o(i.HAL_RCCEx_PeriphCLKConfig) for HAL_RCCEx_PeriphCLKConfig
    main.o(i.main) refers to stm32f1xx_hal.o(i.HAL_Init) for HAL_Init
    main.o(i.main) refers to main.o(i.SystemClock_Config) for SystemClock_Config
    main.o(i.main) refers to stm32f1xx_hal.o(i.HAL_Delay) for HAL_Delay
    main.o(i.main) refers to gpio.o(i.MX_GPIO_Init) for MX_GPIO_Init
    main.o(i.main) refers to dma.o(i.MX_DMA_Init) for MX_DMA_Init
    main.o(i.main) refers to usart.o(i.MX_USART1_UART_Init) for MX_USART1_UART_Init
    main.o(i.main) refers to tim.o(i.MX_TIM8_Init) for MX_TIM8_Init
    main.o(i.main) refers to tim.o(i.MX_TIM2_Init) for MX_TIM2_Init
    main.o(i.main) refers to can.o(i.MX_CAN_Init) for MX_CAN_Init
    main.o(i.main) refers to adc.o(i.MX_ADC1_Init) for MX_ADC1_Init
    main.o(i.main) refers to usart.o(i.MX_USART3_UART_Init) for MX_USART3_UART_Init
    main.o(i.main) refers to tim.o(i.MX_TIM5_Init) for MX_TIM5_Init
    main.o(i.main) refers to sa_e_shift.o(i.Motor_init) for Motor_init
    main.o(i.main) refers to cybergear_control.o(i.Init_Cyber) for Init_Cyber
    main.o(i.main) refers to cybergear_control.o(i.Stop_Cyber) for Stop_Cyber
    main.o(i.main) refers to cybergear_control.o(i.Set_Cyber_Mode) for Set_Cyber_Mode
    main.o(i.main) refers to cybergear_control.o(i.Start_Cyber) for Start_Cyber
    main.o(i.main) refers to cybergear_control.o(i.Set_Cyber_ZeroPos) for Set_Cyber_ZeroPos
    main.o(i.main) refers to cybergear_control.o(i.Set_Cyber_Pos) for Set_Cyber_Pos
    main.o(i.main) refers to cybergear_control.o(i.Set_Cyber_limitSp) for Set_Cyber_limitSp
    main.o(i.main) refers to cybergear_control.o(i.Set_Cyber_limitTor) for Set_Cyber_limitTor
    main.o(i.main) refers to cybergear_control.o(i.Start_ready) for Start_ready
    main.o(i.main) refers to cybergear_control.o(i.CANtest) for CANtest
    main.o(i.main) refers to sa_e_shift.o(i.Motor_run) for Motor_run
    main.o(i.main) refers to sa_key.o(i.get_key_num) for get_key_num
    main.o(i.main) refers to sa_e_shift.o(i.UPSHIFT_flag) for UPSHIFT_flag
    main.o(i.main) refers to cybergear_control.o(i.pre_pos_ready) for pre_pos_ready
    main.o(i.main) refers to stm32f1xx_hal_gpio.o(i.HAL_GPIO_WritePin) for HAL_GPIO_WritePin
    main.o(i.main) refers to main.o(.data) for .data
    main.o(i.main) refers to cybergear_control.o(.bss) for Cyber
    gpio.o(i.MX_GPIO_Init) refers to stm32f1xx_hal_gpio.o(i.HAL_GPIO_WritePin) for HAL_GPIO_WritePin
    gpio.o(i.MX_GPIO_Init) refers to stm32f1xx_hal_gpio.o(i.HAL_GPIO_Init) for HAL_GPIO_Init
[...]
    Removing sa_flash.o(.bss), (1024 bytes).
    Removing sa_candataprocess.o(.rev16_text), (4 bytes).
    Removing sa_candataprocess.o(.revsh_text), (4 bytes).
    Removing sa_candataprocess.o(.rrx_text), (6 bytes).
    Removing sa_candataprocess.o(i.CZCD_CANData_tran), (372 bytes).
    Removing sa_candataprocess.o(.data), (44 bytes).
    Removing sa_candataprocess.o(.data), (1 bytes).
    Removing sa_e_shift.o(.rev16_text), (4 bytes).
    Removing sa_e_shift.o(.revsh_text), (4 bytes).
    Removing sa_e_shift.o(.rrx_text), (6 bytes).
    Removing sa_e_shift.o(i.DOWNSHIFT_flag), (24 bytes).
    Removing common.o(.data), (1 bytes).
    Removing pc_communication.o(.rev16_text), (4 bytes).
    Removing pc_communication.o(.revsh_text), (4 bytes).
    Removing pc_communication.o(.rrx_text), (6 bytes).
    Removing pc_communication.o(i.PC_Communication), (48 bytes).
    Removing pc_communication.o(i.curve_Display), (104 bytes).
    Removing pc_communication.o(.bss), (1000 bytes).
    Removing pc_communication.o(.bss), (20 bytes).
    Removing cybergear_control.o(.rev16_text), (4 bytes).
    Removing cybergear_control.o(.revsh_text), (4 bytes).
    Removing cybergear_control.o(.rrx_text), (6 bytes).
    Removing cybergear_control.o(i.Check_cyber), (40 bytes).
    Removing cybergear_control.o(i.Cyber_ControlMode), (272 bytes).
    Removing cybergear_control.o(i.Float_to_Byte), (24 bytes).
    Removing cybergear_control.o(i.Get_Motor_ID), (6 bytes).
    Removing cybergear_control.o(i.Init_CyberZero), (48 bytes).
    Removing cybergear_control.o(i.Init_Sin), (36 bytes).
    Removing cybergear_control.o(i.Motion_CyberSin), (136 bytes).
    Removing cybergear_control.o(i.Read_Cyber_Parameter), (60 bytes).
    Removing cybergear_control.o(i.Read_Cyber_Pos), (8 bytes).
    Removing cybergear_control.o(i.Set_Cyber_Cur), (12 bytes).
    Removing cybergear_control.o(i.Set_Cyber_RotNum), (12 bytes).
    Removing cybergear_control.o(i.Setting_AbsoluteZero), (208 bytes).
    Removing cybergear_control.o(i.float_to_uint), (86 bytes).
    Removing cybergear_control.o(i.request_motor_feedback), (48 bytes).
    Removing cybergear_control.o(i.set_CANID_cybergear), (56 bytes).
    Removing cybergear_control.o(.bss), (40 bytes).
    Removing cybergear_control.o(.constdata), (4 bytes).
    Removing cybergear_control.o(.constdata), (4 bytes).
    Removing cybergear_control.o(.data), (4 bytes).
    Removing dadd.o(.text), (334 bytes).
    Removing fflti.o(.text), (18 bytes).
    Removing ffixi.o(.text), (50 bytes).
    Removing f2d.o(.text), (38 bytes).
    Removing cfrcmple.o(.text), (20 bytes).
    Removing frnd.o(.text), (60 bytes).
    Removing ddiv.o(.text), (222 bytes).
    Removing dfixul.o(.text), (48 bytes).
    Removing cdrcmple.o(.text), (48 bytes).
    Removing fscalb.o(.text), (24 bytes).

575 unused section(s) (total 38611 bytes) removed from the image.

==============================================================================

Image Symbol Table

    Local Symbols

    Symbol Name                              Value     Ov Type        Size  Object(Section)

    ../Core/Src/adc.c                        0x00000000   Number         0  adc.o ABSOLUTE
    ../Core/Src/can.c                        0x00000000   Number         0  can.o ABSOLUTE
    ../Core/Src/dma.c                        0x00000000   Number         0  dma.o ABSOLUTE
    ../Core/Src/gpio.c                       0x00000000   Number         0  gpio.o ABSOLUTE
    ../Core/Src/main.c                       0x00000000   Number         0  main.o ABSOLUTE
    ../Core/Src/stm32f1xx_hal_msp.c          0x00000000   Number         0  stm32f1xx_hal_msp.o ABSOLUTE
    ../Core/Src/stm32f1xx_it.c               0x00000000   Number         0  stm32f1xx_it.o ABSOLUTE
    ../Core/Src/system_stm32f1xx.c           0x00000000   Number         0  system_stm32f1xx.o ABSOLUTE
    ../Core/Src/tim.c                        0x00000000   Number         0  tim.o ABSOLUTE
    ../Core/Src/usart.c                      0x00000000   Number         0  usart.o ABSOLUTE
    ../Drivers/STM32F1xx_HAL_Driver/Src/stm32f1xx_hal.c 0x00000000   Number         0  stm32f1xx_hal.o ABSOLUTE
    ../Drivers/STM32F1xx_HAL_Driver/Src/stm32f1xx_hal_adc.c 0x00000000   Number         0  stm32f1xx_hal_adc.o ABSOLUTE
    ../Drivers/STM32F1xx_HAL_Driver/Src/stm32f1xx_hal_adc_ex.c 0x00000000   Number         0  stm32f1xx_hal_adc_ex.o ABSOLUTE
    ../Drivers/STM32F1xx_HAL_Driver/Src/stm32f1xx_hal_can.c 0x00000000   Number         0  stm32f1xx_hal_can.o ABSOLUTE
    ../Drivers/STM32F1xx_HAL_Driver/Src/stm32f1xx_hal_cortex.c 0x00000000   Number         0  stm32f1xx_hal_cortex.o ABSOLUTE
    ../Drivers/STM32F1xx_HAL_Driver/Src/stm32f1xx_hal_dma.c 0x00000000   Number         0  stm32f1xx_hal_dma.o ABSOLUTE
    ../Drivers/STM32F1xx_HAL_Driver/Src/stm32f1xx_hal_exti.c 0x00000000   Number         0  stm32f1xx_hal_exti.o ABSOLUTE
    ../Drivers/STM32F1xx_HAL_Driver/Src/stm32f1xx_hal_flash.c 0x00000000   Number         0  stm32f1xx_hal_flash.o ABSOLUTE
    ../Drivers/STM32F1xx_HAL_Driver/Src/stm32f1xx_hal_flash_ex.c 0x00000000   Number         0  stm32f1xx_hal_flash_ex.o ABSOLUTE
    ../Drivers/STM32F1xx_HAL_Driver/Src/stm32f1xx_hal_gpio.c 0x00000000   Number         0  stm32f1xx_hal_gpio.o ABSOLUTE
    ../Drivers/STM32F1xx_HAL_Driver/Src/stm32f1xx_hal_gpio_ex.c 0x00000000   Number         0  stm32f1xx_hal_gpio_ex.o ABSOLUTE
    ../Drivers/STM32F1xx_HAL_Driver/Src/stm32f1xx_hal_pwr.c 0x00000000   Number         0  stm32f1xx_hal_pwr.o ABSOLUTE
    ../Drivers/STM32F1xx_HAL_Driver/Src/stm32f1xx_hal_rcc.c 0x00000000   Number         0  stm32f1xx_hal_rcc.o ABSOLUTE
    ../Drivers/STM32F1xx_HAL_Driver/Src/stm32f1xx_hal_rcc_ex.c 0x00000000   Number         0  stm32f1xx_hal_rcc_ex.o ABSOLUTE
    ../Drivers/STM32F1xx_HAL_Driver/Src/stm32f1xx_hal_tim.c 0x00000000   Number         0  stm32f1xx_hal_tim.o ABSOLUTE
    ../Drivers/STM32F1xx_HAL_Driver/Src/stm32f1xx_hal_tim_ex.c 0x00000000   Number         0  stm32f1xx_hal_tim_ex.o ABSOLUTE
    ../Drivers/STM32F1xx_HAL_Driver/Src/stm32f1xx_hal_uart.c 0x00000000   Number         0  stm32f1xx_hal_uart.o ABSOLUTE
    ../clib/microlib/division.c              0x00000000   Number         0  uldiv.o ABSOLUTE
    ../clib/microlib/division.c              0x00000000   Number         0  uidiv.o ABSOLUTE
    ../clib/microlib/errno.c                 0x00000000   Number         0  errno.o ABSOLUTE
    ../clib/microlib/init/entry.s            0x00000000   Number         0  entry11a.o ABSOLUTE
    ../clib/microlib/init/entry.s            0x00000000   Number         0  entry12a.o ABSOLUTE
    ../clib/microlib/init/entry.s            0x00000000   Number         0  entry10b.o ABSOLUTE
    ../clib/microlib/init/entry.s            0x00000000   Number         0  entry8a.o ABSOLUTE
    ../clib/microlib/init/entry.s            0x00000000   Number         0  entry7b.o ABSOLUTE
    ../clib/microlib/init/entry.s            0x00000000   Number         0  entry.o ABSOLUTE
    ../clib/microlib/init/entry.s            0x00000000   Number         0  entry8b.o ABSOLUTE
    ../clib/microlib/init/entry.s            0x00000000   Number         0  entry12b.o ABSOLUTE
    ../clib/microlib/init/entry.s            0x00000000   Number         0  entry2.o ABSOLUTE
    ../clib/microlib/init/entry.s            0x00000000   Number         0  entry9a.o ABSOLUTE
    ../clib/microlib/init/entry.s            0x00000000   Number         0  entry7a.o ABSOLUTE
    ../clib/microlib/init/entry.s            0x00000000   Number         0  entry5.o ABSOLUTE
    ../clib/microlib/init/entry.s            0x00000000   Number         0  entry9b.o ABSOLUTE
    ../clib/microlib/init/entry.s            0x00000000   Number         0  entry10a.o ABSOLUTE
    ../clib/microlib/init/entry.s            0x00000000   Number         0  entry11b.o ABSOLUTE
    ../clib/microlib/longlong.c              0x00000000   Number         0  llshl.o ABSOLUTE
    ../clib/microlib/longlong.c              0x00000000   Number         0  llushr.o ABSOLUTE
    ../clib/microlib/longlong.c              0x00000000   Number         0  llsshr.o ABSOLUTE
    ../clib/microlib/printf/printf.c         0x00000000   Number         0  printf2.o ABSOLUTE
    ../clib/microlib/printf/printf.c         0x00000000   Number         0  printf3.o ABSOLUTE
    ../clib/microlib/printf/printf.c         0x00000000   Number         0  printf4.o ABSOLUTE
    ../clib/microlib/printf/printf.c         0x00000000   Number         0  printf8.o ABSOLUTE
    ../clib/microlib/printf/printf.c         0x00000000   Number         0  printf7.o ABSOLUTE
    ../clib/microlib/printf/printf.c         0x00000000   Number         0  printf0.o ABSOLUTE
    ../clib/microlib/printf/printf.c         0x00000000   Number         0  printf6.o ABSOLUTE
    ../clib/microlib/printf/printf.c         0x00000000   Number         0  printf5.o ABSOLUTE
    ../clib/microlib/printf/printf.c         0x00000000   Number         0  printf1.o ABSOLUTE
    ../clib/microlib/printf/printf.c         0x00000000   Number         0  printfb.o ABSOLUTE
    ../clib/microlib/printf/printf.c         0x00000000   Number         0  printfa.o ABSOLUTE
    ../clib/microlib/stdio/streams.c         0x00000000   Number         0  stdout.o ABSOLUTE
    ../clib/microlib/string/memset.c         0x00000000   Number         0  memseta.o ABSOLUTE
    ../clib/microlib/string/strlen.c         0x00000000   Number         0  strlen.o ABSOLUTE
    ../clib/microlib/stubs.s                 0x00000000   Number         0  iusefp.o ABSOLUTE
    ../fplib/microlib/d2f.c                  0x00000000   Number         0  d2f.o ABSOLUTE
    ../fplib/microlib/f2d.c                  0x00000000   Number         0  f2d.o ABSOLUTE
    ../fplib/microlib/fpadd.c                0x00000000   Number         0  dadd.o ABSOLUTE
    ../fplib/microlib/fpadd.c                0x00000000   Number         0  fadd.o ABSOLUTE
    ../fplib/microlib/fpdiv.c                0x00000000   Number         0  fdiv.o ABSOLUTE
    ../fplib/microlib/fpdiv.c                0x00000000   Number         0  ddiv.o ABSOLUTE
    ../fplib/microlib/fpepilogue.c           0x00000000   Number         0  fepilogue.o ABSOLUTE
    ../fplib/microlib/fpepilogue.c           0x00000000   Number         0  depilogue.o ABSOLUTE
    ../fplib/microlib/fpfix.c                0x00000000   Number         0  ffixi.o ABSOLUTE
    ../fplib/microlib/fpfix.c                0x00000000   Number         0  ffixui.o ABSOLUTE
    ../fplib/microlib/fpfix.c                0x00000000   Number         0  dfixul.o ABSOLUTE
    ../fplib/microlib/fpflt.c                0x00000000   Number         0  ffltui.o ABSOLUTE
    ../fplib/microlib/fpflt.c                0x00000000   Number         0  fflti.o ABSOLUTE
    ../fplib/microlib/fpflt.c                0x00000000   Number         0  dfltui.o ABSOLUTE
    ../fplib/microlib/fpmul.c                0x00000000   Number         0  dmul.o ABSOLUTE
    ../fplib/microlib/fpmul.c                0x00000000   Number         0  fmul.o ABSOLUTE
    ../fplib/microlib/fprnd.c                0x00000000   Number         0  frnd.o ABSOLUTE
    ../fplib/microlib/fpscalb.c              0x00000000   Number         0  fscalb.o ABSOLUTE
    ../mathlib/fpclassifyf.c                 0x00000000   Number         0  fpclassifyf.o ABSOLUTE
    ../mathlib/funder.c                      0x00000000   Number         0  funder.o ABSOLUTE
    ../mathlib/rredf.c                       0x00000000   Number         0  rredf.o ABSOLUTE
    ../mathlib/sinf.c                        0x00000000   Number         0  sinf.o ABSOLUTE
    ../mathlib/sinf.c                        0x00000000   Number         0  sinf_x.o ABSOLUTE
    ..\Core\Src\adc.c                        0x00000000   Number         0  adc.o ABSOLUTE
    ..\Core\Src\can.c                        0x00000000   Number         0  can.o ABSOLUTE
    ..\Core\Src\dma.c                        0x00000000   Number         0  dma.o ABSOLUTE
    ..\Core\Src\gpio.c                       0x00000000   Number         0  gpio.o ABSOLUTE
    ..\Core\Src\main.c                       0x00000000   Number         0  main.o ABSOLUTE
    ..\Core\Src\stm32f1xx_hal_msp.c          0x00000000   Number         0  stm32f1xx_hal_msp.o ABSOLUTE
    ..\Core\Src\stm32f1xx_it.c               0x00000000   Number         0  stm32f1xx_it.o ABSOLUTE
    ..\Core\Src\system_stm32f1xx.c           0x00000000   Number         0  system_stm32f1xx.o ABSOLUTE
    ..\Core\Src\tim.c                        0x00000000   Number         0  tim.o ABSOLUTE
    ..\Core\Src\usart.c                      0x00000000   Number         0  usart.o ABSOLUTE
    ..\Drivers\STM32F1xx_HAL_Driver\Src\stm32f1xx_hal.c 0x00000000   Number         0  stm32f1xx_hal.o ABSOLUTE
    ..\Drivers\STM32F1xx_HAL_Driver\Src\stm32f1xx_hal_adc.c 0x00000000   Number         0  stm32f1xx_hal_adc.o ABSOLUTE
    ..\Drivers\STM32F1xx_HAL_Driver\Src\stm32f1xx_hal_adc_ex.c 0x00000000   Number         0  stm32f1xx_hal_adc_ex.o ABSOLUTE
    ..\Drivers\STM32F1xx_HAL_Driver\Src\stm32f1xx_hal_can.c 0x00000000   Number         0  stm32f1xx_hal_can.o ABSOLUTE
    ..\Drivers\STM32F1xx_HAL_Driver\Src\stm32f1xx_hal_cortex.c 0x00000000   Number         0  stm32f1xx_hal_cortex.o ABSOLUTE
    ..\Drivers\STM32F1xx_HAL_Driver\Src\stm32f1xx_hal_dma.c 0x00000000   Number         0  stm32f1xx_hal_dma.o ABSOLUTE
    ..\Drivers\STM32F1xx_HAL_Driver\Src\stm32f1xx_hal_exti.c 0x00000000   Number         0  stm32f1xx_hal_exti.o ABSOLUTE
    ..\Drivers\STM32F1xx_HAL_Driver\Src\stm32f1xx_hal_flash.c 0x00000000   Number         0  stm32f1xx_hal_flash.o ABSOLUTE
    ..\Drivers\STM32F1xx_HAL_Driver\Src\stm32f1xx_hal_flash_ex.c 0x00000000   Number         0  stm32f1xx_hal_flash_ex.o ABSOLUTE
    ..\Drivers\STM32F1xx_HAL_Driver\Src\stm32f1xx_hal_gpio.c 0x00000000   Number         0  stm32f1xx_hal_gpio.o ABSOLUTE
    ..\Drivers\STM32F1xx_HAL_Driver\Src\stm32f1xx_hal_gpio_ex.c 0x00000000   Number         0  stm32f1xx_hal_gpio_ex.o ABSOLUTE
    ..\Drivers\STM32F1xx_HAL_Driver\Src\stm32f1xx_hal_pwr.c 0x00000000   Number         0  stm32f1xx_hal_pwr.o ABSOLUTE
    ..\Drivers\STM32F1xx_HAL_Driver\Src\stm32f1xx_hal_rcc.c 0x00000000   Number         0  stm32f1xx_hal_rcc.o ABSOLUTE
    ..\Drivers\STM32F1xx_HAL_Driver\Src\stm32f1xx_hal_rcc_ex.c 0x00000000   Number         0  stm32f1xx_hal_rcc_ex.o ABSOLUTE
    ..\Drivers\STM32F1xx_HAL_Driver\Src\stm32f1xx_hal_tim.c 0x00000000   Number         0  stm32f1xx_hal_tim.o ABSOLUTE
    ..\Drivers\STM32F1xx_HAL_Driver\Src\stm32f1xx_hal_tim_ex.c 0x00000000   Number         0  stm32f1xx_hal_tim_ex.o ABSOLUTE
    ..\Drivers\STM32F1xx_HAL_Driver\Src\stm32f1xx_hal_uart.c 0x00000000   Number         0  stm32f1xx_hal_uart.o ABSOLUTE
    ..\Sourse_Library\1_SA_Library\SA_CANDataprocess.c 0x00000000   Number         0  sa_candataprocess.o ABSOLUTE
    ..\Sourse_Library\1_SA_Library\SA_Delay.c 0x00000000   Number         0  sa_delay.o ABSOLUTE
    ..\Sourse_Library\1_SA_Library\SA_E_Shift.c 0x00000000   Number         0  sa_e_shift.o ABSOLUTE
    ..\Sourse_Library\1_SA_Library\SA_Flash.c 0x00000000   Number         0  sa_flash.o ABSOLUTE
    ..\Sourse_Library\1_SA_Library\SA_Key.c  0x00000000   Number         0  sa_key.o ABSOLUTE
    ..\Sourse_Library\1_SA_Library\SA_SoftIIC.c 0x00000000   Number         0  sa_softiic.o ABSOLUTE
    ..\Sourse_Library\1_SA_Library\SA_Usart.c 0x00000000   Number         0  sa_usart.o ABSOLUTE
    ..\Sourse_Library\1_SA_Library\SA_eulerangles.c 0x00000000   Number         0  sa_eulerangles.o ABSOLUTE
    ..\Sourse_Library\1_SA_Library\SA_karman.c 0x00000000   Number         0  sa_karman.o ABSOLUTE
    ..\Sourse_Library\1_SA_Library\SA_pid.c  0x00000000   Number         0  sa_pid.o ABSOLUTE
    ..\Sourse_Library\3_SA_Starup\common.c   0x00000000   Number         0  common.o ABSOLUTE
    ..\Sourse_Library\4_XMCyberGear_Libary\CyberGear_Communication.c 0x00000000   Number         0  cybergear_communication.o ABSOLUTE
    ..\Sourse_Library\4_XMCyberGear_Libary\CyberGear_Control.c 0x00000000   Number         0  cybergear_control.o ABSOLUTE
    ..\Sourse_Library\4_XMCyberGear_Libary\pc_communication.c 0x00000000   Number         0  pc_communication.o ABSOLUTE
    ..\\Sourse_Library\\1_SA_Library\\SA_CANDataprocess.c 0x00000000   Number         0  sa_candataprocess.o ABSOLUTE
    ..\\Sourse_Library\\1_SA_Library\\SA_Delay.c 0x00000000   Number         0  sa_delay.o ABSOLUTE
    ..\\Sourse_Library\\1_SA_Library\\SA_E_Shift.c 0x00000000   Number         0  sa_e_shift.o ABSOLUTE
    ..\\Sourse_Library\\1_SA_Library\\SA_Flash.c 0x00000000   Number         0  sa_flash.o ABSOLUTE
    ..\\Sourse_Library\\1_SA_Library\\SA_Key.c 0x00000000   Number         0  sa_key.o ABSOLUTE
    ..\\Sourse_Library\\1_SA_Library\\SA_SoftIIC.c 0x00000000   Number         0  sa_softiic.o ABSOLUTE
    ..\\Sourse_Library\\1_SA_Library\\SA_Usart.c 0x00000000   Number         0  sa_usart.o ABSOLUTE
    ..\\Sourse_Library\\1_SA_Library\\SA_pid.c 0x00000000   Number         0  sa_pid.o ABSOLUTE
    ..\\Sourse_Library\\4_XMCyberGear_Libary\\CyberGear_Control.c 0x00000000   Number         0  cybergear_control.o ABSOLUTE
    ..\\Sourse_Library\\4_XMCyberGear_Libary\\pc_communication.c 0x00000000   Number         0  pc_communication.o ABSOLUTE
    cdrcmple.s                               0x00000000   Number         0  cdrcmple.o ABSOLUTE
    cfcmple.s                                0x00000000   Number         0  cfcmple.o ABSOLUTE
    cfrcmple.s                               0x00000000   Number         0  cfrcmple.o ABSOLUTE
    dc.s                                     0x00000000   Number         0  dc.o ABSOLUTE
    handlers.s                               0x00000000   Number         0  handlers.o ABSOLUTE
    init.s                                   0x00000000   Number         0  init.o ABSOLUTE
    startup_stm32f103xe.s                    0x00000000   Number         0  startup_stm32f103xe.o ABSOLUTE
    RESET                                    0x08000000   Section      304  startup_stm32f103xe.o(RESET)
    .ARM.Collect$$$$00000000                 0x08000130   Section        0  entry.o(.ARM.Collect$$$$00000000)
    .ARM.Collect$$$$00000001                 0x08000130   Section        4  entry2.o(.ARM.Collect$$$$00000001)
    .ARM.Collect$$$$00000004                 0x08000134   Section        4  entry5.o(.ARM.Collect$$$$00000004)
    .ARM.Collect$$$$00000008                 0x08000138   Section        0  entry7b.o(.ARM.Collect$$$$00000008)
    .ARM.Collect$$$$0000000A                 0x08000138   Section        0  entry8b.o(.ARM.Collect$$$$0000000A)
    .ARM.Collect$$$$0000000B                 0x08000138   Section        8  entry9a.o(.ARM.Collect$$$$0000000B)
    .ARM.Collect$$$$0000000E                 0x08000140   Section        4  entry12b.o(.ARM.Collect$$$$0000000E)
    .ARM.Collect$$$$0000000F                 0x08000144   Section        0  entry10a.o(.ARM.Collect$$$$0000000F)
    .ARM.Collect$$$$00000011                 0x08000144   Section        0  entry11a.o(.ARM.Collect$$$$00000011)
    .ARM.Collect$$$$00002712                 0x08000144   Section        4  entry2.o(.ARM.Collect$$$$00002712)
    __lit__00000000                          0x08000144   Data           4  entry2.o(.ARM.Collect$$$$00002712)
    .text                                    0x08000148   Section       36  startup_stm32f103xe.o(.text)
    .text                                    0x0800016c   Section        0  llushr.o(.text)
    .text                                    0x0800018c   Section        0  memseta.o(.text)
    .text                                    0x080001b0   Section        0  fadd.o(.text)
    .text                                    0x08000260   Section        0  fmul.o(.text)
    .text                                    0x080002c4   Section        0  fdiv.o(.text)
    .text                                    0x08000340   Section        0  dmul.o(.text)
    .text                                    0x08000424   Section        0  ffltui.o(.text)
    .text                                    0x0800042e   Section        0  dfltui.o(.text)
    .text                                    0x08000448   Section        0  ffixui.o(.text)
    .text                                    0x08000470   Section        0  d2f.o(.text)
    .text                                    0x080004a8   Section       20  cfcmple.o(.text)
    .text                                    0x080004bc   Section        0  llshl.o(.text)
    .text                                    0x080004da   Section        0  iusefp.o(.text)
    .text                                    0x080004da   Section        0  fepilogue.o(.text)
    .text                                    0x08000548   Section        0  depilogue.o(.text)
    .text                                    0x08000604   Section       36  init.o(.text)
    i.ADC_ConversionStop_Disable             0x08000628   Section        0  stm32f1xx_hal_adc.o(i.ADC_ConversionStop_Disable)
    i.BusFault_Handler                       0x0800067e   Section        0  stm32f1xx_it.o(i.BusFault_Handler)
    i.CANtest                                0x08000680   Section        0  cybergear_control.o(i.CANtest)
    i.DMA1_Channel2_IRQHandler               0x080006c8   Section        0  stm32f1xx_it.o(i.DMA1_Channel2_IRQHandler)
    i.DMA1_Channel3_IRQHandler               0x080006d4   Section        0  stm32f1xx_it.o(i.DMA1_Channel3_IRQHandler)
    i.DMA1_Channel4_IRQHandler               0x080006e0   Section        0  stm32f1xx_it.o(i.DMA1_Channel4_IRQHandler)
    i.DMA1_Channel5_IRQHandler               0x080006ec   Section        0  stm32f1xx_it.o(i.DMA1_Channel5_IRQHandler)
    i.DebugMon_Handler                       0x080006f8   Section        0  stm32f1xx_it.o(i.DebugMon_Handler)
    i.Error_Handler                          0x080006fa   Section        0  main.o(i.Error_Handler)
    i.Float_to_Byte_usart                    0x080006fe   Section        0  sa_usart.o(i.Float_to_Byte_usart)
    i.HAL_ADC_ConfigChannel                  0x08000710   Section        0  stm32f1xx_hal_adc.o(i.HAL_ADC_ConfigChannel)
    i.HAL_ADC_Init                           0x0800080c   Section        0  stm32f1xx_hal_adc.o(i.HAL_ADC_Init)
    i.HAL_ADC_MspInit                        0x0800092c   Section        0  adc.o(i.HAL_ADC_MspInit)
    i.HAL_CAN_ActivateNotification           0x08000984   Section        0  stm32f1xx_hal_can.o(i.HAL_CAN_ActivateNotification)
    i.HAL_CAN_AddTxMessage                   0x080009a8   Section        0  stm32f1xx_hal_can.o(i.HAL_CAN_AddTxMessage)
    i.HAL_CAN_ConfigFilter                   0x08000a78   Section        0  stm32f1xx_hal_can.o(i.HAL_CAN_ConfigFilter)
    i.HAL_CAN_ErrorCallback                  0x08000b66   Section        0  stm32f1xx_hal_can.o(i.HAL_CAN_ErrorCallback)
    i.HAL_CAN_GetRxMessage                   0x08000b68   Section        0  stm32f1xx_hal_can.o(i.HAL_CAN_GetRxMessage)
    i.HAL_CAN_IRQHandler                     0x08000c5c   Section        0  stm32f1xx_hal_can.o(i.HAL_CAN_IRQHandler)
    i.HAL_CAN_Init                           0x08000e58   Section        0  stm32f1xx_hal_can.o(i.HAL_CAN_Init)
    i.HAL_CAN_MspInit                        0x08000f74   Section        0  can.o(i.HAL_CAN_MspInit)
    i.HAL_CAN_RxFifo0FullCallback            0x08000ff0   Section        0  stm32f1xx_hal_can.o(i.HAL_CAN_RxFifo0FullCallback)
    i.HAL_CAN_RxFifo0MsgPendingCallback      0x08000ff4   Section        0  cybergear_control.o(i.HAL_CAN_RxFifo0MsgPendingCallback)
    i.HAL_CAN_RxFifo1FullCallback            0x08001020   Section        0  stm32f1xx_hal_can.o(i.HAL_CAN_RxFifo1FullCallback)
    i.HAL_CAN_RxFifo1MsgPendingCallback      0x08001022   Section        0  stm32f1xx_hal_can.o(i.HAL_CAN_RxFifo1MsgPendingCallback)
    i.HAL_CAN_SleepCallback                  0x08001024   Section        0  stm32f1xx_hal_can.o(i.HAL_CAN_SleepCallback)
    i.HAL_CAN_Start                          0x08001028   Section        0  stm32f1xx_hal_can.o(i.HAL_CAN_Start)
    i.HAL_CAN_TxMailbox0AbortCallback        0x08001080   Section        0  stm32f1xx_hal_can.o(i.HAL_CAN_TxMailbox0AbortCallback)
    i.HAL_CAN_TxMailbox0CompleteCallback     0x08001082   Section        0  stm32f1xx_hal_can.o(i.HAL_CAN_TxMailbox0CompleteCallback)
    i.HAL_CAN_TxMailbox1AbortCallback        0x08001084   Section        0  stm32f1xx_hal_can.o(i.HAL_CAN_TxMailbox1AbortCallback)
    i.HAL_CAN_TxMailbox1CompleteCallback     0x08001086   Section        0  stm32f1xx_hal_can.o(i.HAL_CAN_TxMailbox1CompleteCallback)
    i.HAL_CAN_TxMailbox2AbortCallback        0x08001088   Section        0  stm32f1xx_hal_can.o(i.HAL_CAN_TxMailbox2AbortCallback)
    i.HAL_CAN_TxMailbox2CompleteCallback     0x0800108a   Section        0  stm32f1xx_hal_can.o(i.HAL_CAN_TxMailbox2CompleteCallback)
    i.HAL_CAN_WakeUpFromRxMsgCallback        0x0800108c   Section        0  stm32f1xx_hal_can.o(i.HAL_CAN_WakeUpFromRxMsgCallback)
    i.HAL_DMA_IRQHandler                     0x08001090   Section        0  stm32f1xx_hal_dma.o(i.HAL_DMA_IRQHandler)
    i.HAL_DMA_Init                           0x080012d8   Section        0  stm32f1xx_hal_dma.o(i.HAL_DMA_Init)
    i.HAL_Delay                              0x08001354   Section        0  stm32f1xx_hal.o(i.HAL_Delay)
    i.HAL_GPIO_Init                          0x08001378   Section        0  stm32f1xx_hal_gpio.o(i.HAL_GPIO_Init)
    i.HAL_GPIO_ReadPin                       0x08001570   Section        0  stm32f1xx_hal_gpio.o(i.HAL_GPIO_ReadPin)
    i.HAL_GPIO_WritePin                      0x0800157a   Section        0  stm32f1xx_hal_gpio.o(i.HAL_GPIO_WritePin)
    i.HAL_GetTick                            0x08001584   Section        0  stm32f1xx_hal.o(i.HAL_GetTick)
    i.HAL_IncTick                            0x08001590   Section        0  stm32f1xx_hal.o(i.HAL_IncTick)
    i.HAL_Init                               0x080015a0   Section        0  stm32f1xx_hal.o(i.HAL_Init)
    i.HAL_InitTick                           0x080015c4   Section        0  stm32f1xx_hal.o(i.HAL_InitTick)
    i.HAL_MspInit                            0x08001604   Section        0  stm32f1xx_hal_msp.o(i.HAL_MspInit)
    i.HAL_NVIC_EnableIRQ                     0x08001640   Section        0  stm32f1xx_hal_cortex.o(i.HAL_NVIC_EnableIRQ)
    i.HAL_NVIC_SetPriority                   0x0800165c   Section        0  stm32f1xx_hal_cortex.o(i.HAL_NVIC_SetPriority)
    i.HAL_NVIC_SetPriorityGrouping           0x0800169c   Section        0  stm32f1xx_hal_cortex.o(i.HAL_NVIC_SetPriorityGrouping)
    i.HAL_RCCEx_PeriphCLKConfig              0x080016c0   Section        0  stm32f1xx_hal_rcc_ex.o(i.HAL_RCCEx_PeriphCLKConfig)
    i.HAL_RCC_ClockConfig                    0x080017ac   Section        0  stm32f1xx_hal_rcc.o(i.HAL_RCC_ClockConfig)
    i.HAL_RCC_GetPCLK1Freq                   0x080018d8   Section        0  stm32f1xx_hal_rcc.o(i.HAL_RCC_GetPCLK1Freq)
    i.HAL_RCC_GetPCLK2Freq                   0x080018f8   Section        0  stm32f1xx_hal_rcc.o(i.HAL_RCC_GetPCLK2Freq)
    i.HAL_RCC_GetSysClockFreq                0x08001918   Section        0  stm32f1xx_hal_rcc.o(i.HAL_RCC_GetSysClockFreq)
    i.HAL_RCC_OscConfig                      0x08001964   Section        0  stm32f1xx_hal_rcc.o(i.HAL_RCC_OscConfig)
    i.HAL_SYSTICK_Config                     0x08001c84   Section        0  stm32f1xx_hal_cortex.o(i.HAL_SYSTICK_Config)
    i.HAL_TIMEx_BreakCallback                0x08001cac   Section        0  stm32f1xx_hal_tim_ex.o(i.HAL_TIMEx_BreakCallback)
    i.HAL_TIMEx_CommutCallback               0x08001cae   Section        0  stm32f1xx_hal_tim_ex.o(i.HAL_TIMEx_CommutCallback)
    i.HAL_TIMEx_ConfigBreakDeadTime          0x08001cb0   Section        0  stm32f1xx_hal_tim_ex.o(i.HAL_TIMEx_ConfigBreakDeadTime)
    i.HAL_TIMEx_MasterConfigSynchronization  0x08001d04   Section        0  stm32f1xx_hal_tim_ex.o(i.HAL_TIMEx_MasterConfigSynchronization)
    i.HAL_TIM_Base_Init                      0x08001d80   Section        0  stm32f1xx_hal_tim.o(i.HAL_TIM_Base_Init)
    i.HAL_TIM_Base_MspInit                   0x08001ddc   Section        0  tim.o(i.HAL_TIM_Base_MspInit)
    i.HAL_TIM_ConfigClockSource              0x08001e14   Section        0  stm32f1xx_hal_tim.o(i.HAL_TIM_ConfigClockSource)
    i.HAL_TIM_IC_CaptureCallback             0x08001ef0   Section        0  stm32f1xx_hal_tim.o(i.HAL_TIM_IC_CaptureCallback)
    i.HAL_TIM_IRQHandler                     0x08001ef2   Section        0  stm32f1xx_hal_tim.o(i.HAL_TIM_IRQHandler)
    i.HAL_TIM_MspPostInit                    0x08002024   Section        0  tim.o(i.HAL_TIM_MspPostInit)
    i.HAL_TIM_OC_DelayElapsedCallback        0x0800209c   Section        0  stm32f1xx_hal_tim.o(i.HAL_TIM_OC_DelayElapsedCallback)
    i.HAL_TIM_PWM_ConfigChannel              0x0800209e   Section        0  stm32f1xx_hal_tim.o(i.HAL_TIM_PWM_ConfigChannel)
    i.HAL_TIM_PWM_Init                       0x0800216a   Section        0  stm32f1xx_hal_tim.o(i.HAL_TIM_PWM_Init)
    i.HAL_TIM_PWM_MspInit                    0x080021c4   Section        0  tim.o(i.HAL_TIM_PWM_MspInit)
    i.HAL_TIM_PWM_PulseFinishedCallback      0x08002204   Section        0  stm32f1xx_hal_tim.o(i.HAL_TIM_PWM_PulseFinishedCallback)
    i.HAL_TIM_PWM_Start                      0x08002208   Section        0  stm32f1xx_hal_tim.o(i.HAL_TIM_PWM_Start)
    i.HAL_TIM_PeriodElapsedCallback          0x080022bc   Section        0  main.o(i.HAL_TIM_PeriodElapsedCallback)
    i.HAL_TIM_TriggerCallback                0x080022be   Section        0  stm32f1xx_hal_tim.o(i.HAL_TIM_TriggerCallback)
    i.HAL_UART_Init                          0x080022c0   Section        0  stm32f1xx_hal_uart.o(i.HAL_UART_Init)
    i.HAL_UART_MspInit                       0x08002324   Section        0  usart.o(i.HAL_UART_MspInit)
    i.HAL_UART_Transmit                      0x080024a8   Section        0  stm32f1xx_hal_uart.o(i.HAL_UART_Transmit)
    i.HardFault_Handler                      0x08002548   Section        0  stm32f1xx_it.o(i.HardFault_Handler)
    i.Init_Cyber                             0x0800254c   Section        0  cybergear_control.o(i.Init_Cyber)
    i.JustFloat_8                            0x0800259c   Section        0  sa_usart.o(i.JustFloat_8)
    i.MX_ADC1_Init                           0x08002684   Section        0  adc.o(i.MX_ADC1_Init)
    i.MX_CAN_Init                            0x080026d4   Section        0  can.o(i.MX_CAN_Init)
    i.MX_DMA_Init                            0x08002718   Section        0  dma.o(i.MX_DMA_Init)
    i.MX_GPIO_Init                           0x08002774   Section        0  gpio.o(i.MX_GPIO_Init)
    i.MX_TIM2_Init                           0x08002878   Section        0  tim.o(i.MX_TIM2_Init)
    i.MX_TIM5_Init                           0x080028e0   Section        0  tim.o(i.MX_TIM5_Init)
    i.MX_TIM8_Init                           0x08002960   Section        0  tim.o(i.MX_TIM8_Init)
    i.MX_USART1_UART_Init                    0x080029fc   Section        0  usart.o(i.MX_USART1_UART_Init)
    i.MX_USART3_UART_Init                    0x08002a34   Section        0  usart.o(i.MX_USART3_UART_Init)
    i.MemManage_Handler                      0x08002a6c   Section        0  stm32f1xx_it.o(i.MemManage_Handler)
    i.Motor_Data_Handler                     0x08002a70   Section        0  cybergear_control.o(i.Motor_Data_Handler)
    i.Motor_init                             0x08002ae8   Section        0  sa_e_shift.o(i.Motor_init)
    i.Motor_run                              0x08002af4   Section        0  sa_e_shift.o(i.Motor_run)
    i.NMI_Handler                            0x08002b24   Section        0  stm32f1xx_it.o(i.NMI_Handler)
    i.PendSV_Handler                         0x08002b26   Section        0  stm32f1xx_it.o(i.PendSV_Handler)
    i.SVC_Handler                            0x08002b28   Section        0  stm32f1xx_it.o(i.SVC_Handler)
    i.Set_Cyber_Mode                         0x08002b2a   Section        0  cybergear_control.o(i.Set_Cyber_Mode)
    i.Set_Cyber_Parameter                    0x08002b48   Section        0  cybergear_control.o(i.Set_Cyber_Parameter)
    i.Set_Cyber_Pos                          0x08002ba4   Section        0  cybergear_control.o(i.Set_Cyber_Pos)
    i.Set_Cyber_ZeroPos                      0x08002bd4   Section        0  cybergear_control.o(i.Set_Cyber_ZeroPos)
    i.Set_Cyber_limitSp                      0x08002c08   Section        0  cybergear_control.o(i.Set_Cyber_limitSp)
    i.Set_Cyber_limitTor                     0x08002c1e   Section        0  cybergear_control.o(i.Set_Cyber_limitTor)
    i.Start_Cyber                            0x08002c34   Section        0  cybergear_control.o(i.Start_Cyber)
    i.Start_ready                            0x08002c64   Section        0  cybergear_control.o(i.Start_ready)
    i.Stop_Cyber                             0x08002c78   Section        0  cybergear_control.o(i.Stop_Cyber)
    i.SysTick_Handler                        0x08002ca8   Section        0  stm32f1xx_it.o(i.SysTick_Handler)
    i.SystemClock_Config                     0x08002cac   Section        0  main.o(i.SystemClock_Config)
    i.SystemInit                             0x08002d26   Section        0  system_stm32f1xx.o(i.SystemInit)
    i.TIM2_IRQHandler                        0x08002d28   Section        0  stm32f1xx_it.o(i.TIM2_IRQHandler)
    i.TIM_Base_SetConfig                     0x08002d34   Section        0  stm32f1xx_hal_tim.o(i.TIM_Base_SetConfig)
    i.TIM_CCxChannelCmd                      0x08002dd0   Section        0  stm32f1xx_hal_tim.o(i.TIM_CCxChannelCmd)
    i.TIM_ETR_SetConfig                      0x08002dea   Section        0  stm32f1xx_hal_tim.o(i.TIM_ETR_SetConfig)
    i.TIM_ITRx_SetConfig                     0x08002dfe   Section        0  stm32f1xx_hal_tim.o(i.TIM_ITRx_SetConfig)
    TIM_ITRx_SetConfig                       0x08002dff   Thumb Code    16  stm32f1xx_hal_tim.o(i.TIM_ITRx_SetConfig)
    i.TIM_OC1_SetConfig                      0x08002e10   Section        0  stm32f1xx_hal_tim.o(i.TIM_OC1_SetConfig)
    TIM_OC1_SetConfig                        0x08002e11   Thumb Code    88  stm32f1xx_hal_tim.o(i.TIM_OC1_SetConfig)
    i.TIM_OC2_SetConfig                      0x08002e70   Section        0  stm32f1xx_hal_tim.o(i.TIM_OC2_SetConfig)
    i.TIM_OC3_SetConfig                      0x08002edc   Section        0  stm32f1xx_hal_tim.o(i.TIM_OC3_SetConfig)
    TIM_OC3_SetConfig                        0x08002edd   Thumb Code    96  stm32f1xx_hal_tim.o(i.TIM_OC3_SetConfig)
    i.TIM_OC4_SetConfig                      0x08002f44   Section        0  stm32f1xx_hal_tim.o(i.TIM_OC4_SetConfig)
    TIM_OC4_SetConfig                        0x08002f45   Thumb Code    70  stm32f1xx_hal_tim.o(i.TIM_OC4_SetConfig)
    i.TIM_TI1_ConfigInputStage               0x08002f94   Section        0  stm32f1xx_hal_tim.o(i.TIM_TI1_ConfigInputStage)
    TIM_TI1_ConfigInputStage                 0x08002f95   Thumb Code    34  stm32f1xx_hal_tim.o(i.TIM_TI1_ConfigInputStage)
    i.TIM_TI2_ConfigInputStage               0x08002fb6   Section        0  stm32f1xx_hal_tim.o(i.TIM_TI2_ConfigInputStage)
    TIM_TI2_ConfigInputStage                 0x08002fb7   Thumb Code    36  stm32f1xx_hal_tim.o(i.TIM_TI2_ConfigInputStage)
    i.UART_EndRxTransfer                     0x08002fda   Section        0  stm32f1xx_hal_uart.o(i.UART_EndRxTransfer)
    UART_EndRxTransfer                       0x08002fdb   Thumb Code    78  stm32f1xx_hal_uart.o(i.UART_EndRxTransfer)
    i.UART_SetConfig                         0x08003028   Section        0  stm32f1xx_hal_uart.o(i.UART_SetConfig)
    UART_SetConfig                           0x08003029   Thumb Code   178  stm32f1xx_hal_uart.o(i.UART_SetConfig)
    i.UART_WaitOnFlagUntilTimeout            0x080030e0   Section        0  stm32f1xx_hal_uart.o(i.UART_WaitOnFlagUntilTimeout)
    UART_WaitOnFlagUntilTimeout              0x080030e1   Thumb Code   114  stm32f1xx_hal_uart.o(i.UART_WaitOnFlagUntilTimeout)
    i.UPSHIFT_flag                           0x08003154   Section        0  sa_e_shift.o(i.UPSHIFT_flag)
    i.USB_LP_CAN1_RX0_IRQHandler             0x0800316c   Section        0  stm32f1xx_it.o(i.USB_LP_CAN1_RX0_IRQHandler)
    i.UsageFault_Handler                     0x08003178   Section        0  stm32f1xx_it.o(i.UsageFault_Handler)
    i.__NVIC_SetPriority                     0x0800317a   Section        0  stm32f1xx_hal_cortex.o(i.__NVIC_SetPriority)
    __NVIC_SetPriority                       0x0800317b   Thumb Code    32  stm32f1xx_hal_cortex.o(i.__NVIC_SetPriority)
    i.__scatterload_copy                     0x0800319a   Section       14  handlers.o(i.__scatterload_copy)
    i.__scatterload_null                     0x080031a8   Section        2  handlers.o(i.__scatterload_null)
    i.__scatterload_zeroinit                 0x080031aa   Section       14  handlers.o(i.__scatterload_zeroinit)
    i.get_key_num                            0x080031b8   Section        0  sa_key.o(i.get_key_num)
    i.main                                   0x08003200   Section        0  main.o(i.main)
    i.pre_pos_ready                          0x08003350   Section        0  cybergear_control.o(i.pre_pos_ready)
    i.uint16_to_float                        0x0800336e   Section        0  cybergear_control.o(i.uint16_to_float)
    .constdata                               0x080033a8   Section       18  stm32f1xx_hal_rcc.o(.constdata)
    aPredivFactorTable                       0x080033a8   Data           2  stm32f1xx_hal_rcc.o(.constdata)
    aPLLMULFactorTable                       0x080033aa   Data          16  stm32f1xx_hal_rcc.o(.constdata)
    .constdata                               0x080033ba   Section       16  system_stm32f1xx.o(.constdata)
    .constdata                               0x080033ca   Section        8  system_stm32f1xx.o(.constdata)
    .data                                    0x20000000   Section        6  main.o(.data)
    .data                                    0x20000008   Section       12  stm32f1xx_hal.o(.data)
    .data                                    0x20000014   Section        4  system_stm32f1xx.o(.data)
    .data                                    0x20000018   Section       44  sa_usart.o(.data)
    .data                                    0x20000044   Section       16  cybergear_control.o(.data)
    .bss                                     0x20000054   Section       48  adc.o(.bss)
    .bss                                     0x20000084   Section       40  can.o(.bss)
    .bss                                     0x200000ac   Section      216  tim.o(.bss)
    .bss                                     0x20000184   Section      416  usart.o(.bss)
    .bss                                     0x20000324   Section      160  cybergear_control.o(.bss)
    STACK                                    0x200003c8   Section     1024  startup_stm32f103xe.o(STACK)

    Global Symbols

    Symbol Name                              Value     Ov Type        Size  Object(Section)

    BuildAttributes$$THM_ISAv4$P$D$K$B$S$PE$A:L22UL41UL21$X:L11$S22US41US21$IEEE1$IW$USESV6$~STKCKD$USESV7$~SHL$OTIME$ROPI$IEEEX$EBA8$MICROLIB$REQ8$PRES8$EABIv2 0x00000000   Number         0  anon$$obj.o ABSOLUTE
    __ARM_use_no_argv                        0x00000000   Number         0  main.o ABSOLUTE
    __arm_fini_                               - Undefined Weak Reference
    __cpp_initialize__aeabi_                  - Undefined Weak Reference
    __cxa_finalize                            - Undefined Weak Reference
    __decompress                              - Undefined Weak Reference
    _clock_init                               - Undefined Weak Reference
    _microlib_exit                            - Undefined Weak Reference
    __Vectors_Size                           0x00000130   Number         0  startup_stm32f103xe.o ABSOLUTE
    __Vectors                                0x08000000   Data           4  startup_stm32f103xe.o(RESET)
    __Vectors_End                            0x08000130   Data           0  startup_stm32f103xe.o(RESET)
    __main                                   0x08000131   Thumb Code     0  entry.o(.ARM.Collect$$$$00000000)
    _main_stk                                0x08000131   Thumb Code     0  entry2.o(.ARM.Collect$$$$00000001)
    _main_scatterload                        0x08000135   Thumb Code     0  entry5.o(.ARM.Collect$$$$00000004)
    __main_after_scatterload                 0x08000139   Thumb Code     0  entry5.o(.ARM.Collect$$$$00000004)
    _main_clock                              0x08000139   Thumb Code     0  entry7b.o(.ARM.Collect$$$$00000008)
    _main_cpp_init                           0x08000139   Thumb Code     0  entry8b.o(.ARM.Collect$$$$0000000A)
    _main_init                               0x08000139   Thumb Code     0  entry9a.o(.ARM.Collect$$$$0000000B)
    __rt_lib_shutdown_fini                   0x08000141   Thumb Code     0  entry12b.o(.ARM.Collect$$$$0000000E)
    __rt_final_cpp                           0x08000145   Thumb Code     0  entry10a.o(.ARM.Collect$$$$0000000F)
    __rt_final_exit                          0x08000145   Thumb Code     0  entry11a.o(.ARM.Collect$$$$00000011)
    Reset_Handler                            0x08000149   Thumb Code     8  startup_stm32f103xe.o(.text)
    ADC1_2_IRQHandler                        0x08000163   Thumb Code     0  startup_stm32f103xe.o(.text)
    ADC3_IRQHandler                          0x08000163   Thumb Code     0  startup_stm32f103xe.o(.text)
    CAN1_RX1_IRQHandler                      0x08000163   Thumb Code     0  startup_stm32f103xe.o(.text)
    CAN1_SCE_IRQHandler                      0x08000163   Thumb Code     0  startup_stm32f103xe.o(.text)
    DMA1_Channel1_IRQHandler                 0x08000163   Thumb Code     0  startup_stm32f103xe.o(.text)
    DMA1_Channel6_IRQHandler                 0x08000163   Thumb Code     0  startup_stm32f103xe.o(.text)
    DMA1_Channel7_IRQHandler                 0x08000163   Thumb Code     0  startup_stm32f103xe.o(.text)
    DMA2_Channel1_IRQHandler                 0x08000163   Thumb Code     0  startup_stm32f103xe.o(.text)
    DMA2_Channel2_IRQHandler                 0x08000163   Thumb Code     0  startup_stm32f103xe.o(.text)
    DMA2_Channel3_IRQHandler                 0x08000163   Thumb Code     0  startup_stm32f103xe.o(.text)
    DMA2_Channel4_5_IRQHandler               0x08000163   Thumb Code     0  startup_stm32f103xe.o(.text)
    EXTI0_IRQHandler                         0x08000163   Thumb Code     0  startup_stm32f103xe.o(.text)
    EXTI15_10_IRQHandler                     0x08000163   Thumb Code     0  startup_stm32f103xe.o(.text)
    EXTI1_IRQHandler                         0x08000163   Thumb Code     0  startup_stm32f103xe.o(.text)
    EXTI2_IRQHandler                         0x08000163   Thumb Code     0  startup_stm32f103xe.o(.text)
    EXTI3_IRQHandler                         0x08000163   Thumb Code     0  startup_stm32f103xe.o(.text)
    EXTI4_IRQHandler                         0x08000163   Thumb Code     0  startup_stm32f103xe.o(.text)
    EXTI9_5_IRQHandler                       0x08000163   Thumb Code     0  startup_stm32f103xe.o(.text)
    FLASH_IRQHandler                         0x08000163   Thumb Code     0  startup_stm32f103xe.o(.text)
    FSMC_IRQHandler                          0x08000163   Thumb Code     0  startup_stm32f103xe.o(.text)
    I2C1_ER_IRQHandler                       0x08000163   Thumb Code     0  startup_stm32f103xe.o(.text)
    I2C1_EV_IRQHandler                       0x08000163   Thumb Code     0  startup_stm32f103xe.o(.text)
    I2C2_ER_IRQHandler                       0x08000163   Thumb Code     0  startup_stm32f103xe.o(.text)
    I2C2_EV_IRQHandler                       0x08000163   Thumb Code     0  startup_stm32f103xe.o(.text)
    PVD_IRQHandler                           0x08000163   Thumb Code     0  startup_stm32f103xe.o(.text)
    RCC_IRQHandler                           0x08000163   Thumb Code     0  startup_stm32f103xe.o(.text)
    RTC_Alarm_IRQHandler                     0x08000163   Thumb Code     0  startup_stm32f103xe.o(.text)
    RTC_IRQHandler                           0x08000163   Thumb Code     0  startup_stm32f103xe.o(.text)
    SDIO_IRQHandler                          0x08000163   Thumb Code     0  startup_stm32f103xe.o(.text)
    SPI1_IRQHandler                          0x08000163   Thumb Code     0  startup_stm32f103xe.o(.text)
    SPI2_IRQHandler                          0x08000163   Thumb Code     0  startup_stm32f103xe.o(.text)
    SPI3_IRQHandler                          0x08000163   Thumb Code     0  startup_stm32f103xe.o(.text)
    TAMPER_IRQHandler                        0x08000163   Thumb Code     0  startup_stm32f103xe.o(.text)
    TIM1_BRK_IRQHandler                      0x08000163   Thumb Code     0  startup_stm32f103xe.o(.text)
    TIM1_CC_IRQHandler                       0x08000163   Thumb Code     0  startup_stm32f103xe.o(.text)
    TIM1_TRG_COM_IRQHandler                  0x08000163   Thumb Code     0  startup_stm32f103xe.o(.text)
    TIM1_UP_IRQHandler                       0x08000163   Thumb Code     0  startup_stm32f103xe.o(.text)
    TIM3_IRQHandler                          0x08000163   Thumb Code     0  startup_stm32f103xe.o(.text)
    TIM4_IRQHandler                          0x08000163   Thumb Code     0  startup_stm32f103xe.o(.text)
    TIM5_IRQHandler                          0x08000163   Thumb Code     0  startup_stm32f103xe.o(.text)
    TIM6_IRQHandler                          0x08000163   Thumb Code     0  startup_stm32f103xe.o(.text)
    TIM7_IRQHandler                          0x08000163   Thumb Code     0  startup_stm32f103xe.o(.text)
    TIM8_BRK_IRQHandler                      0x08000163   Thumb Code     0  startup_stm32f103xe.o(.text)
    TIM8_CC_IRQHandler                       0x08000163   Thumb Code     0  startup_stm32f103xe.o(.text)
    TIM8_TRG_COM_IRQHandler                  0x08000163   Thumb Code     0  startup_stm32f103xe.o(.text)
    TIM8_UP_IRQHandler                       0x08000163   Thumb Code     0  startup_stm32f103xe.o(.text)
    UART4_IRQHandler                         0x08000163   Thumb Code     0  startup_stm32f103xe.o(.text)
    UART5_IRQHandler                         0x08000163   Thumb Code     0  startup_stm32f103xe.o(.text)
    USART1_IRQHandler                        0x08000163   Thumb Code     0  startup_stm32f103xe.o(.text)
    USART2_IRQHandler                        0x08000163   Thumb Code     0  startup_stm32f103xe.o(.text)
    USART3_IRQHandler                        0x08000163   Thumb Code     0  startup_stm32f103xe.o(.text)
    USBWakeUp_IRQHandler                     0x08000163   Thumb Code     0  startup_stm32f103xe.o(.text)
    USB_HP_CAN1_TX_IRQHandler                0x08000163   Thumb Code     0  startup_stm32f103xe.o(.text)
    WWDG_IRQHandler                          0x08000163   Thumb Code     0  startup_stm32f103xe.o(.text)
    __aeabi_llsr                             0x0800016d   Thumb Code    32  llushr.o(.text)
    _ll_ushift_r                             0x0800016d   Thumb Code     0  llushr.o(.text)
    __aeabi_memset                           0x0800018d   Thumb Code    14  memseta.o(.text)
    __aeabi_memset4                          0x0800018d   Thumb Code     0  memseta.o(.text)
    __aeabi_memset8                          0x0800018d   Thumb Code     0  memseta.o(.text)
    __aeabi_memclr                           0x0800019b   Thumb Code     4  memseta.o(.text)
    __aeabi_memclr4                          0x0800019b   Thumb Code     0  memseta.o(.text)
    __aeabi_memclr8                          0x0800019b   Thumb Code     0  memseta.o(.text)
    _memset$wrapper                          0x0800019f   Thumb Code    18  memseta.o(.text)
    __aeabi_fadd                             0x080001b1   Thumb Code   164  fadd.o(.text)
    __aeabi_fsub                             0x08000255   Thumb Code     6  fadd.o(.text)
    __aeabi_frsub                            0x0800025b   Thumb Code     6  fadd.o(.text)
    __aeabi_fmul                             0x08000261   Thumb Code   100  fmul.o(.text)
    __aeabi_fdiv                             0x080002c5   Thumb Code   124  fdiv.o(.text)
    __aeabi_dmul                             0x08000341   Thumb Code   228  dmul.o(.text)
    __aeabi_ui2f                             0x08000425   Thumb Code    10  ffltui.o(.text)
    __aeabi_ui2d                             0x0800042f   Thumb Code    26  dfltui.o(.text)
    __aeabi_f2uiz                            0x08000449   Thumb Code    40  ffixui.o(.text)
    __aeabi_d2f                              0x08000471   Thumb Code    56  d2f.o(.text)
    __aeabi_cfcmpeq                          0x080004a9   Thumb Code     0  cfcmple.o(.text)
    __aeabi_cfcmple                          0x080004a9   Thumb Code    20  cfcmple.o(.text)
    __aeabi_llsl                             0x080004bd   Thumb Code    30  llshl.o(.text)
    _ll_shift_l                              0x080004bd   Thumb Code     0  llshl.o(.text)
    __I$use$fp                               0x080004db   Thumb Code     0  iusefp.o(.text)
    _float_round                             0x080004db   Thumb Code    18  fepilogue.o(.text)
    _float_epilogue                          0x080004ed   Thumb Code    92  fepilogue.o(.text)
    _double_round                            0x08000549   Thumb Code    30  depilogue.o(.text)
    _double_epilogue                         0x08000567   Thumb Code   156  depilogue.o(.text)
    __scatterload                            0x08000605   Thumb Code    28  init.o(.text)
    __scatterload_rt2                        0x08000605   Thumb Code     0  init.o(.text)
    ADC_ConversionStop_Disable               0x08000629   Thumb Code    86  stm32f1xx_hal_adc.o(i.ADC_ConversionStop_Disable)
    BusFault_Handler                         0x0800067f   Thumb Code     2  stm32f1xx_it.o(i.BusFault_Handler)
    CANtest                                  0x08000681   Thumb Code    56  cybergear_control.o(i.CANtest)
    DMA1_Channel2_IRQHandler                 0x080006c9   Thumb Code     6  stm32f1xx_it.o(i.DMA1_Channel2_IRQHandler)
    DMA1_Channel3_IRQHandler                 0x080006d5   Thumb Code     6  stm32f1xx_it.o(i.DMA1_Channel3_IRQHandler)
    DMA1_Channel4_IRQHandler                 0x080006e1   Thumb Code     6  stm32f1xx_it.o(i.DMA1_Channel4_IRQHandler)
    DMA1_Channel5_IRQHandler                 0x080006ed   Thumb Code     6  stm32f1xx_it.o(i.DMA1_Channel5_IRQHandler)
    DebugMon_Handler                         0x080006f9   Thumb Code     2  stm32f1xx_it.o(i.DebugMon_Handler)
    Error_Handler                            0x080006fb   Thumb Code     4  main.o(i.Error_Handler)
    Float_to_Byte_usart                      0x080006ff   Thumb Code    16  sa_usart.o(i.Float_to_Byte_usart)
    HAL_ADC_ConfigChannel                    0x08000711   Thumb Code   240  stm32f1xx_hal_adc.o(i.HAL_ADC_ConfigChannel)
    HAL_ADC_Init                             0x0800080d   Thumb Code   272  stm32f1xx_hal_adc.o(i.HAL_ADC_Init)
    HAL_ADC_MspInit                          0x0800092d   Thumb Code    76  adc.o(i.HAL_ADC_MspInit)
    HAL_CAN_ActivateNotification             0x08000985   Thumb Code    36  stm32f1xx_hal_can.o(i.HAL_CAN_ActivateNotification)
    HAL_CAN_AddTxMessage                     0x080009a9   Thumb Code   208  stm32f1xx_hal_can.o(i.HAL_CAN_AddTxMessage)
    HAL_CAN_ConfigFilter                     0x08000a79   Thumb Code   238  stm32f1xx_hal_can.o(i.HAL_CAN_ConfigFilter)
    HAL_CAN_ErrorCallback                    0x08000b67   Thumb Code     2  stm32f1xx_hal_can.o(i.HAL_CAN_ErrorCallback)
    HAL_CAN_GetRxMessage                     0x08000b69   Thumb Code   244  stm32f1xx_hal_can.o(i.HAL_CAN_GetRxMessage)
    HAL_CAN_IRQHandler                       0x08000c5d   Thumb Code   508  stm32f1xx_hal_can.o(i.HAL_CAN_IRQHandler)
    HAL_CAN_Init                             0x08000e59   Thumb Code   282  stm32f1xx_hal_can.o(i.HAL_CAN_Init)
    HAL_CAN_MspInit                          0x08000f75   Thumb Code   112  can.o(i.HAL_CAN_MspInit)
    HAL_CAN_RxFifo0FullCallback              0x08000ff1   Thumb Code     2  stm32f1xx_hal_can.o(i.HAL_CAN_RxFifo0FullCallback)
    HAL_CAN_RxFifo0MsgPendingCallback        0x08000ff5   Thumb Code    36  cybergear_control.o(i.HAL_CAN_RxFifo0MsgPendingCallback)
    HAL_CAN_RxFifo1FullCallback              0x08001021   Thumb Code     2  stm32f1xx_hal_can.o(i.HAL_CAN_RxFifo1FullCallback)
    HAL_CAN_RxFifo1MsgPendingCallback        0x08001023   Thumb Code     2  stm32f1xx_hal_can.o(i.HAL_CAN_RxFifo1MsgPendingCallback)
    HAL_CAN_SleepCallback                    0x08001025   Thumb Code     2  stm32f1xx_hal_can.o(i.HAL_CAN_SleepCallback)
    HAL_CAN_Start                            0x08001029   Thumb Code    88  stm32f1xx_hal_can.o(i.HAL_CAN_Start)
    HAL_CAN_TxMailbox0AbortCallback          0x08001081   Thumb Code     2  stm32f1xx_hal_can.o(i.HAL_CAN_TxMailbox0AbortCallback)
    HAL_CAN_TxMailbox0CompleteCallback       0x08001083   Thumb Code     2  stm32f1xx_hal_can.o(i.HAL_CAN_TxMailbox0CompleteCallback)
    HAL_CAN_TxMailbox1AbortCallback          0x08001085   Thumb Code     2  stm32f1xx_hal_can.o(i.HAL_CAN_TxMailbox1AbortCallback)
    HAL_CAN_TxMailbox1CompleteCallback       0x08001087   Thumb Code     2  stm32f1xx_hal_can.o(i.HAL_CAN_TxMailbox1CompleteCallback)
    HAL_CAN_TxMailbox2AbortCallback          0x08001089   Thumb Code     2  stm32f1xx_hal_can.o(i.HAL_CAN_TxMailbox2AbortCallback)
    HAL_CAN_TxMailbox2CompleteCallback       0x0800108b   Thumb Code     2  stm32f1xx_hal_can.o(i.HAL_CAN_TxMailbox2CompleteCallback)
    HAL_CAN_WakeUpFromRxMsgCallback          0x0800108d   Thumb Code     2  stm32f1xx_hal_can.o(i.HAL_CAN_WakeUpFromRxMsgCallback)
    HAL_DMA_IRQHandler                       0x08001091   Thumb Code   552  stm32f1xx_hal_dma.o(i.HAL_DMA_IRQHandler)
    HAL_DMA_Init                             0x080012d9   Thumb Code   112  stm32f1xx_hal_dma.o(i.HAL_DMA_Init)
    HAL_Delay                                0x08001355   Thumb Code    32  stm32f1xx_hal.o(i.HAL_Delay)
    HAL_GPIO_Init                            0x08001379   Thumb Code   462  stm32f1xx_hal_gpio.o(i.HAL_GPIO_Init)
    HAL_GPIO_ReadPin                         0x08001571   Thumb Code    10  stm32f1xx_hal_gpio.o(i.HAL_GPIO_ReadPin)
    HAL_GPIO_WritePin                        0x0800157b   Thumb Code    10  stm32f1xx_hal_gpio.o(i.HAL_GPIO_WritePin)
    HAL_GetTick                              0x08001585   Thumb Code     6  stm32f1xx_hal.o(i.HAL_GetTick)
    HAL_IncTick                              0x08001591   Thumb Code    12  stm32f1xx_hal.o(i.HAL_IncTick)
    HAL_Init                                 0x080015a1   Thumb Code    32  stm32f1xx_hal.o(i.HAL_Init)
    HAL_InitTick                             0x080015c5   Thumb Code    54  stm32f1xx_hal.o(i.HAL_InitTick)
    HAL_MspInit                              0x08001605   Thumb Code    52  stm32f1xx_hal_msp.o(i.HAL_MspInit)
    HAL_NVIC_EnableIRQ                       0x08001641   Thumb Code    26  stm32f1xx_hal_cortex.o(i.HAL_NVIC_EnableIRQ)
    HAL_NVIC_SetPriority                     0x0800165d   Thumb Code    60  stm32f1xx_hal_cortex.o(i.HAL_NVIC_SetPriority)
    HAL_NVIC_SetPriorityGrouping             0x0800169d   Thumb Code    26  stm32f1xx_hal_cortex.o(i.HAL_NVIC_SetPriorityGrouping)
    HAL_RCCEx_PeriphCLKConfig                0x080016c1   Thumb Code   224  stm32f1xx_hal_rcc_ex.o(i.HAL_RCCEx_PeriphCLKConfig)
    HAL_RCC_ClockConfig                      0x080017ad   Thumb Code   280  stm32f1xx_hal_rcc.o(i.HAL_RCC_ClockConfig)
    HAL_RCC_GetPCLK1Freq                     0x080018d9   Thumb Code    20  stm32f1xx_hal_rcc.o(i.HAL_RCC_GetPCLK1Freq)
    HAL_RCC_GetPCLK2Freq                     0x080018f9   Thumb Code    20  stm32f1xx_hal_rcc.o(i.HAL_RCC_GetPCLK2Freq)
    HAL_RCC_GetSysClockFreq                  0x08001919   Thumb Code    58  stm32f1xx_hal_rcc.o(i.HAL_RCC_GetSysClockFreq)
    HAL_RCC_OscConfig                        0x08001965   Thumb Code   778  stm32f1xx_hal_rcc.o(i.HAL_RCC_OscConfig)
    HAL_SYSTICK_Config                       0x08001c85   Thumb Code    40  stm32f1xx_hal_cortex.o(i.HAL_SYSTICK_Config)
    HAL_TIMEx_BreakCallback                  0x08001cad   Thumb Code     2  stm32f1xx_hal_tim_ex.o(i.HAL_TIMEx_BreakCallback)
    HAL_TIMEx_CommutCallback                 0x08001caf   Thumb Code     2  stm32f1xx_hal_tim_ex.o(i.HAL_TIMEx_CommutCallback)
    HAL_TIMEx_ConfigBreakDeadTime            0x08001cb1   Thumb Code    84  stm32f1xx_hal_tim_ex.o(i.HAL_TIMEx_ConfigBreakDeadTime)
    HAL_TIMEx_MasterConfigSynchronization    0x08001d05   Thumb Code   104  stm32f1xx_hal_tim_ex.o(i.HAL_TIMEx_MasterConfigSynchronization)
    HAL_TIM_Base_Init                        0x08001d81   Thumb Code    90  stm32f1xx_hal_tim.o(i.HAL_TIM_Base_Init)
    HAL_TIM_Base_MspInit                     0x08001ddd   Thumb Code    50  tim.o(i.HAL_TIM_Base_MspInit)
    HAL_TIM_ConfigClockSource                0x08001e15   Thumb Code   220  stm32f1xx_hal_tim.o(i.HAL_TIM_ConfigClockSource)
    HAL_TIM_IC_CaptureCallback               0x08001ef1   Thumb Code     2  stm32f1xx_hal_tim.o(i.HAL_TIM_IC_CaptureCallback)
    HAL_TIM_IRQHandler                       0x08001ef3   Thumb Code   304  stm32f1xx_hal_tim.o(i.HAL_TIM_IRQHandler)
    HAL_TIM_MspPostInit                      0x08002025   Thumb Code    98  tim.o(i.HAL_TIM_MspPostInit)
    HAL_TIM_OC_DelayElapsedCallback          0x0800209d   Thumb Code     2  stm32f1xx_hal_tim.o(i.HAL_TIM_OC_DelayElapsedCallback)
    HAL_TIM_PWM_ConfigChannel                0x0800209f   Thumb Code   204  stm32f1xx_hal_tim.o(i.HAL_TIM_PWM_ConfigChannel)
    HAL_TIM_PWM_Init                         0x0800216b   Thumb Code    90  stm32f1xx_hal_tim.o(i.HAL_TIM_PWM_Init)
    HAL_TIM_PWM_MspInit                      0x080021c5   Thumb Code    52  tim.o(i.HAL_TIM_PWM_MspInit)
    HAL_TIM_PWM_PulseFinishedCallback        0x08002205   Thumb Code     2  stm32f1xx_hal_tim.o(i.HAL_TIM_PWM_PulseFinishedCallback)
    HAL_TIM_PWM_Start                        0x08002209   Thumb Code   160  stm32f1xx_hal_tim.o(i.HAL_TIM_PWM_Start)
    HAL_TIM_PeriodElapsedCallback            0x080022bd   Thumb Code     2  main.o(i.HAL_TIM_PeriodElapsedCallback)
    HAL_TIM_TriggerCallback                  0x080022bf   Thumb Code     2  stm32f1xx_hal_tim.o(i.HAL_TIM_TriggerCallback)
    HAL_UART_Init                            0x080022c1   Thumb Code   100  stm32f1xx_hal_uart.o(i.HAL_UART_Init)
    HAL_UART_MspInit                         0x08002325   Thumb Code   356  usart.o(i.HAL_UART_MspInit)
    HAL_UART_Transmit                        0x080024a9   Thumb Code   160  stm32f1xx_hal_uart.o(i.HAL_UART_Transmit)
    HardFault_Handler                        0x08002549   Thumb Code     2  stm32f1xx_it.o(i.HardFault_Handler)
    Init_Cyber                               0x0800254d   Thumb Code    72  cybergear_control.o(i.Init_Cyber)
    JustFloat_8                              0x0800259d   Thumb Code   222  sa_usart.o(i.JustFloat_8)
    MX_ADC1_Init                             0x08002685   Thumb Code    70  adc.o(i.MX_ADC1_Init)
    MX_CAN_Init                              0x080026d5   Thumb Code    60  can.o(i.MX_CAN_Init)
    MX_DMA_Init                              0x08002719   Thumb Code    88  dma.o(i.MX_DMA_Init)
    MX_GPIO_Init                             0x08002775   Thumb Code   244  gpio.o(i.MX_GPIO_Init)
    MX_TIM2_Init                             0x08002879   Thumb Code    98  tim.o(i.MX_TIM2_Init)
    MX_TIM5_Init                             0x080028e1   Thumb Code   118  tim.o(i.MX_TIM5_Init)
    MX_TIM8_Init                             0x08002961   Thumb Code   148  tim.o(i.MX_TIM8_Init)
    MX_USART1_UART_Init                      0x080029fd   Thumb Code    48  usart.o(i.MX_USART1_UART_Init)
    MX_USART3_UART_Init                      0x08002a35   Thumb Code    48  usart.o(i.MX_USART3_UART_Init)
    MemManage_Handler                        0x08002a6d   Thumb Code     2  stm32f1xx_it.o(i.MemManage_Handler)
    Motor_Data_Handler                       0x08002a71   Thumb Code    88  cybergear_control.o(i.Motor_Data_Handler)
    Motor_init                               0x08002ae9   Thumb Code     8  sa_e_shift.o(i.Motor_init)
    Motor_run                                0x08002af5   Thumb Code    38  sa_e_shift.o(i.Motor_run)
    NMI_Handler                              0x08002b25   Thumb Code     2  stm32f1xx_it.o(i.NMI_Handler)
    PendSV_Handler                           0x08002b27   Thumb Code     2  stm32f1xx_it.o(i.PendSV_Handler)
    SVC_Handler                              0x08002b29   Thumb Code     2  stm32f1xx_it.o(i.SVC_Handler)
    Set_Cyber_Mode                           0x08002b2b   Thumb Code    28  cybergear_control.o(i.Set_Cyber_Mode)
    Set_Cyber_Parameter                      0x08002b49   Thumb Code    74  cybergear_control.o(i.Set_Cyber_Parameter)
    Set_Cyber_Pos                            0x08002ba5   Thumb Code    38  cybergear_control.o(i.Set_Cyber_Pos)
    Set_Cyber_ZeroPos                        0x08002bd5   Thumb Code    36  cybergear_control.o(i.Set_Cyber_ZeroPos)
    Set_Cyber_limitSp                        0x08002c09   Thumb Code    22  cybergear_control.o(i.Set_Cyber_limitSp)
    Set_Cyber_limitTor                       0x08002c1f   Thumb Code    22  cybergear_control.o(i.Set_Cyber_limitTor)
    Start_Cyber                              0x08002c35   Thumb Code    30  cybergear_control.o(i.Start_Cyber)
    Start_ready                              0x08002c65   Thumb Code    16  cybergear_control.o(i.Start_ready)
    Stop_Cyber                               0x08002c79   Thumb Code    34  cybergear_control.o(i.Stop_Cyber)
    SysTick_Handler                          0x08002ca9   Thumb Code     4  stm32f1xx_it.o(i.SysTick_Handler)
    SystemClock_Config                       0x08002cad   Thumb Code   122  main.o(i.SystemClock_Config)
    SystemInit                               0x08002d27   Thumb Code     2  system_stm32f1xx.o(i.SystemInit)
    TIM2_IRQHandler                          0x08002d29   Thumb Code     6  stm32f1xx_it.o(i.TIM2_IRQHandler)
    TIM_Base_SetConfig                       0x08002d35   Thumb Code   134  stm32f1xx_hal_tim.o(i.TIM_Base_SetConfig)
    TIM_CCxChannelCmd                        0x08002dd1   Thumb Code    26  stm32f1xx_hal_tim.o(i.TIM_CCxChannelCmd)
    TIM_ETR_SetConfig                        0x08002deb   Thumb Code    20  stm32f1xx_hal_tim.o(i.TIM_ETR_SetConfig)
    TIM_OC2_SetConfig                        0x08002e71   Thumb Code    98  stm32f1xx_hal_tim.o(i.TIM_OC2_SetConfig)
    UPSHIFT_flag                             0x08003155   Thumb Code    20  sa_e_shift.o(i.UPSHIFT_flag)
    USB_LP_CAN1_RX0_IRQHandler               0x0800316d   Thumb Code     6  stm32f1xx_it.o(i.USB_LP_CAN1_RX0_IRQHandler)
    UsageFault_Handler                       0x08003179   Thumb Code     2  stm32f1xx_it.o(i.UsageFault_Handler)
    __scatterload_copy                       0x0800319b   Thumb Code    14  handlers.o(i.__scatterload_copy)
    __scatterload_null                       0x080031a9   Thumb Code     2  handlers.o(i.__scatterload_null)
    __scatterload_zeroinit                   0x080031ab   Thumb Code    14  handlers.o(i.__scatterload_zeroinit)
    get_key_num                              0x080031b9   Thumb Code    64  sa_key.o(i.get_key_num)
    main                                     0x08003201   Thumb Code   308  main.o(i.main)
    pre_pos_ready                            0x08003351   Thumb Code    30  cybergear_control.o(i.pre_pos_ready)
    uint16_to_float                          0x0800336f   Thumb Code    58  cybergear_control.o(i.uint16_to_float)
    AHBPrescTable                            0x080033ba   Data          16  system_stm32f1xx.o(.constdata)
    APBPrescTable                            0x080033ca   Data           8  system_stm32f1xx.o(.constdata)
    Region$$Table$$Base                      0x080033d4   Number         0  anon$$obj.o(Region$$Table)
    Region$$Table$$Limit                     0x080033f4   Number         0  anon$$obj.o(Region$$Table)
    Eshift_up_flag                           0x20000000   Data           1  main.o(.data)
    key_num                                  0x20000001   Data           1  main.o(.data)
    Motor_speed                              0x20000002   Data           2  main.o(.data)
    Motor_dir                                0x20000004   Data           2  main.o(.data)
    uwTickFreq                               0x20000008   Data           1  stm32f1xx_hal.o(.data)
    uwTickPrio                               0x2000000c   Data           4  stm32f1xx_hal.o(.data)
    uwTick                                   0x20000010   Data           4  stm32f1xx_hal.o(.data)
    SystemCoreClock                          0x20000014   Data           4  system_stm32f1xx.o(.data)
    RxFlag_1                                 0x20000018   Data           1  sa_usart.o(.data)
    RxFlag_3                                 0x20000019   Data           1  sa_usart.o(.data)
    dataship                                 0x2000001a   Data           2  sa_usart.o(.data)
    tail                                     0x2000001c   Data           4  sa_usart.o(.data)
    ALLspeed                                 0x20000020   Data           4  sa_usart.o(.data)
    c0h                                      0x20000024   Data           4  sa_usart.o(.data)
    c1h                                      0x20000028   Data           4  sa_usart.o(.data)
    c2h                                      0x2000002c   Data           4  sa_usart.o(.data)
    c3h                                      0x20000030   Data           4  sa_usart.o(.data)
    c4h                                      0x20000034   Data           4  sa_usart.o(.data)
    c5h                                      0x20000038   Data           4  sa_usart.o(.data)
    c6h                                      0x2000003c   Data           4  sa_usart.o(.data)
    c7h                                      0x20000040   Data           4  sa_usart.o(.data)
    send_mail_box                            0x20000044   Data           4  cybergear_control.o(.data)
    byte                                     0x20000048   Data           4  cybergear_control.o(.data)
    rx_data                                  0x2000004c   Data           8  cybergear_control.o(.data)
    hadc1                                    0x20000054   Data          48  adc.o(.bss)
    hcan                                     0x20000084   Data          40  can.o(.bss)
    htim2                                    0x200000ac   Data          72  tim.o(.bss)
    htim5                                    0x200000f4   Data          72  tim.o(.bss)
    htim8                                    0x2000013c   Data          72  tim.o(.bss)
    huart1                                   0x20000184   Data          72  usart.o(.bss)
    huart3                                   0x200001cc   Data          72  usart.o(.bss)
    hdma_usart1_tx                           0x20000214   Data          68  usart.o(.bss)
    hdma_usart1_rx                           0x20000258   Data          68  usart.o(.bss)
    hdma_usart3_tx                           0x2000029c   Data          68  usart.o(.bss)
    hdma_usart3_rx                           0x200002e0   Data          68  usart.o(.bss)
    Cyber                                    0x20000324   Data         108  cybergear_control.o(.bss)
    rxMsg                                    0x20000390   Data          28  cybergear_control.o(.bss)
    txMsg                                    0x200003ac   Data          24  cybergear_control.o(.bss)
    __initial_sp                             0x200007c8   Data           0  startup_stm32f103xe.o(STACK)



==============================================================================

Memory Map of the image

  Image Entry point : 0x08000131

  Load Region LR_IROM1 (Base: 0x08000000, Size: 0x00003448, Max: 0x00040000, ABSOLUTE)

    Execution Region ER_IROM1 (Exec base: 0x08000000, Load base: 0x08000000, Size: 0x000033f4, Max: 0x00040000, ABSOLUTE)

    Exec Addr    Load Addr    Size         Type   Attr      Idx    E Section Name        Object

    0x08000000   0x08000000   0x00000130   Data   RO            3    RESET               startup_stm32f103xe.o
    0x08000130   0x08000130   0x00000000   Code   RO         4321  * .ARM.Collect$$$$00000000  mc_w.l(entry.o)
    0x08000130   0x08000130   0x00000004   Code   RO         4637    .ARM.Collect$$$$00000001  mc_w.l(entry2.o)
    0x08000134   0x08000134   0x00000004   Code   RO         4640    .ARM.Collect$$$$00000004  mc_w.l(entry5.o)
    0x08000138   0x08000138   0x00000000   Code   RO         4642    .ARM.Collect$$$$00000008  mc_w.l(entry7b.o)
    0x08000138   0x08000138   0x00000000   Code   RO         4644    .ARM.Collect$$$$0000000A  mc_w.l(entry8b.o)
    0x08000138   0x08000138   0x00000008   Code   RO         4645    .ARM.Collect$$$$0000000B  mc_w.l(entry9a.o)
    0x08000140   0x08000140   0x00000004   Code   RO         4652    .ARM.Collect$$$$0000000E  mc_w.l(entry12b.o)
    0x08000144   0x08000144   0x00000000   Code   RO         4647    .ARM.Collect$$$$0000000F  mc_w.l(entry10a.o)
    0x08000144   0x08000144   0x00000000   Code   RO         4649    .ARM.Collect$$$$00000011  mc_w.l(entry11a.o)
    0x08000144   0x08000144   0x00000004   Code   RO         4638    .ARM.Collect$$$$00002712  mc_w.l(entry2.o)
    0x08000148   0x08000148   0x00000024   Code   RO            4    .text               startup_stm32f103xe.o
    0x0800016c   0x0800016c   0x00000020   Code   RO         4324    .text               mc_w.l(llushr.o)
    0x0800018c   0x0800018c   0x00000024   Code   RO         4326    .text               mc_w.l(memseta.o)
    0x080001b0   0x080001b0   0x000000b0   Code   RO         4590    .text               mf_w.l(fadd.o)
    0x08000260   0x08000260   0x00000064   Code   RO         4592    .text               mf_w.l(fmul.o)
    0x080002c4   0x080002c4   0x0000007c   Code   RO         4594    .text               mf_w.l(fdiv.o)
    0x08000340   0x08000340   0x000000e4   Code   RO         4598    .text               mf_w.l(dmul.o)
    0x08000424   0x08000424   0x0000000a   Code   RO         4602    .text               mf_w.l(ffltui.o)
    0x0800042e   0x0800042e   0x0000001a   Code   RO         4604    .text               mf_w.l(dfltui.o)
    0x08000448   0x08000448   0x00000028   Code   RO         4608    .text               mf_w.l(ffixui.o)
    0x08000470   0x08000470   0x00000038   Code   RO         4612    .text               mf_w.l(d2f.o)
    0x080004a8   0x080004a8   0x00000014   Code   RO         4614    .text               mf_w.l(cfcmple.o)
    0x080004bc   0x080004bc   0x0000001e   Code   RO         4658    .text               mc_w.l(llshl.o)
    0x080004da   0x080004da   0x00000000   Code   RO         4669    .text               mc_w.l(iusefp.o)
    0x080004da   0x080004da   0x0000006e   Code   RO         4670    .text               mf_w.l(fepilogue.o)
    0x08000548   0x08000548   0x000000ba   Code   RO         4674    .text               mf_w.l(depilogue.o)
    0x08000602   0x08000602   0x00000002   PAD
    0x08000604   0x08000604   0x00000024   Code   RO         4682    .text               mc_w.l(init.o)
    0x08000628   0x08000628   0x00000056   Code   RO          666    i.ADC_ConversionStop_Disable  stm32f1xx_hal_adc.o
    0x0800067e   0x0800067e   0x00000002   Code   RO          494    i.BusFault_Handler  stm32f1xx_it.o
    0x08000680   0x08000680   0x00000048   Code   RO         4104    i.CANtest           cybergear_control.o
    0x080006c8   0x080006c8   0x0000000c   Code   RO          495    i.DMA1_Channel2_IRQHandler  stm32f1xx_it.o
    0x080006d4   0x080006d4   0x0000000c   Code   RO          496    i.DMA1_Channel3_IRQHandler  stm32f1xx_it.o
    0x080006e0   0x080006e0   0x0000000c   Code   RO          497    i.DMA1_Channel4_IRQHandler  stm32f1xx_it.o
    0x080006ec   0x080006ec   0x0000000c   Code   RO          498    i.DMA1_Channel5_IRQHandler  stm32f1xx_it.o
    0x080006f8   0x080006f8   0x00000002   Code   RO          499    i.DebugMon_Handler  stm32f1xx_it.o
    0x080006fa   0x080006fa   0x00000004   Code   RO           13    i.Error_Handler     main.o
    0x080006fe   0x080006fe   0x00000010   Code   RO         3645    i.Float_to_Byte_usart  sa_usart.o
    0x0800070e   0x0800070e   0x00000002   PAD
    0x08000710   0x08000710   0x000000fc   Code   RO          672    i.HAL_ADC_ConfigChannel  stm32f1xx_hal_adc.o
    0x0800080c   0x0800080c   0x00000120   Code   RO          681    i.HAL_ADC_Init      stm32f1xx_hal_adc.o
    0x0800092c   0x0800092c   0x00000058   Code   RO          267    i.HAL_ADC_MspInit   adc.o
    0x08000984   0x08000984   0x00000024   Code   RO         1920    i.HAL_CAN_ActivateNotification  stm32f1xx_hal_can.o
    0x080009a8   0x080009a8   0x000000d0   Code   RO         1921    i.HAL_CAN_AddTxMessage  stm32f1xx_hal_can.o
    0x08000a78   0x08000a78   0x000000ee   Code   RO         1922    i.HAL_CAN_ConfigFilter  stm32f1xx_hal_can.o
    0x08000b66   0x08000b66   0x00000002   Code   RO         1925    i.HAL_CAN_ErrorCallback  stm32f1xx_hal_can.o
    0x08000b68   0x08000b68   0x000000f4   Code   RO         1928    i.HAL_CAN_GetRxMessage  stm32f1xx_hal_can.o
    0x08000c5c   0x08000c5c   0x000001fc   Code   RO         1932    i.HAL_CAN_IRQHandler  stm32f1xx_hal_can.o
    0x08000e58   0x08000e58   0x0000011a   Code   RO         1933    i.HAL_CAN_Init      stm32f1xx_hal_can.o
    0x08000f72   0x08000f72   0x00000002   PAD
    0x08000f74   0x08000f74   0x0000007c   Code   RO          309    i.HAL_CAN_MspInit   can.o
    0x08000ff0   0x08000ff0   0x00000002   Code   RO         1940    i.HAL_CAN_RxFifo0FullCallback  stm32f1xx_hal_can.o
    0x08000ff2   0x08000ff2   0x00000002   PAD
    0x08000ff4   0x08000ff4   0x0000002c   Code   RO         4109    i.HAL_CAN_RxFifo0MsgPendingCallback  cybergear_control.o
    0x08001020   0x08001020   0x00000002   Code   RO         1942    i.HAL_CAN_RxFifo1FullCallback  stm32f1xx_hal_can.o
    0x08001022   0x08001022   0x00000002   Code   RO         1943    i.HAL_CAN_RxFifo1MsgPendingCallback  stm32f1xx_hal_can.o
    0x08001024   0x08001024   0x00000002   Code   RO         1944    i.HAL_CAN_SleepCallback  stm32f1xx_hal_can.o
    0x08001026   0x08001026   0x00000002   PAD
    0x08001028   0x08001028   0x00000058   Code   RO         1945    i.HAL_CAN_Start     stm32f1xx_hal_can.o
    0x08001080   0x08001080   0x00000002   Code   RO         1947    i.HAL_CAN_TxMailbox0AbortCallback  stm32f1xx_hal_can.o
    0x08001082   0x08001082   0x00000002   Code   RO         1948    i.HAL_CAN_TxMailbox0CompleteCallback  stm32f1xx_hal_can.o
    0x08001084   0x08001084   0x00000002   Code   RO         1949    i.HAL_CAN_TxMailbox1AbortCallback  stm32f1xx_hal_can.o
    0x08001086   0x08001086   0x00000002   Code   RO         1950    i.HAL_CAN_TxMailbox1CompleteCallback  stm32f1xx_hal_can.o
    0x08001088   0x08001088   0x00000002   Code   RO         1951    i.HAL_CAN_TxMailbox2AbortCallback  stm32f1xx_hal_can.o
    0x0800108a   0x0800108a   0x00000002   Code   RO         1952    i.HAL_CAN_TxMailbox2CompleteCallback  stm32f1xx_hal_can.o
    0x0800108c   0x0800108c   0x00000002   Code   RO         1954    i.HAL_CAN_WakeUpFromRxMsgCallback  stm32f1xx_hal_can.o
    0x0800108e   0x0800108e   0x00000002   PAD
    0x08001090   0x08001090   0x00000248   Code   RO         1328    i.HAL_DMA_IRQHandler  stm32f1xx_hal_dma.o
    0x080012d8   0x080012d8   0x0000007c   Code   RO         1329    i.HAL_DMA_Init      stm32f1xx_hal_dma.o
    0x08001354   0x08001354   0x00000024   Code   RO          949    i.HAL_Delay         stm32f1xx_hal.o
    0x08001378   0x08001378   0x000001f8   Code   RO         1259    i.HAL_GPIO_Init     stm32f1xx_hal_gpio.o
    0x08001570   0x08001570   0x0000000a   Code   RO         1261    i.HAL_GPIO_ReadPin  stm32f1xx_hal_gpio.o
    0x0800157a   0x0800157a   0x0000000a   Code   RO         1263    i.HAL_GPIO_WritePin  stm32f1xx_hal_gpio.o
    0x08001584   0x08001584   0x0000000c   Code   RO          953    i.HAL_GetTick       stm32f1xx_hal.o
    0x08001590   0x08001590   0x00000010   Code   RO          959    i.HAL_IncTick       stm32f1xx_hal.o
    0x080015a0   0x080015a0   0x00000024   Code   RO          960    i.HAL_Init          stm32f1xx_hal.o
    0x080015c4   0x080015c4   0x00000040   Code   RO          961    i.HAL_InitTick      stm32f1xx_hal.o
    0x08001604   0x08001604   0x0000003c   Code   RO          606    i.HAL_MspInit       stm32f1xx_hal_msp.o
    0x08001640   0x08001640   0x0000001a   Code   RO         1419    i.HAL_NVIC_EnableIRQ  stm32f1xx_hal_cortex.o
    0x0800165a   0x0800165a   0x00000002   PAD
    0x0800165c   0x0800165c   0x00000040   Code   RO         1425    i.HAL_NVIC_SetPriority  stm32f1xx_hal_cortex.o
    0x0800169c   0x0800169c   0x00000024   Code   RO         1426    i.HAL_NVIC_SetPriorityGrouping  stm32f1xx_hal_cortex.o
    0x080016c0   0x080016c0   0x000000ec   Code   RO         1221    i.HAL_RCCEx_PeriphCLKConfig  stm32f1xx_hal_rcc_ex.o
    0x080017ac   0x080017ac   0x0000012c   Code   RO         1117    i.HAL_RCC_ClockConfig  stm32f1xx_hal_rcc.o
    0x080018d8   0x080018d8   0x00000020   Code   RO         1124    i.HAL_RCC_GetPCLK1Freq  stm32f1xx_hal_rcc.o
    0x080018f8   0x080018f8   0x00000020   Code   RO         1125    i.HAL_RCC_GetPCLK2Freq  stm32f1xx_hal_rcc.o
    0x08001918   0x08001918   0x0000004c   Code   RO         1126    i.HAL_RCC_GetSysClockFreq  stm32f1xx_hal_rcc.o
    0x08001964   0x08001964   0x00000320   Code   RO         1129    i.HAL_RCC_OscConfig  stm32f1xx_hal_rcc.o
    0x08001c84   0x08001c84   0x00000028   Code   RO         1430    i.HAL_SYSTICK_Config  stm32f1xx_hal_cortex.o
    0x08001cac   0x08001cac   0x00000002   Code   RO         2859    i.HAL_TIMEx_BreakCallback  stm32f1xx_hal_tim_ex.o
    0x08001cae   0x08001cae   0x00000002   Code   RO         2860    i.HAL_TIMEx_CommutCallback  stm32f1xx_hal_tim_ex.o
    0x08001cb0   0x08001cb0   0x00000054   Code   RO         2862    i.HAL_TIMEx_ConfigBreakDeadTime  stm32f1xx_hal_tim_ex.o
    0x08001d04   0x08001d04   0x0000007c   Code   RO         2878    i.HAL_TIMEx_MasterConfigSynchronization  stm32f1xx_hal_tim_ex.o
    0x08001d80   0x08001d80   0x0000005a   Code   RO         2155    i.HAL_TIM_Base_Init  stm32f1xx_hal_tim.o
    0x08001dda   0x08001dda   0x00000002   PAD
    0x08001ddc   0x08001ddc   0x00000038   Code   RO          375    i.HAL_TIM_Base_MspInit  tim.o
    0x08001e14   0x08001e14   0x000000dc   Code   RO         2164    i.HAL_TIM_ConfigClockSource  stm32f1xx_hal_tim.o
    0x08001ef0   0x08001ef0   0x00000002   Code   RO         2189    i.HAL_TIM_IC_CaptureCallback  stm32f1xx_hal_tim.o
    0x08001ef2   0x08001ef2   0x00000130   Code   RO         2203    i.HAL_TIM_IRQHandler  stm32f1xx_hal_tim.o
    0x08002022   0x08002022   0x00000002   PAD
    0x08002024   0x08002024   0x00000078   Code   RO          376    i.HAL_TIM_MspPostInit  tim.o
    0x0800209c   0x0800209c   0x00000002   Code   RO         2206    i.HAL_TIM_OC_DelayElapsedCallback  stm32f1xx_hal_tim.o
    0x0800209e   0x0800209e   0x000000cc   Code   RO         2227    i.HAL_TIM_PWM_ConfigChannel  stm32f1xx_hal_tim.o
    0x0800216a   0x0800216a   0x0000005a   Code   RO         2230    i.HAL_TIM_PWM_Init  stm32f1xx_hal_tim.o
    0x080021c4   0x080021c4   0x00000040   Code   RO          378    i.HAL_TIM_PWM_MspInit  tim.o
    0x08002204   0x08002204   0x00000002   Code   RO         2233    i.HAL_TIM_PWM_PulseFinishedCallback  stm32f1xx_hal_tim.o
    0x08002206   0x08002206   0x00000002   PAD
    0x08002208   0x08002208   0x000000b4   Code   RO         2235    i.HAL_TIM_PWM_Start  stm32f1xx_hal_tim.o
    0x080022bc   0x080022bc   0x00000002   Code   RO           14    i.HAL_TIM_PeriodElapsedCallback  main.o
    0x080022be   0x080022be   0x00000002   Code   RO         2246    i.HAL_TIM_TriggerCallback  stm32f1xx_hal_tim.o
    0x080022c0   0x080022c0   0x00000064   Code   RO         3156    i.HAL_UART_Init     stm32f1xx_hal_uart.o
    0x08002324   0x08002324   0x00000184   Code   RO          447    i.HAL_UART_MspInit  usart.o
    0x080024a8   0x080024a8   0x000000a0   Code   RO         3164    i.HAL_UART_Transmit  stm32f1xx_hal_uart.o
    0x08002548   0x08002548   0x00000002   Code   RO          500    i.HardFault_Handler  stm32f1xx_it.o
    0x0800254a   0x0800254a   0x00000002   PAD
    0x0800254c   0x0800254c   0x00000050   Code   RO         4110    i.Init_Cyber        cybergear_control.o
    0x0800259c   0x0800259c   0x000000e8   Code   RO         3649    i.JustFloat_8       sa_usart.o
    0x08002684   0x08002684   0x00000050   Code   RO          268    i.MX_ADC1_Init      adc.o
    0x080026d4   0x080026d4   0x00000044   Code   RO          310    i.MX_CAN_Init       can.o
    0x08002718   0x08002718   0x0000005c   Code   RO          350    i.MX_DMA_Init       dma.o
    0x08002774   0x08002774   0x00000104   Code   RO          242    i.MX_GPIO_Init      gpio.o
    0x08002878   0x08002878   0x00000068   Code   RO          379    i.MX_TIM2_Init      tim.o
    0x080028e0   0x080028e0   0x00000080   Code   RO          380    i.MX_TIM5_Init      tim.o
    0x08002960   0x08002960   0x0000009c   Code   RO          381    i.MX_TIM8_Init      tim.o
    0x080029fc   0x080029fc   0x00000038   Code   RO          448    i.MX_USART1_UART_Init  usart.o
    0x08002a34   0x08002a34   0x00000038   Code   RO          449    i.MX_USART3_UART_Init  usart.o
    0x08002a6c   0x08002a6c   0x00000002   Code   RO          501    i.MemManage_Handler  stm32f1xx_it.o
    0x08002a6e   0x08002a6e   0x00000002   PAD
    0x08002a70   0x08002a70   0x00000078   Code   RO         4114    i.Motor_Data_Handler  cybergear_control.o
    0x08002ae8   0x08002ae8   0x0000000c   Code   RO         3997    i.Motor_init        sa_e_shift.o
    0x08002af4   0x08002af4   0x00000030   Code   RO         3998    i.Motor_run         sa_e_shift.o
    0x08002b24   0x08002b24   0x00000002   Code   RO          502    i.NMI_Handler       stm32f1xx_it.o
    0x08002b26   0x08002b26   0x00000002   Code   RO          503    i.PendSV_Handler    stm32f1xx_it.o
    0x08002b28   0x08002b28   0x00000002   Code   RO          504    i.SVC_Handler       stm32f1xx_it.o
    0x08002b2a   0x08002b2a   0x0000001c   Code   RO         4118    i.Set_Cyber_Mode    cybergear_control.o
    0x08002b46   0x08002b46   0x00000002   PAD
    0x08002b48   0x08002b48   0x0000005c   Code   RO         4119    i.Set_Cyber_Parameter  cybergear_control.o
    0x08002ba4   0x08002ba4   0x00000030   Code   RO         4120    i.Set_Cyber_Pos     cybergear_control.o
    0x08002bd4   0x08002bd4   0x00000034   Code   RO         4122    i.Set_Cyber_ZeroPos  cybergear_control.o
    0x08002c08   0x08002c08   0x00000016   Code   RO         4123    i.Set_Cyber_limitSp  cybergear_control.o
    0x08002c1e   0x08002c1e   0x00000016   Code   RO         4124    i.Set_Cyber_limitTor  cybergear_control.o
    0x08002c34   0x08002c34   0x00000030   Code   RO         4126    i.Start_Cyber       cybergear_control.o
    0x08002c64   0x08002c64   0x00000014   Code   RO         4127    i.Start_ready       cybergear_control.o
    0x08002c78   0x08002c78   0x00000030   Code   RO         4128    i.Stop_Cyber        cybergear_control.o
    0x08002ca8   0x08002ca8   0x00000004   Code   RO          505    i.SysTick_Handler   stm32f1xx_it.o
    0x08002cac   0x08002cac   0x0000007a   Code   RO           15    i.SystemClock_Config  main.o
    0x08002d26   0x08002d26   0x00000002   Code   RO         3490    i.SystemInit        system_stm32f1xx.o
    0x08002d28   0x08002d28   0x0000000c   Code   RO          506    i.TIM2_IRQHandler   stm32f1xx_it.o
    0x08002d34   0x08002d34   0x0000009c   Code   RO         2248    i.TIM_Base_SetConfig  stm32f1xx_hal_tim.o
    0x08002dd0   0x08002dd0   0x0000001a   Code   RO         2249    i.TIM_CCxChannelCmd  stm32f1xx_hal_tim.o
    0x08002dea   0x08002dea   0x00000014   Code   RO         2259    i.TIM_ETR_SetConfig  stm32f1xx_hal_tim.o
    0x08002dfe   0x08002dfe   0x00000010   Code   RO         2260    i.TIM_ITRx_SetConfig  stm32f1xx_hal_tim.o
    0x08002e0e   0x08002e0e   0x00000002   PAD
    0x08002e10   0x08002e10   0x00000060   Code   RO         2261    i.TIM_OC1_SetConfig  stm32f1xx_hal_tim.o
    0x08002e70   0x08002e70   0x0000006c   Code   RO         2262    i.TIM_OC2_SetConfig  stm32f1xx_hal_tim.o
    0x08002edc   0x08002edc   0x00000068   Code   RO         2263    i.TIM_OC3_SetConfig  stm32f1xx_hal_tim.o
    0x08002f44   0x08002f44   0x00000050   Code   RO         2264    i.TIM_OC4_SetConfig  stm32f1xx_hal_tim.o
    0x08002f94   0x08002f94   0x00000022   Code   RO         2266    i.TIM_TI1_ConfigInputStage  stm32f1xx_hal_tim.o
    0x08002fb6   0x08002fb6   0x00000024   Code   RO         2268    i.TIM_TI2_ConfigInputStage  stm32f1xx_hal_tim.o
    0x08002fda   0x08002fda   0x0000004e   Code   RO         3179    i.UART_EndRxTransfer  stm32f1xx_hal_uart.o
    0x08003028   0x08003028   0x000000b8   Code   RO         3182    i.UART_SetConfig    stm32f1xx_hal_uart.o
    0x080030e0   0x080030e0   0x00000072   Code   RO         3185    i.UART_WaitOnFlagUntilTimeout  stm32f1xx_hal_uart.o
    0x08003152   0x08003152   0x00000002   PAD
    0x08003154   0x08003154   0x00000018   Code   RO         3999    i.UPSHIFT_flag      sa_e_shift.o
    0x0800316c   0x0800316c   0x0000000c   Code   RO          507    i.USB_LP_CAN1_RX0_IRQHandler  stm32f1xx_it.o
    0x08003178   0x08003178   0x00000002   Code   RO          508    i.UsageFault_Handler  stm32f1xx_it.o
    0x0800317a   0x0800317a   0x00000020   Code   RO         1432    i.__NVIC_SetPriority  stm32f1xx_hal_cortex.o
    0x0800319a   0x0800319a   0x0000000e   Code   RO         4688    i.__scatterload_copy  mc_w.l(handlers.o)
    0x080031a8   0x080031a8   0x00000002   Code   RO         4689    i.__scatterload_null  mc_w.l(handlers.o)
    0x080031aa   0x080031aa   0x0000000e   Code   RO         4690    i.__scatterload_zeroinit  mc_w.l(handlers.o)
    0x080031b8   0x080031b8   0x00000048   Code   RO         3849    i.get_key_num       sa_key.o
    0x08003200   0x08003200   0x00000150   Code   RO           16    i.main              main.o
    0x08003350   0x08003350   0x0000001e   Code   RO         4130    i.pre_pos_ready     cybergear_control.o
    0x0800336e   0x0800336e   0x0000003a   Code   RO         4133    i.uint16_to_float   cybergear_control.o
    0x080033a8   0x080033a8   0x00000012   Data   RO         1130    .constdata          stm32f1xx_hal_rcc.o
    0x080033ba   0x080033ba   0x00000010   Data   RO         3491    .constdata          system_stm32f1xx.o
    0x080033ca   0x080033ca   0x00000008   Data   RO         3492    .constdata          system_stm32f1xx.o
    0x080033d2   0x080033d2   0x00000002   PAD
    0x080033d4   0x080033d4   0x00000020   Data   RO         4686    Region$$Table       anon$$obj.o


    Execution Region RW_IRAM1 (Exec base: 0x20000000, Load base: 0x080033f4, Size: 0x000007c8, Max: 0x0000c000, ABSOLUTE)

    Exec Addr    Load Addr    Size         Type   Attr      Idx    E Section Name        Object

    0x20000000   0x080033f4   0x00000006   Data   RW           19    .data               main.o
    0x20000006   0x080033fa   0x00000002   PAD
    0x20000008   0x080033fc   0x0000000c   Data   RW          967    .data               stm32f1xx_hal.o
    0x20000014   0x08003408   0x00000004   Data   RW         3493    .data               system_stm32f1xx.o
    0x20000018   0x0800340c   0x0000002c   Data   RW         3657    .data               sa_usart.o
    0x20000044   0x08003438   0x00000010   Data   RW         4138    .data               cybergear_control.o
    0x20000054        -       0x00000030   Zero   RW          269    .bss                adc.o
    0x20000084        -       0x00000028   Zero   RW          311    .bss                can.o
    0x200000ac        -       0x000000d8   Zero   RW          382    .bss                tim.o
    0x20000184        -       0x000001a0   Zero   RW          450    .bss                usart.o
    0x20000324        -       0x000000a0   Zero   RW         4135    .bss                cybergear_control.o
    0x200003c4   0x08003448   0x00000004   PAD
    0x200003c8        -       0x00000400   Zero   RW            1    STACK               startup_stm32f103xe.o


==============================================================================

Image component sizes


      Code (inc. data)   RO Data    RW Data    ZI Data      Debug   Object Name

       168         22          0          0         48       1649   adc.o
       192         20          0          0         40       1659   can.o
       784        144          0         16        160      12810   cybergear_control.o
        92          4          0          0          0        786   dma.o
       260         16          0          0          0       1007   gpio.o
       464         28          0          6          0     515334   main.o
        84         18          0          0          0       1576   sa_e_shift.o
        72          8          0          0          0        594   sa_key.o
       248         10          0         44          0       3467   sa_usart.o
        36          8        304          0       1024        804   startup_stm32f103xe.o
       164         28          0         12          0       6529   stm32f1xx_hal.o
       626         28          0          0          0       3364   stm32f1xx_hal_adc.o
      1628          0          0          0          0      13735   stm32f1xx_hal_can.o
       198         14          0          0          0      28947   stm32f1xx_hal_cortex.o
       708         44          0          0          0       2072   stm32f1xx_hal_dma.o
       524         42          0          0          0       3535   stm32f1xx_hal_gpio.o
        60          8          0          0          0        878   stm32f1xx_hal_msp.o
      1240         84         18          0          0       5124   stm32f1xx_hal_rcc.o
       236         12          0          0          0       1388   stm32f1xx_hal_rcc_ex.o
      1772         78          0          0          0      15196   stm32f1xx_hal_tim.o
       212         20          0          0          0       3197   stm32f1xx_hal_tim_ex.o
       636          6          0          0          0       4648   stm32f1xx_hal_uart.o
        92         36          0          0          0       6581   stm32f1xx_it.o
         2          0         24          4          0       1119   system_stm32f1xx.o
       628         64          0          0        216       4256   tim.o
       500         48          0          0        416       2739   usart.o

    ----------------------------------------------------------------------
     11654        790        380         84       1908     642994   Object Totals
         0          0         32          0          0          0   (incl. Generated)
        28          0          2          2          4          0   (incl. Padding)

    ----------------------------------------------------------------------

      Code (inc. data)   RO Data    RW Data    ZI Data      Debug   Library Member Name

         0          0          0          0          0          0   entry.o
         0          0          0          0          0          0   entry10a.o
         0          0          0          0          0          0   entry11a.o
         4          0          0          0          0          0   entry12b.o
         8          4          0          0          0          0   entry2.o
         4          0          0          0          0          0   entry5.o
         0          0          0          0          0          0   entry7b.o
         0          0          0          0          0          0   entry8b.o
         8          4          0          0          0          0   entry9a.o
        30          0          0          0          0          0   handlers.o
        36          8          0          0          0         68   init.o
         0          0          0          0          0          0   iusefp.o
        30          0          0          0          0         68   llshl.o
        32          0          0          0          0         68   llushr.o
        36          0          0          0          0        108   memseta.o
        20          0          0          0          0         68   cfcmple.o
        56          0          0          0          0         88   d2f.o
       186          0          0          0          0        176   depilogue.o
        26          0          0          0          0         76   dfltui.o
       228          0          0          0          0         96   dmul.o
       176          0          0          0          0        140   fadd.o
       124          0          0          0          0         88   fdiv.o
       110          0          0          0          0        168   fepilogue.o
        40          0          0          0          0         68   ffixui.o
        10          0          0          0          0         68   ffltui.o
       100          0          0          0          0         76   fmul.o

    ----------------------------------------------------------------------
      1266         16          0          0          0       1424   Library Totals
         2          0          0          0          0          0   (incl. Padding)

    ----------------------------------------------------------------------

      Code (inc. data)   RO Data    RW Data    ZI Data      Debug   Library Name

       188         16          0          0          0        312   mc_w.l
      1076          0          0          0          0       1112   mf_w.l

    ----------------------------------------------------------------------
      1266         16          0          0          0       1424   Library Totals

    ----------------------------------------------------------------------

==============================================================================


      Code (inc. data)   RO Data    RW Data    ZI Data      Debug   

     12920        806        380         84       1908     637394   Grand Totals
     12920        806        380         84       1908     637394   ELF Image Totals
     12920        806        380         84          0          0   ROM Totals

==============================================================================

    Total RO  Size (Code + RO Data)                13300 (  12.99kB)
    Total RW  Size (RW Data + ZI Data)              1992 (   1.95kB)
    Total ROM Size (Code + RO Data + RW Data)      13384 (  13.07kB)

==============================================================================

