Component: ARM Compiler 5.06 update 7 (build 960) Tool: armlink [4d3601]

==============================================================================

Section Cross References

    startup_stm32f407xx.o(STACK) refers (Special) to heapauxi.o(.text) for __use_two_region_memory
    startup_stm32f407xx.o(HEAP) refers (Special) to heapauxi.o(.text) for __use_two_region_memory
    startup_stm32f407xx.o(RESET) refers (Special) to heapauxi.o(.text) for __use_two_region_memory
    startup_stm32f407xx.o(RESET) refers to startup_stm32f407xx.o(STACK) for __initial_sp
    startup_stm32f407xx.o(RESET) refers to startup_stm32f407xx.o(.text) for Reset_Handler
    startup_stm32f407xx.o(RESET) refers to stm32f4xx_it.o(i.NMI_Handler) for NMI_Handler
    startup_stm32f407xx.o(RESET) refers to stm32f4xx_it.o(i.HardFault_Handler) for HardFault_Handler
    startup_stm32f407xx.o(RESET) refers to stm32f4xx_it.o(i.MemManage_Handler) for MemManage_Handler
    startup_stm32f407xx.o(RESET) refers to stm32f4xx_it.o(i.BusFault_Handler) for BusFault_Handler
    startup_stm32f407xx.o(RESET) refers to stm32f4xx_it.o(i.UsageFault_Handler) for UsageFault_Handler
    startup_stm32f407xx.o(RESET) refers to stm32f4xx_it.o(i.SVC_Handler) for SVC_Handler
    startup_stm32f407xx.o(RESET) refers to stm32f4xx_it.o(i.DebugMon_Handler) for DebugMon_Handler
    startup_stm32f407xx.o(RESET) refers to stm32f4xx_it.o(i.PendSV_Handler) for PendSV_Handler
    startup_stm32f407xx.o(RESET) refers to stm32f4xx_it.o(i.SysTick_Handler) for SysTick_Handler
    startup_stm32f407xx.o(RESET) refers to stm32f4xx_it.o(i.DMA1_Stream1_IRQHandler) for DMA1_Stream1_IRQHandler
    startup_stm32f407xx.o(RESET) refers to stm32f4xx_it.o(i.DMA1_Stream3_IRQHandler) for DMA1_Stream3_IRQHandler
    startup_stm32f407xx.o(RESET) refers to stm32f4xx_it.o(i.CAN1_RX0_IRQHandler) for CAN1_RX0_IRQHandler
    startup_stm32f407xx.o(RESET) refers to stm32f4xx_it.o(i.DMA2_Stream2_IRQHandler) for DMA2_Stream2_IRQHandler
    startup_stm32f407xx.o(RESET) refers to stm32f4xx_it.o(i.CAN2_RX1_IRQHandler) for CAN2_RX1_IRQHandler
    startup_stm32f407xx.o(RESET) refers to stm32f4xx_it.o(i.DMA2_Stream7_IRQHandler) for DMA2_Stream7_IRQHandler
    startup_stm32f407xx.o(.text) refers (Special) to heapauxi.o(.text) for __use_two_region_memory
    startup_stm32f407xx.o(.text) refers to system_stm32f4xx.o(i.SystemInit) for SystemInit
    startup_stm32f407xx.o(.text) refers to __main.o(!!!main) for __main
    startup_stm32f407xx.o(.text) refers to startup_stm32f407xx.o(HEAP) for Heap_Mem
    startup_stm32f407xx.o(.text) refers to startup_stm32f407xx.o(STACK) for Stack_Mem
    main.o(i.SystemClock_Config) refers to rt_memclr_w.o(.text) for __aeabi_memclr4
    main.o(i.SystemClock_Config) refers to stm32f4xx_hal_rcc.o(i.HAL_RCC_OscConfig) for HAL_RCC_OscConfig
    main.o(i.SystemClock_Config) refers to stm32f4xx_hal_rcc.o(i.HAL_RCC_ClockConfig) for HAL_RCC_ClockConfig
    main.o(i.main) refers to stm32f4xx_hal.o(i.HAL_Init) for HAL_Init
    main.o(i.main) refers to main.o(i.SystemClock_Config) for SystemClock_Config
    main.o(i.main) refers to stm32f4xx_hal.o(i.HAL_Delay) for HAL_Delay
    main.o(i.main) refers to gpio.o(i.MX_GPIO_Init) for MX_GPIO_Init
    main.o(i.main) refers to dma.o(i.MX_DMA_Init) for MX_DMA_Init
    main.o(i.main) refers to tim.o(i.MX_TIM1_Init) for MX_TIM1_Init
    main.o(i.main) refers to adc.o(i.MX_ADC1_Init) for MX_ADC1_Init
    main.o(i.main) refers to can.o(i.MX_CAN1_Init) for MX_CAN1_Init
    main.o(i.main) refers to can.o(i.MX_CAN2_Init) for MX_CAN2_Init
    main.o(i.main) refers to i2c.o(i.MX_I2C1_Init) for MX_I2C1_Init
    main.o(i.main) refers to i2c.o(i.MX_I2C2_Init) for MX_I2C2_Init
    main.o(i.main) refers to tim.o(i.MX_TIM13_Init) for MX_TIM13_Init
    main.o(i.main) refers to tim.o(i.MX_TIM14_Init) for MX_TIM14_Init
    main.o(i.main) refers to usart.o(i.MX_USART1_UART_Init) for MX_USART1_UART_Init
    main.o(i.main) refers to usart.o(i.MX_USART2_UART_Init) for MX_USART2_UART_Init
    main.o(i.main) refers to usart.o(i.MX_USART3_UART_Init) for MX_USART3_UART_Init
    main.o(i.main) refers to tim.o(i.MX_TIM2_Init) for MX_TIM2_Init
    main.o(i.main) refers to sa_e_shift.o(i.Motor_Init) for Motor_Init
    main.o(i.main) refers to sa_e_shift.o(i.Radio_Data_Send) for Radio_Data_Send
    main.o(i.main) refers to cybergear_control.o(i.Set_Cyber_Pos) for Set_Cyber_Pos
    main.o(i.main) refers to sa_key.o(i.get_key_num) for get_key_num
    main.o(i.main) refers to cybergear_control.o(i.Stop_Cyber) for Stop_Cyber
    main.o(i.main) refers to cybergear_control.o(i.Start_Cyber) for Start_Cyber
    main.o(i.main) refers to sa_e_shift.o(i.EShift_move) for EShift_move
    main.o(i.main) refers to stm32f4xx_hal_gpio.o(i.HAL_GPIO_WritePin) for HAL_GPIO_WritePin
    main.o(i.main) refers to main.o(.data) for .data
    main.o(i.main) refers to sa_candataprocess.o(.bss) for ECUDATA
    main.o(i.main) refers to cybergear_control.o(.bss) for Shift_Cyber
[...]
    i.HAL_CAN_IRQHandler                     0x08000f5e   Section        0  stm32f4xx_hal_can.o(i.HAL_CAN_IRQHandler)
    i.HAL_CAN_Init                           0x0800115a   Section        0  stm32f4xx_hal_can.o(i.HAL_CAN_Init)
    i.HAL_CAN_MspInit                        0x08001274   Section        0  can.o(i.HAL_CAN_MspInit)
    i.HAL_CAN_RxFifo0FullCallback            0x0800136c   Section        0  stm32f4xx_hal_can.o(i.HAL_CAN_RxFifo0FullCallback)
    i.HAL_CAN_RxFifo0MsgPendingCallback      0x08001370   Section        0  cybergear_control.o(i.HAL_CAN_RxFifo0MsgPendingCallback)
    i.HAL_CAN_RxFifo1FullCallback            0x080013b8   Section        0  stm32f4xx_hal_can.o(i.HAL_CAN_RxFifo1FullCallback)
    i.HAL_CAN_RxFifo1MsgPendingCallback      0x080013bc   Section        0  sa_candataprocess.o(i.HAL_CAN_RxFifo1MsgPendingCallback)
    i.HAL_CAN_SleepCallback                  0x08001400   Section        0  stm32f4xx_hal_can.o(i.HAL_CAN_SleepCallback)
    i.HAL_CAN_Start                          0x08001404   Section        0  stm32f4xx_hal_can.o(i.HAL_CAN_Start)
    i.HAL_CAN_TxMailbox0AbortCallback        0x0800145c   Section        0  stm32f4xx_hal_can.o(i.HAL_CAN_TxMailbox0AbortCallback)
    i.HAL_CAN_TxMailbox0CompleteCallback     0x0800145e   Section        0  stm32f4xx_hal_can.o(i.HAL_CAN_TxMailbox0CompleteCallback)
    i.HAL_CAN_TxMailbox1AbortCallback        0x08001460   Section        0  stm32f4xx_hal_can.o(i.HAL_CAN_TxMailbox1AbortCallback)
    i.HAL_CAN_TxMailbox1CompleteCallback     0x08001462   Section        0  stm32f4xx_hal_can.o(i.HAL_CAN_TxMailbox1CompleteCallback)
    i.HAL_CAN_TxMailbox2AbortCallback        0x08001464   Section        0  stm32f4xx_hal_can.o(i.HAL_CAN_TxMailbox2AbortCallback)
    i.HAL_CAN_TxMailbox2CompleteCallback     0x08001466   Section        0  stm32f4xx_hal_can.o(i.HAL_CAN_TxMailbox2CompleteCallback)
    i.HAL_CAN_WakeUpFromRxMsgCallback        0x08001468   Section        0  stm32f4xx_hal_can.o(i.HAL_CAN_WakeUpFromRxMsgCallback)
    i.HAL_DMA_IRQHandler                     0x0800146c   Section        0  stm32f4xx_hal_dma.o(i.HAL_DMA_IRQHandler)
    i.HAL_DMA_Init                           0x0800160c   Section        0  stm32f4xx_hal_dma.o(i.HAL_DMA_Init)
    i.HAL_Delay                              0x080016e0   Section        0  stm32f4xx_hal.o(i.HAL_Delay)
    i.HAL_GPIO_Init                          0x08001704   Section        0  stm32f4xx_hal_gpio.o(i.HAL_GPIO_Init)
    i.HAL_GPIO_ReadPin                       0x080018f4   Section        0  stm32f4xx_hal_gpio.o(i.HAL_GPIO_ReadPin)
    i.HAL_GPIO_WritePin                      0x080018fe   Section        0  stm32f4xx_hal_gpio.o(i.HAL_GPIO_WritePin)
    i.HAL_GetTick                            0x08001908   Section        0  stm32f4xx_hal.o(i.HAL_GetTick)
    i.HAL_I2C_Init                           0x08001914   Section        0  stm32f4xx_hal_i2c.o(i.HAL_I2C_Init)
    i.HAL_I2C_MspInit                        0x08001a9c   Section        0  i2c.o(i.HAL_I2C_MspInit)
    i.HAL_IncTick                            0x08001b48   Section        0  stm32f4xx_hal.o(i.HAL_IncTick)
    i.HAL_Init                               0x08001b58   Section        0  stm32f4xx_hal.o(i.HAL_Init)
    i.HAL_InitTick                           0x08001b8c   Section        0  stm32f4xx_hal.o(i.HAL_InitTick)
    i.HAL_MspInit                            0x08001bcc   Section        0  stm32f4xx_hal_msp.o(i.HAL_MspInit)
    i.HAL_NVIC_EnableIRQ                     0x08001bfc   Section        0  stm32f4xx_hal_cortex.o(i.HAL_NVIC_EnableIRQ)
    i.HAL_NVIC_SetPriority                   0x08001c18   Section        0  stm32f4xx_hal_cortex.o(i.HAL_NVIC_SetPriority)
    i.HAL_NVIC_SetPriorityGrouping           0x08001c58   Section        0  stm32f4xx_hal_cortex.o(i.HAL_NVIC_SetPriorityGrouping)
    i.HAL_RCC_ClockConfig                    0x08001c7c   Section        0  stm32f4xx_hal_rcc.o(i.HAL_RCC_ClockConfig)
    i.HAL_RCC_GetPCLK1Freq                   0x08001db0   Section        0  stm32f4xx_hal_rcc.o(i.HAL_RCC_GetPCLK1Freq)
    i.HAL_RCC_GetPCLK2Freq                   0x08001dd0   Section        0  stm32f4xx_hal_rcc.o(i.HAL_RCC_GetPCLK2Freq)
    i.HAL_RCC_GetSysClockFreq                0x08001df0   Section        0  stm32f4xx_hal_rcc.o(i.HAL_RCC_GetSysClockFreq)
    i.HAL_RCC_OscConfig                      0x08001e54   Section        0  stm32f4xx_hal_rcc.o(i.HAL_RCC_OscConfig)
    i.HAL_SYSTICK_Config                     0x080021c0   Section        0  stm32f4xx_hal_cortex.o(i.HAL_SYSTICK_Config)
    i.HAL_TIMEx_MasterConfigSynchronization  0x080021e8   Section        0  stm32f4xx_hal_tim_ex.o(i.HAL_TIMEx_MasterConfigSynchronization)
    i.HAL_TIM_Base_Init                      0x08002278   Section        0  stm32f4xx_hal_tim.o(i.HAL_TIM_Base_Init)
    i.HAL_TIM_Base_MspInit                   0x080022d4   Section        0  tim.o(i.HAL_TIM_Base_MspInit)
    i.HAL_TIM_ConfigClockSource              0x0800233c   Section        0  stm32f4xx_hal_tim.o(i.HAL_TIM_ConfigClockSource)
    i.HAL_TIM_MspPostInit                    0x08002418   Section        0  tim.o(i.HAL_TIM_MspPostInit)
    i.HAL_TIM_PWM_ConfigChannel              0x08002488   Section        0  stm32f4xx_hal_tim.o(i.HAL_TIM_PWM_ConfigChannel)
    i.HAL_TIM_PWM_Init                       0x08002554   Section        0  stm32f4xx_hal_tim.o(i.HAL_TIM_PWM_Init)
    i.HAL_TIM_PWM_MspInit                    0x080025ae   Section        0  stm32f4xx_hal_tim.o(i.HAL_TIM_PWM_MspInit)
    i.HAL_TIM_SlaveConfigSynchro             0x080025b0   Section        0  stm32f4xx_hal_tim.o(i.HAL_TIM_SlaveConfigSynchro)
    i.HAL_UART_Init                          0x08002606   Section        0  stm32f4xx_hal_uart.o(i.HAL_UART_Init)
    i.HAL_UART_MspInit                       0x0800266c   Section        0  usart.o(i.HAL_UART_MspInit)
    i.HAL_UART_Transmit                      0x08002828   Section        0  stm32f4xx_hal_uart.o(i.HAL_UART_Transmit)
    i.HardFault_Handler                      0x080028c8   Section        0  stm32f4xx_it.o(i.HardFault_Handler)
    i.Init_Cyber                             0x080028cc   Section        0  cybergear_control.o(i.Init_Cyber)
    i.Init_DATA_CAN                          0x080028e8   Section        0  sa_candataprocess.o(i.Init_DATA_CAN)
    i.Init_MOTO_CAN                          0x08002928   Section        0  cybergear_control.o(i.Init_MOTO_CAN)
    i.JustFloat_16                           0x08002964   Section        0  sa_usart.o(i.JustFloat_16)
    i.JustFloat_16_rs232                     0x08002b1c   Section        0  sa_usart.o(i.JustFloat_16_rs232)
    i.MX_ADC1_Init                           0x08002cd4   Section        0  adc.o(i.MX_ADC1_Init)
    i.MX_CAN1_Init                           0x08002d38   Section        0  can.o(i.MX_CAN1_Init)
    i.MX_CAN2_Init                           0x08002d80   Section        0  can.o(i.MX_CAN2_Init)
    i.MX_DMA_Init                            0x08002dc8   Section        0  dma.o(i.MX_DMA_Init)
    i.MX_GPIO_Init                           0x08002e34   Section        0  gpio.o(i.MX_GPIO_Init)
    i.MX_I2C1_Init                           0x08002f74   Section        0  i2c.o(i.MX_I2C1_Init)
    i.MX_I2C2_Init                           0x08002fb4   Section        0  i2c.o(i.MX_I2C2_Init)
    i.MX_TIM13_Init                          0x08002ff4   Section        0  tim.o(i.MX_TIM13_Init)
    i.MX_TIM14_Init                          0x08003058   Section        0  tim.o(i.MX_TIM14_Init)
    i.MX_TIM1_Init                           0x080030bc   Section        0  tim.o(i.MX_TIM1_Init)
    i.MX_TIM2_Init                           0x08003140   Section        0  tim.o(i.MX_TIM2_Init)
    i.MX_USART1_UART_Init                    0x080031a0   Section        0  usart.o(i.MX_USART1_UART_Init)
    i.MX_USART2_UART_Init                    0x080031d8   Section        0  usart.o(i.MX_USART2_UART_Init)
    i.MX_USART3_UART_Init                    0x08003210   Section        0  usart.o(i.MX_USART3_UART_Init)
    i.MemManage_Handler                      0x08003248   Section        0  stm32f4xx_it.o(i.MemManage_Handler)
    i.Motor_Data_Handler                     0x0800324c   Section        0  cybergear_control.o(i.Motor_Data_Handler)
    i.Motor_Init                             0x080032cc   Section        0  sa_e_shift.o(i.Motor_Init)
    i.NMI_Handler                            0x080033d4   Section        0  stm32f4xx_it.o(i.NMI_Handler)
    i.PendSV_Handler                         0x080033d6   Section        0  stm32f4xx_it.o(i.PendSV_Handler)
    i.Radio_Data_Send                        0x080033d8   Section        0  sa_e_shift.o(i.Radio_Data_Send)
    i.SVC_Handler                            0x0800343a   Section        0  stm32f4xx_it.o(i.SVC_Handler)
    i.Set_Cyber_Mode                         0x0800343c   Section        0  cybergear_control.o(i.Set_Cyber_Mode)
    i.Set_Cyber_Parameter                    0x08003450   Section        0  cybergear_control.o(i.Set_Cyber_Parameter)
    i.Set_Cyber_Pos                          0x080034b4   Section        0  cybergear_control.o(i.Set_Cyber_Pos)
    i.Set_Cyber_ZeroPos                      0x080034ec   Section        0  cybergear_control.o(i.Set_Cyber_ZeroPos)
    i.Set_Cyber_limitSp                      0x08003520   Section        0  cybergear_control.o(i.Set_Cyber_limitSp)
    i.Set_Cyber_limitTor                     0x08003540   Section        0  cybergear_control.o(i.Set_Cyber_limitTor)
    i.Start_Cyber                            0x08003560   Section        0  cybergear_control.o(i.Start_Cyber)
    i.Stop_Cyber                             0x08003590   Section        0  cybergear_control.o(i.Stop_Cyber)
    i.SysTick_Handler                        0x080035c0   Section        0  stm32f4xx_it.o(i.SysTick_Handler)
    i.SystemClock_Config                     0x080035c4   Section        0  main.o(i.SystemClock_Config)
    i.SystemInit                             0x08003658   Section        0  system_stm32f4xx.o(i.SystemInit)
    i.TIM_Base_SetConfig                     0x08003668   Section        0  stm32f4xx_hal_tim.o(i.TIM_Base_SetConfig)
    i.TIM_ETR_SetConfig                      0x08003740   Section        0  stm32f4xx_hal_tim.o(i.TIM_ETR_SetConfig)
    i.TIM_ITRx_SetConfig                     0x08003754   Section        0  stm32f4xx_hal_tim.o(i.TIM_ITRx_SetConfig)
    TIM_ITRx_SetConfig                       0x08003755   Thumb Code    16  stm32f4xx_hal_tim.o(i.TIM_ITRx_SetConfig)
    i.TIM_OC1_SetConfig                      0x08003764   Section        0  stm32f4xx_hal_tim.o(i.TIM_OC1_SetConfig)
    TIM_OC1_SetConfig                        0x08003765   Thumb Code    88  stm32f4xx_hal_tim.o(i.TIM_OC1_SetConfig)
    i.TIM_OC2_SetConfig                      0x080037c4   Section        0  stm32f4xx_hal_tim.o(i.TIM_OC2_SetConfig)
    i.TIM_OC3_SetConfig                      0x08003830   Section        0  stm32f4xx_hal_tim.o(i.TIM_OC3_SetConfig)
    TIM_OC3_SetConfig                        0x08003831   Thumb Code    96  stm32f4xx_hal_tim.o(i.TIM_OC3_SetConfig)
    i.TIM_OC4_SetConfig                      0x08003898   Section        0  stm32f4xx_hal_tim.o(i.TIM_OC4_SetConfig)
    TIM_OC4_SetConfig                        0x08003899   Thumb Code    70  stm32f4xx_hal_tim.o(i.TIM_OC4_SetConfig)
    i.TIM_SlaveTimer_SetConfig               0x080038e8   Section        0  stm32f4xx_hal_tim.o(i.TIM_SlaveTimer_SetConfig)
    TIM_SlaveTimer_SetConfig                 0x080038e9   Thumb Code   140  stm32f4xx_hal_tim.o(i.TIM_SlaveTimer_SetConfig)
    i.TIM_TI1_ConfigInputStage               0x08003974   Section        0  stm32f4xx_hal_tim.o(i.TIM_TI1_ConfigInputStage)
    TIM_TI1_ConfigInputStage                 0x08003975   Thumb Code    34  stm32f4xx_hal_tim.o(i.TIM_TI1_ConfigInputStage)
    i.TIM_TI2_ConfigInputStage               0x08003996   Section        0  stm32f4xx_hal_tim.o(i.TIM_TI2_ConfigInputStage)
    TIM_TI2_ConfigInputStage                 0x08003997   Thumb Code    36  stm32f4xx_hal_tim.o(i.TIM_TI2_ConfigInputStage)
    i.UART_EndRxTransfer                     0x080039ba   Section        0  stm32f4xx_hal_uart.o(i.UART_EndRxTransfer)
    UART_EndRxTransfer                       0x080039bb   Thumb Code    78  stm32f4xx_hal_uart.o(i.UART_EndRxTransfer)
    i.UART_SetConfig                         0x08003a08   Section        0  stm32f4xx_hal_uart.o(i.UART_SetConfig)
    UART_SetConfig                           0x08003a09   Thumb Code   258  stm32f4xx_hal_uart.o(i.UART_SetConfig)
    i.UART_WaitOnFlagUntilTimeout            0x08003b14   Section        0  stm32f4xx_hal_uart.o(i.UART_WaitOnFlagUntilTimeout)
    UART_WaitOnFlagUntilTimeout              0x08003b15   Thumb Code   114  stm32f4xx_hal_uart.o(i.UART_WaitOnFlagUntilTimeout)
    i.UPSHIFT_flag                           0x08003b88   Section        0  sa_e_shift.o(i.UPSHIFT_flag)
    i.UsageFault_Handler                     0x08003ba0   Section        0  stm32f4xx_it.o(i.UsageFault_Handler)
    i.__NVIC_SetPriority                     0x08003ba2   Section        0  stm32f4xx_hal_cortex.o(i.__NVIC_SetPriority)
    __NVIC_SetPriority                       0x08003ba3   Thumb Code    32  stm32f4xx_hal_cortex.o(i.__NVIC_SetPriority)
    i.get_key_num                            0x08003bc4   Section        0  sa_key.o(i.get_key_num)
    i.main                                   0x08003c10   Section        0  main.o(i.main)
    i.pre_pos_ready                          0x08003cec   Section        0  cybergear_control.o(i.pre_pos_ready)
    i.uint16_to_float                        0x08003d42   Section        0  cybergear_control.o(i.uint16_to_float)
    x$fpl$d2f                                0x08003d6c   Section       98  d2f.o(x$fpl$d2f)
    $v0                                      0x08003d6c   Number         0  d2f.o(x$fpl$d2f)
    x$fpl$dadd                               0x08003dd0   Section      336  daddsub_clz.o(x$fpl$dadd)
    $v0                                      0x08003dd0   Number         0  daddsub_clz.o(x$fpl$dadd)
    _dadd1                                   0x08003de1   Thumb Code     0  daddsub_clz.o(x$fpl$dadd)
    x$fpl$dcmpinf                            0x08003f20   Section       24  dcmpi.o(x$fpl$dcmpinf)
    $v0                                      0x08003f20   Number         0  dcmpi.o(x$fpl$dcmpinf)
    x$fpl$dfltu                              0x08003f38   Section       38  dflt_clz.o(x$fpl$dfltu)
    $v0                                      0x08003f38   Number         0  dflt_clz.o(x$fpl$dfltu)
    x$fpl$dleqf                              0x08003f60   Section      120  dleqf.o(x$fpl$dleqf)
    $v0                                      0x08003f60   Number         0  dleqf.o(x$fpl$dleqf)
    x$fpl$dmul                               0x08003fd8   Section      340  dmul.o(x$fpl$dmul)
    $v0                                      0x08003fd8   Number         0  dmul.o(x$fpl$dmul)
    x$fpl$dnaninf                            0x0800412c   Section      156  dnaninf.o(x$fpl$dnaninf)
    $v0                                      0x0800412c   Number         0  dnaninf.o(x$fpl$dnaninf)
    x$fpl$dretinf                            0x080041c8   Section       12  dretinf.o(x$fpl$dretinf)
    $v0                                      0x080041c8   Number         0  dretinf.o(x$fpl$dretinf)
    x$fpl$drleqf                             0x080041d4   Section      108  drleqf.o(x$fpl$drleqf)
    $v0                                      0x080041d4   Number         0  drleqf.o(x$fpl$drleqf)
    x$fpl$dsub                               0x08004240   Section      468  daddsub_clz.o(x$fpl$dsub)
    $v0                                      0x08004240   Number         0  daddsub_clz.o(x$fpl$dsub)
    _dsub1                                   0x08004251   Thumb Code     0  daddsub_clz.o(x$fpl$dsub)
    x$fpl$f2d                                0x08004414   Section       86  f2d.o(x$fpl$f2d)
    $v0                                      0x08004414   Number         0  f2d.o(x$fpl$f2d)
    x$fpl$fnaninf                            0x0800446a   Section      140  fnaninf.o(x$fpl$fnaninf)
    $v0                                      0x0800446a   Number         0  fnaninf.o(x$fpl$fnaninf)
    x$fpl$fpinit                             0x080044f6   Section       10  fpinit.o(x$fpl$fpinit)
    $v0                                      0x080044f6   Number         0  fpinit.o(x$fpl$fpinit)
    x$fpl$fretinf                            0x08004500   Section       10  fretinf.o(x$fpl$fretinf)
    $v0                                      0x08004500   Number         0  fretinf.o(x$fpl$fretinf)
    .constdata                               0x0800450a   Section        8  stm32f4xx_hal_dma.o(.constdata)
    x$fpl$usenofp                            0x0800450a   Section        0  usenofp.o(x$fpl$usenofp)
    flagBitshiftOffset                       0x0800450a   Data           8  stm32f4xx_hal_dma.o(.constdata)
    .constdata                               0x08004512   Section       16  system_stm32f4xx.o(.constdata)
    .constdata                               0x08004522   Section        8  system_stm32f4xx.o(.constdata)
    .data                                    0x20000000   Section        1  main.o(.data)
    .data                                    0x20000004   Section        4  can.o(.data)
    HAL_RCC_CAN1_CLK_ENABLED                 0x20000004   Data           4  can.o(.data)
    .data                                    0x20000008   Section       12  stm32f4xx_hal.o(.data)
    .data                                    0x20000014   Section        4  system_stm32f4xx.o(.data)
    .data                                    0x20000018   Section       76  sa_usart.o(.data)
    .data                                    0x20000064   Section       32  sa_e_shift.o(.data)
    .data                                    0x20000084   Section        8  sa_candataprocess.o(.data)
    .data                                    0x2000008c   Section       20  cybergear_control.o(.data)
    .bss                                     0x200000a0   Section       72  adc.o(.bss)
    .bss                                     0x200000e8   Section       80  can.o(.bss)
    .bss                                     0x20000138   Section      168  i2c.o(.bss)
    .bss                                     0x200001e0   Section      288  tim.o(.bss)
    .bss                                     0x20000300   Section      600  usart.o(.bss)
    .bss                                     0x20000558   Section       72  sa_candataprocess.o(.bss)
    .bss                                     0x200005a0   Section      268  cybergear_control.o(.bss)
    .bss                                     0x200006ac   Section       96  libspace.o(.bss)
    HEAP                                     0x20000710   Section      512  startup_stm32f407xx.o(HEAP)
    Heap_Mem                                 0x20000710   Data         512  startup_stm32f407xx.o(HEAP)
    STACK                                    0x20000910   Section     1024  startup_stm32f407xx.o(STACK)
    Stack_Mem                                0x20000910   Data        1024  startup_stm32f407xx.o(STACK)
    __initial_sp                             0x20000d10   Data           0  startup_stm32f407xx.o(STACK)

    Global Symbols

    Symbol Name                              Value     Ov Type        Size  Object(Section)

    BuildAttributes$$THM_ISAv4$E$P$D$K$B$S$7EM$VFPi3$EXTD16$VFPS$VFMA$PE$A:L22UL41UL21$X:L11$S22US41US21$IEEE1$IW$USESV6$~STKCKD$USESV7$~SHL$OTIME$ROPI$IEEEX$EBA8$UX$STANDARDLIB$REQ8$PRES8$EABIv2 0x00000000   Number         0  anon$$obj.o ABSOLUTE
    __ARM_use_no_argv                        0x00000000   Number         0  main.o ABSOLUTE
    __ARM_exceptions_init                     - Undefined Weak Reference
    __alloca_initialize                       - Undefined Weak Reference
    __arm_fini_                               - Undefined Weak Reference
    __arm_preinit_                            - Undefined Weak Reference
    __cpp_initialize__aeabi_                  - Undefined Weak Reference
    __cxa_finalize                            - Undefined Weak Reference
    __rt_locale                               - Undefined Weak Reference
    __sigvec_lookup                           - Undefined Weak Reference
    __user_heap_extent                        - Undefined Weak Reference
    _atexit_init                              - Undefined Weak Reference
    _call_atexit_fns                          - Undefined Weak Reference
    _clock_init                               - Undefined Weak Reference
    _fp_trap_init                             - Undefined Weak Reference
    _fp_trap_shutdown                         - Undefined Weak Reference
    _get_lc_collate                           - Undefined Weak Reference
    _get_lc_ctype                             - Undefined Weak Reference
    _get_lc_monetary                          - Undefined Weak Reference
    _get_lc_numeric                           - Undefined Weak Reference
    _get_lc_time                              - Undefined Weak Reference
    _getenv_init                              - Undefined Weak Reference
    _handle_redirection                       - Undefined Weak Reference
    _mutex_acquire                            - Undefined Weak Reference
    _mutex_free                               - Undefined Weak Reference
    _mutex_release                            - Undefined Weak Reference
    _rand_init                                - Undefined Weak Reference
    _signal_finish                            - Undefined Weak Reference
    _signal_init                              - Undefined Weak Reference
    __Vectors_Size                           0x00000188   Number         0  startup_stm32f407xx.o ABSOLUTE
    __Vectors                                0x08000000   Data           4  startup_stm32f407xx.o(RESET)
    __Vectors_End                            0x08000188   Data           0  startup_stm32f407xx.o(RESET)
    __main                                   0x08000189   Thumb Code     8  __main.o(!!!main)
    __scatterload                            0x08000191   Thumb Code     0  __scatter.o(!!!scatter)
    __scatterload_rt2                        0x08000191   Thumb Code    44  __scatter.o(!!!scatter)
    __scatterload_rt2_thumb_only             0x08000191   Thumb Code     0  __scatter.o(!!!scatter)
    __scatterload_null                       0x0800019f   Thumb Code     0  __scatter.o(!!!scatter)
    __scatterload_copy                       0x080001c5   Thumb Code    26  __scatter_copy.o(!!handler_copy)
    __scatterload_zeroinit                   0x080001e1   Thumb Code    28  __scatter_zi.o(!!handler_zi)
    __rt_lib_init                            0x080001fd   Thumb Code     0  libinit.o(.ARM.Collect$$libinit$$00000000)
    __rt_lib_init_fp_1                       0x080001ff   Thumb Code     0  libinit2.o(.ARM.Collect$$libinit$$00000001)
    __rt_lib_init_alloca_1                   0x08000203   Thumb Code     0  libinit2.o(.ARM.Collect$$libinit$$0000002E)
    __rt_lib_init_argv_1                     0x08000203   Thumb Code     0  libinit2.o(.ARM.Collect$$libinit$$0000002C)
    __rt_lib_init_atexit_1                   0x08000203   Thumb Code     0  libinit2.o(.ARM.Collect$$libinit$$0000001B)
    __rt_lib_init_clock_1                    0x08000203   Thumb Code     0  libinit2.o(.ARM.Collect$$libinit$$00000021)
    __rt_lib_init_cpp_1                      0x08000203   Thumb Code     0  libinit2.o(.ARM.Collect$$libinit$$00000032)
    __rt_lib_init_exceptions_1               0x08000203   Thumb Code     0  libinit2.o(.ARM.Collect$$libinit$$00000030)
    __rt_lib_init_fp_trap_1                  0x08000203   Thumb Code     0  libinit2.o(.ARM.Collect$$libinit$$0000001F)
    __rt_lib_init_getenv_1                   0x08000203   Thumb Code     0  libinit2.o(.ARM.Collect$$libinit$$00000023)
    __rt_lib_init_heap_1                     0x08000203   Thumb Code     0  libinit2.o(.ARM.Collect$$libinit$$0000000A)
    __rt_lib_init_lc_collate_1               0x08000203   Thumb Code     0  libinit2.o(.ARM.Collect$$libinit$$00000011)
    __rt_lib_init_lc_ctype_1                 0x08000203   Thumb Code     0  libinit2.o(.ARM.Collect$$libinit$$00000013)
    __rt_lib_init_lc_monetary_1              0x08000203   Thumb Code     0  libinit2.o(.ARM.Collect$$libinit$$00000015)
    __rt_lib_init_lc_numeric_1               0x08000203   Thumb Code     0  libinit2.o(.ARM.Collect$$libinit$$00000017)
    __rt_lib_init_lc_time_1                  0x08000203   Thumb Code     0  libinit2.o(.ARM.Collect$$libinit$$00000019)
    __rt_lib_init_preinit_1                  0x08000203   Thumb Code     0  libinit2.o(.ARM.Collect$$libinit$$00000004)
    __rt_lib_init_rand_1                     0x08000203   Thumb Code     0  libinit2.o(.ARM.Collect$$libinit$$0000000E)
    __rt_lib_init_return                     0x08000203   Thumb Code     0  libinit2.o(.ARM.Collect$$libinit$$00000033)
    __rt_lib_init_signal_1                   0x08000203   Thumb Code     0  libinit2.o(.ARM.Collect$$libinit$$0000001D)
    __rt_lib_init_stdio_1                    0x08000203   Thumb Code     0  libinit2.o(.ARM.Collect$$libinit$$00000025)
    __rt_lib_init_user_alloc_1               0x08000203   Thumb Code     0  libinit2.o(.ARM.Collect$$libinit$$0000000C)
    __rt_lib_shutdown                        0x08000205   Thumb Code     0  libshutdown.o(.ARM.Collect$$libshutdown$$00000000)
    __rt_lib_shutdown_cpp_1                  0x08000207   Thumb Code     0  libshutdown2.o(.ARM.Collect$$libshutdown$$00000004)
    __rt_lib_shutdown_fini_1                 0x08000207   Thumb Code     0  libshutdown2.o(.ARM.Collect$$libshutdown$$00000002)
    __rt_lib_shutdown_fp_trap_1              0x08000207   Thumb Code     0  libshutdown2.o(.ARM.Collect$$libshutdown$$00000009)
    __rt_lib_shutdown_heap_1                 0x08000207   Thumb Code     0  libshutdown2.o(.ARM.Collect$$libshutdown$$00000011)
    __rt_lib_shutdown_return                 0x08000207   Thumb Code     0  libshutdown2.o(.ARM.Collect$$libshutdown$$00000012)
    __rt_lib_shutdown_signal_1               0x08000207   Thumb Code     0  libshutdown2.o(.ARM.Collect$$libshutdown$$0000000C)
    __rt_lib_shutdown_stdio_1                0x08000207   Thumb Code     0  libshutdown2.o(.ARM.Collect$$libshutdown$$00000006)
    __rt_lib_shutdown_user_alloc_1           0x08000207   Thumb Code     0  libshutdown2.o(.ARM.Collect$$libshutdown$$0000000E)
    __rt_entry                               0x08000209   Thumb Code     0  __rtentry.o(.ARM.Collect$$rtentry$$00000000)
    __rt_entry_presh_1                       0x08000209   Thumb Code     0  __rtentry2.o(.ARM.Collect$$rtentry$$00000002)
    __rt_entry_sh                            0x08000209   Thumb Code     0  __rtentry4.o(.ARM.Collect$$rtentry$$00000004)
    __rt_entry_li                            0x0800020f   Thumb Code     0  __rtentry2.o(.ARM.Collect$$rtentry$$0000000A)
    __rt_entry_postsh_1                      0x0800020f   Thumb Code     0  __rtentry2.o(.ARM.Collect$$rtentry$$00000009)
    __rt_entry_main                          0x08000213   Thumb Code     0  __rtentry2.o(.ARM.Collect$$rtentry$$0000000D)
    __rt_entry_postli_1                      0x08000213   Thumb Code     0  __rtentry2.o(.ARM.Collect$$rtentry$$0000000C)
    __rt_exit                                0x0800021b   Thumb Code     0  rtexit.o(.ARM.Collect$$rtexit$$00000000)
    __rt_exit_ls                             0x0800021d   Thumb Code     0  rtexit2.o(.ARM.Collect$$rtexit$$00000003)
    __rt_exit_prels_1                        0x0800021d   Thumb Code     0  rtexit2.o(.ARM.Collect$$rtexit$$00000002)
    __rt_exit_exit                           0x08000221   Thumb Code     0  rtexit2.o(.ARM.Collect$$rtexit$$00000004)
    Reset_Handler                            0x08000229   Thumb Code     8  startup_stm32f407xx.o(.text)
    ADC_IRQHandler                           0x08000243   Thumb Code     0  startup_stm32f407xx.o(.text)
    CAN1_RX1_IRQHandler                      0x08000243   Thumb Code     0  startup_stm32f407xx.o(.text)
    CAN1_SCE_IRQHandler                      0x08000243   Thumb Code     0  startup_stm32f407xx.o(.text)
    CAN1_TX_IRQHandler                       0x08000243   Thumb Code     0  startup_stm32f407xx.o(.text)
    CAN2_RX0_IRQHandler                      0x08000243   Thumb Code     0  startup_stm32f407xx.o(.text)
    CAN2_SCE_IRQHandler                      0x08000243   Thumb Code     0  startup_stm32f407xx.o(.text)
    CAN2_TX_IRQHandler                       0x08000243   Thumb Code     0  startup_stm32f407xx.o(.text)
    DCMI_IRQHandler                          0x08000243   Thumb Code     0  startup_stm32f407xx.o(.text)
    DMA1_Stream0_IRQHandler                  0x08000243   Thumb Code     0  startup_stm32f407xx.o(.text)
    DMA1_Stream2_IRQHandler                  0x08000243   Thumb Code     0  startup_stm32f407xx.o(.text)
    DMA1_Stream4_IRQHandler                  0x08000243   Thumb Code     0  startup_stm32f407xx.o(.text)
    DMA1_Stream5_IRQHandler                  0x08000243   Thumb Code     0  startup_stm32f407xx.o(.text)
    DMA1_Stream6_IRQHandler                  0x08000243   Thumb Code     0  startup_stm32f407xx.o(.text)
    DMA1_Stream7_IRQHandler                  0x08000243   Thumb Code     0  startup_stm32f407xx.o(.text)
    DMA2_Stream0_IRQHandler                  0x08000243   Thumb Code     0  startup_stm32f407xx.o(.text)
    DMA2_Stream1_IRQHandler                  0x08000243   Thumb Code     0  startup_stm32f407xx.o(.text)
    DMA2_Stream3_IRQHandler                  0x08000243   Thumb Code     0  startup_stm32f407xx.o(.text)
    DMA2_Stream4_IRQHandler                  0x08000243   Thumb Code     0  startup_stm32f407xx.o(.text)
    DMA2_Stream5_IRQHandler                  0x08000243   Thumb Code     0  startup_stm32f407xx.o(.text)
    DMA2_Stream6_IRQHandler                  0x08000243   Thumb Code     0  startup_stm32f407xx.o(.text)
    ETH_IRQHandler                           0x08000243   Thumb Code     0  startup_stm32f407xx.o(.text)
    ETH_WKUP_IRQHandler                      0x08000243   Thumb Code     0  startup_stm32f407xx.o(.text)
    EXTI0_IRQHandler                         0x08000243   Thumb Code     0  startup_stm32f407xx.o(.text)
    EXTI15_10_IRQHandler                     0x08000243   Thumb Code     0  startup_stm32f407xx.o(.text)
    EXTI1_IRQHandler                         0x08000243   Thumb Code     0  startup_stm32f407xx.o(.text)
    EXTI2_IRQHandler                         0x08000243   Thumb Code     0  startup_stm32f407xx.o(.text)
    EXTI3_IRQHandler                         0x08000243   Thumb Code     0  startup_stm32f407xx.o(.text)
    EXTI4_IRQHandler                         0x08000243   Thumb Code     0  startup_stm32f407xx.o(.text)
    EXTI9_5_IRQHandler                       0x08000243   Thumb Code     0  startup_stm32f407xx.o(.text)
    FLASH_IRQHandler                         0x08000243   Thumb Code     0  startup_stm32f407xx.o(.text)
    FMC_IRQHandler                           0x08000243   Thumb Code     0  startup_stm32f407xx.o(.text)
    FPU_IRQHandler                           0x08000243   Thumb Code     0  startup_stm32f407xx.o(.text)
    HASH_RNG_IRQHandler                      0x08000243   Thumb Code     0  startup_stm32f407xx.o(.text)
    I2C1_ER_IRQHandler                       0x08000243   Thumb Code     0  startup_stm32f407xx.o(.text)
    I2C1_EV_IRQHandler                       0x08000243   Thumb Code     0  startup_stm32f407xx.o(.text)
    I2C2_ER_IRQHandler                       0x08000243   Thumb Code     0  startup_stm32f407xx.o(.text)
    I2C2_EV_IRQHandler                       0x08000243   Thumb Code     0  startup_stm32f407xx.o(.text)
    I2C3_ER_IRQHandler                       0x08000243   Thumb Code     0  startup_stm32f407xx.o(.text)
    I2C3_EV_IRQHandler                       0x08000243   Thumb Code     0  startup_stm32f407xx.o(.text)
    OTG_FS_IRQHandler                        0x08000243   Thumb Code     0  startup_stm32f407xx.o(.text)
    OTG_FS_WKUP_IRQHandler                   0x08000243   Thumb Code     0  startup_stm32f407xx.o(.text)
    OTG_HS_EP1_IN_IRQHandler                 0x08000243   Thumb Code     0  startup_stm32f407xx.o(.text)
    OTG_HS_EP1_OUT_IRQHandler                0x08000243   Thumb Code     0  startup_stm32f407xx.o(.text)
    OTG_HS_IRQHandler                        0x08000243   Thumb Code     0  startup_stm32f407xx.o(.text)
    OTG_HS_WKUP_IRQHandler                   0x08000243   Thumb Code     0  startup_stm32f407xx.o(.text)
    PVD_IRQHandler                           0x08000243   Thumb Code     0  startup_stm32f407xx.o(.text)
    RCC_IRQHandler                           0x08000243   Thumb Code     0  startup_stm32f407xx.o(.text)
    RTC_Alarm_IRQHandler                     0x08000243   Thumb Code     0  startup_stm32f407xx.o(.text)
    RTC_WKUP_IRQHandler                      0x08000243   Thumb Code     0  startup_stm32f407xx.o(.text)
    SDIO_IRQHandler                          0x08000243   Thumb Code     0  startup_stm32f407xx.o(.text)
    SPI1_IRQHandler                          0x08000243   Thumb Code     0  startup_stm32f407xx.o(.text)
    SPI2_IRQHandler                          0x08000243   Thumb Code     0  startup_stm32f407xx.o(.text)
    SPI3_IRQHandler                          0x08000243   Thumb Code     0  startup_stm32f407xx.o(.text)
    TAMP_STAMP_IRQHandler                    0x08000243   Thumb Code     0  startup_stm32f407xx.o(.text)
    TIM1_BRK_TIM9_IRQHandler                 0x08000243   Thumb Code     0  startup_stm32f407xx.o(.text)
    TIM1_CC_IRQHandler                       0x08000243   Thumb Code     0  startup_stm32f407xx.o(.text)
    TIM1_TRG_COM_TIM11_IRQHandler            0x08000243   Thumb Code     0  startup_stm32f407xx.o(.text)
    TIM1_UP_TIM10_IRQHandler                 0x08000243   Thumb Code     0  startup_stm32f407xx.o(.text)
    TIM2_IRQHandler                          0x08000243   Thumb Code     0  startup_stm32f407xx.o(.text)
    TIM3_IRQHandler                          0x08000243   Thumb Code     0  startup_stm32f407xx.o(.text)
    TIM4_IRQHandler                          0x08000243   Thumb Code     0  startup_stm32f407xx.o(.text)
    TIM5_IRQHandler                          0x08000243   Thumb Code     0  startup_stm32f407xx.o(.text)
    TIM6_DAC_IRQHandler                      0x08000243   Thumb Code     0  startup_stm32f407xx.o(.text)
    TIM7_IRQHandler                          0x08000243   Thumb Code     0  startup_stm32f407xx.o(.text)
    TIM8_BRK_TIM12_IRQHandler                0x08000243   Thumb Code     0  startup_stm32f407xx.o(.text)
    TIM8_CC_IRQHandler                       0x08000243   Thumb Code     0  startup_stm32f407xx.o(.text)
    TIM8_TRG_COM_TIM14_IRQHandler            0x08000243   Thumb Code     0  startup_stm32f407xx.o(.text)
    TIM8_UP_TIM13_IRQHandler                 0x08000243   Thumb Code     0  startup_stm32f407xx.o(.text)
    UART4_IRQHandler                         0x08000243   Thumb Code     0  startup_stm32f407xx.o(.text)
    UART5_IRQHandler                         0x08000243   Thumb Code     0  startup_stm32f407xx.o(.text)
    USART1_IRQHandler                        0x08000243   Thumb Code     0  startup_stm32f407xx.o(.text)
    USART2_IRQHandler                        0x08000243   Thumb Code     0  startup_stm32f407xx.o(.text)
    USART3_IRQHandler                        0x08000243   Thumb Code     0  startup_stm32f407xx.o(.text)
    USART6_IRQHandler                        0x08000243   Thumb Code     0  startup_stm32f407xx.o(.text)
    WWDG_IRQHandler                          0x08000243   Thumb Code     0  startup_stm32f407xx.o(.text)
    __user_initial_stackheap                 0x08000245   Thumb Code     0  startup_stm32f407xx.o(.text)
    __aeabi_uldivmod                         0x08000269   Thumb Code     0  lludivv7m.o(.text)
    _ll_udiv                                 0x08000269   Thumb Code   238  lludivv7m.o(.text)
    __aeabi_memclr4                          0x08000357   Thumb Code     0  rt_memclr_w.o(.text)
    __aeabi_memclr8                          0x08000357   Thumb Code     0  rt_memclr_w.o(.text)
    __rt_memclr_w                            0x08000357   Thumb Code    78  rt_memclr_w.o(.text)
    _memset_w                                0x0800035b   Thumb Code     0  rt_memclr_w.o(.text)
    __use_two_region_memory                  0x080003a5   Thumb Code     2  heapauxi.o(.text)
    __rt_heap_escrow                         0x080003a7   Thumb Code     2  heapauxi.o(.text)
    __rt_heap_expand                         0x080003a9   Thumb Code     2  heapauxi.o(.text)
    __user_libspace                          0x080003ad   Thumb Code     8  libspace.o(.text)
    __user_perproc_libspace                  0x080003ad   Thumb Code     0  libspace.o(.text)
    __user_perthread_libspace                0x080003ad   Thumb Code     0  libspace.o(.text)
    __user_setup_stackheap                   0x080003b5   Thumb Code    74  sys_stackheap_outer.o(.text)
    exit                                     0x080003ff   Thumb Code    18  exit.o(.text)
    __I$use$semihosting                      0x08000411   Thumb Code     0  use_no_semi.o(.text)
    __use_no_semihosting_swi                 0x08000411   Thumb Code     2  use_no_semi.o(.text)
    __semihosting_library_function           0x08000413   Thumb Code     0  indicate_semi.o(.text)
    _sys_exit                                0x08000415   Thumb Code     8  sys_exit.o(.text)
    BusFault_Handler                         0x08000549   Thumb Code     2  stm32f4xx_it.o(i.BusFault_Handler)
    CAN1_RX0_IRQHandler                      0x0800054d   Thumb Code     6  stm32f4xx_it.o(i.CAN1_RX0_IRQHandler)
    CAN2_RX1_IRQHandler                      0x08000559   Thumb Code     6  stm32f4xx_it.o(i.CAN2_RX1_IRQHandler)
    CZCD_CANData_tran                        0x08000565   Thumb Code   342  sa_candataprocess.o(i.CZCD_CANData_tran)
    DMA1_Stream1_IRQHandler                  0x080006e5   Thumb Code     6  stm32f4xx_it.o(i.DMA1_Stream1_IRQHandler)
    DMA1_Stream3_IRQHandler                  0x080006f1   Thumb Code     6  stm32f4xx_it.o(i.DMA1_Stream3_IRQHandler)
    DMA2_Stream2_IRQHandler                  0x080006fd   Thumb Code     6  stm32f4xx_it.o(i.DMA2_Stream2_IRQHandler)
    DMA2_Stream7_IRQHandler                  0x08000709   Thumb Code     6  stm32f4xx_it.o(i.DMA2_Stream7_IRQHandler)
    DOWNSHIFT_flag                           0x08000791   Thumb Code    20  sa_e_shift.o(i.DOWNSHIFT_flag)
    DebugMon_Handler                         0x080007a9   Thumb Code     2  stm32f4xx_it.o(i.DebugMon_Handler)
    EShift_move                              0x080007ad   Thumb Code   410  sa_e_shift.o(i.EShift_move)
    Error_Handler                            0x08000965   Thumb Code     4  main.o(i.Error_Handler)
    Float_to_Byte_usart                      0x08000969   Thumb Code    20  sa_usart.o(i.Float_to_Byte_usart)
    GET_Shift_pos                            0x0800097d   Thumb Code    36  sa_e_shift.o(i.GET_Shift_pos)
    Gear_data                                0x080009a9   Thumb Code   150  sa_e_shift.o(i.Gear_data)
    Gear_ready                               0x08000a51   Thumb Code    22  sa_e_shift.o(i.Gear_ready)
    HAL_ADC_ConfigChannel                    0x08000a69   Thumb Code   316  stm32f4xx_hal_adc.o(i.HAL_ADC_ConfigChannel)
    HAL_ADC_Init                             0x08000bb5   Thumb Code    84  stm32f4xx_hal_adc.o(i.HAL_ADC_Init)
    HAL_ADC_MspInit                          0x08000c09   Thumb Code    84  adc.o(i.HAL_ADC_MspInit)
    HAL_CAN_ActivateNotification             0x08000c69   Thumb Code    36  stm32f4xx_hal_can.o(i.HAL_CAN_ActivateNotification)
    HAL_CAN_AddTxMessage                     0x08000c8d   Thumb Code   208  stm32f4xx_hal_can.o(i.HAL_CAN_AddTxMessage)
    HAL_CAN_ConfigFilter                     0x08000d5d   Thumb Code   262  stm32f4xx_hal_can.o(i.HAL_CAN_ConfigFilter)
    HAL_CAN_ErrorCallback                    0x08000e69   Thumb Code     2  stm32f4xx_hal_can.o(i.HAL_CAN_ErrorCallback)
    HAL_CAN_GetRxMessage                     0x08000e6b   Thumb Code   244  stm32f4xx_hal_can.o(i.HAL_CAN_GetRxMessage)
    HAL_CAN_IRQHandler                       0x08000f5f   Thumb Code   508  stm32f4xx_hal_can.o(i.HAL_CAN_IRQHandler)
    HAL_CAN_Init                             0x0800115b   Thumb Code   282  stm32f4xx_hal_can.o(i.HAL_CAN_Init)
    HAL_CAN_MspInit                          0x08001275   Thumb Code   224  can.o(i.HAL_CAN_MspInit)
    HAL_CAN_RxFifo0FullCallback              0x0800136d   Thumb Code     2  stm32f4xx_hal_can.o(i.HAL_CAN_RxFifo0FullCallback)
    HAL_CAN_RxFifo0MsgPendingCallback        0x08001371   Thumb Code    60  cybergear_control.o(i.HAL_CAN_RxFifo0MsgPendingCallback)
    HAL_CAN_RxFifo1FullCallback              0x080013b9   Thumb Code     2  stm32f4xx_hal_can.o(i.HAL_CAN_RxFifo1FullCallback)
    HAL_CAN_RxFifo1MsgPendingCallback        0x080013bd   Thumb Code    52  sa_candataprocess.o(i.HAL_CAN_RxFifo1MsgPendingCallback)
    HAL_CAN_SleepCallback                    0x08001401   Thumb Code     2  stm32f4xx_hal_can.o(i.HAL_CAN_SleepCallback)
    HAL_CAN_Start                            0x08001405   Thumb Code    88  stm32f4xx_hal_can.o(i.HAL_CAN_Start)
    HAL_CAN_TxMailbox0AbortCallback          0x0800145d   Thumb Code     2  stm32f4xx_hal_can.o(i.HAL_CAN_TxMailbox0AbortCallback)
    HAL_CAN_TxMailbox0CompleteCallback       0x0800145f   Thumb Code     2  stm32f4xx_hal_can.o(i.HAL_CAN_TxMailbox0CompleteCallback)
    HAL_CAN_TxMailbox1AbortCallback          0x08001461   Thumb Code     2  stm32f4xx_hal_can.o(i.HAL_CAN_TxMailbox1AbortCallback)
    HAL_CAN_TxMailbox1CompleteCallback       0x08001463   Thumb Code     2  stm32f4xx_hal_can.o(i.HAL_CAN_TxMailbox1CompleteCallback)
    HAL_CAN_TxMailbox2AbortCallback          0x08001465   Thumb Code     2  stm32f4xx_hal_can.o(i.HAL_CAN_TxMailbox2AbortCallback)
    HAL_CAN_TxMailbox2CompleteCallback       0x08001467   Thumb Code     2  stm32f4xx_hal_can.o(i.HAL_CAN_TxMailbox2CompleteCallback)
    HAL_CAN_WakeUpFromRxMsgCallback          0x08001469   Thumb Code     2  stm32f4xx_hal_can.o(i.HAL_CAN_WakeUpFromRxMsgCallback)
    HAL_DMA_IRQHandler                       0x0800146d   Thumb Code   412  stm32f4xx_hal_dma.o(i.HAL_DMA_IRQHandler)
    HAL_DMA_Init                             0x0800160d   Thumb Code   206  stm32f4xx_hal_dma.o(i.HAL_DMA_Init)
    HAL_Delay                                0x080016e1   Thumb Code    32  stm32f4xx_hal.o(i.HAL_Delay)
    HAL_GPIO_Init                            0x08001705   Thumb Code   450  stm32f4xx_hal_gpio.o(i.HAL_GPIO_Init)
    HAL_GPIO_ReadPin                         0x080018f5   Thumb Code    10  stm32f4xx_hal_gpio.o(i.HAL_GPIO_ReadPin)
    HAL_GPIO_WritePin                        0x080018ff   Thumb Code    10  stm32f4xx_hal_gpio.o(i.HAL_GPIO_WritePin)
    HAL_GetTick                              0x08001909   Thumb Code     6  stm32f4xx_hal.o(i.HAL_GetTick)
    HAL_I2C_Init                             0x08001915   Thumb Code   376  stm32f4xx_hal_i2c.o(i.HAL_I2C_Init)
    HAL_I2C_MspInit                          0x08001a9d   Thumb Code   154  i2c.o(i.HAL_I2C_MspInit)
    HAL_IncTick                              0x08001b49   Thumb Code    12  stm32f4xx_hal.o(i.HAL_IncTick)
    HAL_Init                                 0x08001b59   Thumb Code    48  stm32f4xx_hal.o(i.HAL_Init)
    HAL_InitTick                             0x08001b8d   Thumb Code    54  stm32f4xx_hal.o(i.HAL_InitTick)
    HAL_MspInit                              0x08001bcd   Thumb Code    42  stm32f4xx_hal_msp.o(i.HAL_MspInit)
    HAL_NVIC_EnableIRQ                       0x08001bfd   Thumb Code    26  stm32f4xx_hal_cortex.o(i.HAL_NVIC_EnableIRQ)
    HAL_NVIC_SetPriority                     0x08001c19   Thumb Code    60  stm32f4xx_hal_cortex.o(i.HAL_NVIC_SetPriority)
    HAL_NVIC_SetPriorityGrouping             0x08001c59   Thumb Code    26  stm32f4xx_hal_cortex.o(i.HAL_NVIC_SetPriorityGrouping)
    HAL_RCC_ClockConfig                      0x08001c7d   Thumb Code   288  stm32f4xx_hal_rcc.o(i.HAL_RCC_ClockConfig)
    HAL_RCC_GetPCLK1Freq                     0x08001db1   Thumb Code    20  stm32f4xx_hal_rcc.o(i.HAL_RCC_GetPCLK1Freq)
    HAL_RCC_GetPCLK2Freq                     0x08001dd1   Thumb Code    20  stm32f4xx_hal_rcc.o(i.HAL_RCC_GetPCLK2Freq)
    HAL_RCC_GetSysClockFreq                  0x08001df1   Thumb Code    88  stm32f4xx_hal_rcc.o(i.HAL_RCC_GetSysClockFreq)
    HAL_RCC_OscConfig                        0x08001e55   Thumb Code   856  stm32f4xx_hal_rcc.o(i.HAL_RCC_OscConfig)
    HAL_SYSTICK_Config                       0x080021c1   Thumb Code    40  stm32f4xx_hal_cortex.o(i.HAL_SYSTICK_Config)
    HAL_TIMEx_MasterConfigSynchronization    0x080021e9   Thumb Code   116  stm32f4xx_hal_tim_ex.o(i.HAL_TIMEx_MasterConfigSynchronization)
    HAL_TIM_Base_Init                        0x08002279   Thumb Code    90  stm32f4xx_hal_tim.o(i.HAL_TIM_Base_Init)
    HAL_TIM_Base_MspInit                     0x080022d5   Thumb Code    86  tim.o(i.HAL_TIM_Base_MspInit)
    HAL_TIM_ConfigClockSource                0x0800233d   Thumb Code   220  stm32f4xx_hal_tim.o(i.HAL_TIM_ConfigClockSource)
    HAL_TIM_MspPostInit                      0x08002419   Thumb Code    96  tim.o(i.HAL_TIM_MspPostInit)
    HAL_TIM_PWM_ConfigChannel                0x08002489   Thumb Code   204  stm32f4xx_hal_tim.o(i.HAL_TIM_PWM_ConfigChannel)
    HAL_TIM_PWM_Init                         0x08002555   Thumb Code    90  stm32f4xx_hal_tim.o(i.HAL_TIM_PWM_Init)
    HAL_TIM_PWM_MspInit                      0x080025af   Thumb Code     2  stm32f4xx_hal_tim.o(i.HAL_TIM_PWM_MspInit)
    HAL_TIM_SlaveConfigSynchro               0x080025b1   Thumb Code    86  stm32f4xx_hal_tim.o(i.HAL_TIM_SlaveConfigSynchro)
    HAL_UART_Init                            0x08002607   Thumb Code   100  stm32f4xx_hal_uart.o(i.HAL_UART_Init)
    HAL_UART_MspInit                         0x0800266d   Thumb Code   404  usart.o(i.HAL_UART_MspInit)
    HAL_UART_Transmit                        0x08002829   Thumb Code   160  stm32f4xx_hal_uart.o(i.HAL_UART_Transmit)
    HardFault_Handler                        0x080028c9   Thumb Code     2  stm32f4xx_it.o(i.HardFault_Handler)
    Init_Cyber                               0x080028cd   Thumb Code    24  cybergear_control.o(i.Init_Cyber)
    Init_DATA_CAN                            0x080028e9   Thumb Code    58  sa_candataprocess.o(i.Init_DATA_CAN)
    Init_MOTO_CAN                            0x08002929   Thumb Code    56  cybergear_control.o(i.Init_MOTO_CAN)
    JustFloat_16                             0x08002965   Thumb Code   432  sa_usart.o(i.JustFloat_16)
    JustFloat_16_rs232                       0x08002b1d   Thumb Code   432  sa_usart.o(i.JustFloat_16_rs232)
    MX_ADC1_Init                             0x08002cd5   Thumb Code    88  adc.o(i.MX_ADC1_Init)
    MX_CAN1_Init                             0x08002d39   Thumb Code    62  can.o(i.MX_CAN1_Init)
    MX_CAN2_Init                             0x08002d81   Thumb Code    62  can.o(i.MX_CAN2_Init)
    MX_DMA_Init                              0x08002dc9   Thumb Code   104  dma.o(i.MX_DMA_Init)
    MX_GPIO_Init                             0x08002e35   Thumb Code   296  gpio.o(i.MX_GPIO_Init)
    MX_I2C1_Init                             0x08002f75   Thumb Code    50  i2c.o(i.MX_I2C1_Init)
    MX_I2C2_Init                             0x08002fb5   Thumb Code    50  i2c.o(i.MX_I2C2_Init)
    MX_TIM13_Init                            0x08002ff5   Thumb Code    92  tim.o(i.MX_TIM13_Init)
    MX_TIM14_Init                            0x08003059   Thumb Code    92  tim.o(i.MX_TIM14_Init)
    MX_TIM1_Init                             0x080030bd   Thumb Code   122  tim.o(i.MX_TIM1_Init)
    MX_TIM2_Init                             0x08003141   Thumb Code    92  tim.o(i.MX_TIM2_Init)
    MX_USART1_UART_Init                      0x080031a1   Thumb Code    48  usart.o(i.MX_USART1_UART_Init)
    MX_USART2_UART_Init                      0x080031d9   Thumb Code    48  usart.o(i.MX_USART2_UART_Init)
    MX_USART3_UART_Init                      0x08003211   Thumb Code    48  usart.o(i.MX_USART3_UART_Init)
    MemManage_Handler                        0x08003249   Thumb Code     2  stm32f4xx_it.o(i.MemManage_Handler)
    Motor_Data_Handler                       0x0800324d   Thumb Code   110  cybergear_control.o(i.Motor_Data_Handler)
    Motor_Init                               0x080032cd   Thumb Code   244  sa_e_shift.o(i.Motor_Init)
    NMI_Handler                              0x080033d5   Thumb Code     2  stm32f4xx_it.o(i.NMI_Handler)
    PendSV_Handler                           0x080033d7   Thumb Code     2  stm32f4xx_it.o(i.PendSV_Handler)
    Radio_Data_Send                          0x080033d9   Thumb Code    98  sa_e_shift.o(i.Radio_Data_Send)
    SVC_Handler                              0x0800343b   Thumb Code     2  stm32f4xx_it.o(i.SVC_Handler)
    Set_Cyber_Mode                           0x0800343d   Thumb Code    18  cybergear_control.o(i.Set_Cyber_Mode)
    Set_Cyber_Parameter                      0x08003451   Thumb Code    82  cybergear_control.o(i.Set_Cyber_Parameter)
    Set_Cyber_Pos                            0x080034b5   Thumb Code    48  cybergear_control.o(i.Set_Cyber_Pos)
    Set_Cyber_ZeroPos                        0x080034ed   Thumb Code    36  cybergear_control.o(i.Set_Cyber_ZeroPos)
    Set_Cyber_limitSp                        0x08003521   Thumb Code    32  cybergear_control.o(i.Set_Cyber_limitSp)
    Set_Cyber_limitTor                       0x08003541   Thumb Code    32  cybergear_control.o(i.Set_Cyber_limitTor)
    Start_Cyber                              0x08003561   Thumb Code    30  cybergear_control.o(i.Start_Cyber)
    Stop_Cyber                               0x08003591   Thumb Code    34  cybergear_control.o(i.Stop_Cyber)
    SysTick_Handler                          0x080035c1   Thumb Code     4  stm32f4xx_it.o(i.SysTick_Handler)
    SystemClock_Config                       0x080035c5   Thumb Code   140  main.o(i.SystemClock_Config)
    SystemInit                               0x08003659   Thumb Code    12  system_stm32f4xx.o(i.SystemInit)
    TIM_Base_SetConfig                       0x08003669   Thumb Code   170  stm32f4xx_hal_tim.o(i.TIM_Base_SetConfig)
    TIM_ETR_SetConfig                        0x08003741   Thumb Code    20  stm32f4xx_hal_tim.o(i.TIM_ETR_SetConfig)
    TIM_OC2_SetConfig                        0x080037c5   Thumb Code    98  stm32f4xx_hal_tim.o(i.TIM_OC2_SetConfig)
    UPSHIFT_flag                             0x08003b89   Thumb Code    20  sa_e_shift.o(i.UPSHIFT_flag)
    UsageFault_Handler                       0x08003ba1   Thumb Code     2  stm32f4xx_it.o(i.UsageFault_Handler)
    get_key_num                              0x08003bc5   Thumb Code    64  sa_key.o(i.get_key_num)
    main                                     0x08003c11   Thumb Code   194  main.o(i.main)
    pre_pos_ready                            0x08003ced   Thumb Code    86  cybergear_control.o(i.pre_pos_ready)
    uint16_to_float                          0x08003d43   Thumb Code    40  cybergear_control.o(i.uint16_to_float)
    __aeabi_d2f                              0x08003d6d   Thumb Code     0  d2f.o(x$fpl$d2f)
    _d2f                                     0x08003d6d   Thumb Code    98  d2f.o(x$fpl$d2f)
    __aeabi_dadd                             0x08003dd1   Thumb Code     0  daddsub_clz.o(x$fpl$dadd)
    _dadd                                    0x08003dd1   Thumb Code   332  daddsub_clz.o(x$fpl$dadd)
    __fpl_dcmp_Inf                           0x08003f21   Thumb Code    24  dcmpi.o(x$fpl$dcmpinf)
    __aeabi_ui2d                             0x08003f39   Thumb Code     0  dflt_clz.o(x$fpl$dfltu)
    _dfltu                                   0x08003f39   Thumb Code    38  dflt_clz.o(x$fpl$dfltu)
    __aeabi_cdcmple                          0x08003f61   Thumb Code     0  dleqf.o(x$fpl$dleqf)
    _dcmple                                  0x08003f61   Thumb Code   120  dleqf.o(x$fpl$dleqf)
    __fpl_dcmple_InfNaN                      0x08003fc3   Thumb Code     0  dleqf.o(x$fpl$dleqf)
    __aeabi_dmul                             0x08003fd9   Thumb Code     0  dmul.o(x$fpl$dmul)
    _dmul                                    0x08003fd9   Thumb Code   332  dmul.o(x$fpl$dmul)
    __fpl_dnaninf                            0x0800412d   Thumb Code   156  dnaninf.o(x$fpl$dnaninf)
    __fpl_dretinf                            0x080041c9   Thumb Code    12  dretinf.o(x$fpl$dretinf)
    __aeabi_cdrcmple                         0x080041d5   Thumb Code     0  drleqf.o(x$fpl$drleqf)
    _drcmple                                 0x080041d5   Thumb Code   108  drleqf.o(x$fpl$drleqf)
    __aeabi_dsub                             0x08004241   Thumb Code     0  daddsub_clz.o(x$fpl$dsub)
    _dsub                                    0x08004241   Thumb Code   464  daddsub_clz.o(x$fpl$dsub)
    __aeabi_f2d                              0x08004415   Thumb Code     0  f2d.o(x$fpl$f2d)
    _f2d                                     0x08004415   Thumb Code    86  f2d.o(x$fpl$f2d)
    __fpl_fnaninf                            0x0800446b   Thumb Code   140  fnaninf.o(x$fpl$fnaninf)
    _fp_init                                 0x080044f7   Thumb Code    10  fpinit.o(x$fpl$fpinit)
    __fplib_config_fpu_vfp                   0x080044ff   Thumb Code     0  fpinit.o(x$fpl$fpinit)
    __fplib_config_pureend_doubles           0x080044ff   Thumb Code     0  fpinit.o(x$fpl$fpinit)
    __fpl_fretinf                            0x08004501   Thumb Code    10  fretinf.o(x$fpl$fretinf)
    __I$use$fp                               0x0800450a   Number         0  usenofp.o(x$fpl$usenofp)
    AHBPrescTable                            0x08004512   Data          16  system_stm32f4xx.o(.constdata)
    APBPrescTable                            0x08004522   Data           8  system_stm32f4xx.o(.constdata)
    Region$$Table$$Base                      0x0800452c   Number         0  anon$$obj.o(Region$$Table)
    Region$$Table$$Limit                     0x0800454c   Number         0  anon$$obj.o(Region$$Table)
    key_num                                  0x20000000   Data           1  main.o(.data)
    uwTickFreq                               0x20000008   Data           1  stm32f4xx_hal.o(.data)
    uwTickPrio                               0x2000000c   Data           4  stm32f4xx_hal.o(.data)
    uwTick                                   0x20000010   Data           4  stm32f4xx_hal.o(.data)
    SystemCoreClock                          0x20000014   Data           4  system_stm32f4xx.o(.data)
    RxFlag_1                                 0x20000018   Data           1  sa_usart.o(.data)
    RxFlag_3                                 0x20000019   Data           1  sa_usart.o(.data)
    dataship                                 0x2000001a   Data           2  sa_usart.o(.data)
    tail                                     0x2000001c   Data           4  sa_usart.o(.data)
    ALLspeed                                 0x20000020   Data           4  sa_usart.o(.data)
    c0h                                      0x20000024   Data           4  sa_usart.o(.data)
    c1h                                      0x20000028   Data           4  sa_usart.o(.data)
    c2h                                      0x2000002c   Data           4  sa_usart.o(.data)
    c3h                                      0x20000030   Data           4  sa_usart.o(.data)
    c4h                                      0x20000034   Data           4  sa_usart.o(.data)
    c5h                                      0x20000038   Data           4  sa_usart.o(.data)
    c6h                                      0x2000003c   Data           4  sa_usart.o(.data)
    c7h                                      0x20000040   Data           4  sa_usart.o(.data)
    c8h                                      0x20000044   Data           4  sa_usart.o(.data)
    c9h                                      0x20000048   Data           4  sa_usart.o(.data)
    c10h                                     0x2000004c   Data           4  sa_usart.o(.data)
    c11h                                     0x20000050   Data           4  sa_usart.o(.data)
    c12h                                     0x20000054   Data           4  sa_usart.o(.data)
    c13h                                     0x20000058   Data           4  sa_usart.o(.data)
    c14h                                     0x2000005c   Data           4  sa_usart.o(.data)
    c15h                                     0x20000060   Data           4  sa_usart.o(.data)
    Eshift_flag_UP                           0x20000064   Data           1  sa_e_shift.o(.data)
    Eshift_flag_DOWM                         0x20000065   Data           1  sa_e_shift.o(.data)
    Shift_pos_UP                             0x20000066   Data           2  sa_e_shift.o(.data)
    last_gear                                0x20000068   Data           2  sa_e_shift.o(.data)
    aim_gear                                 0x2000006a   Data           2  sa_e_shift.o(.data)
    Shift_pos_list                           0x2000006c   Data          24  sa_e_shift.o(.data)
    rx_ECUdata                               0x20000084   Data           8  sa_candataprocess.o(.data)
    motor_id                                 0x2000008c   Data           2  cybergear_control.o(.data)
    send_mail_box                            0x20000090   Data           4  cybergear_control.o(.data)
    byte                                     0x20000094   Data           4  cybergear_control.o(.data)
    rx_data                                  0x20000098   Data           8  cybergear_control.o(.data)
    hadc1                                    0x200000a0   Data          72  adc.o(.bss)
    hcan1                                    0x200000e8   Data          40  can.o(.bss)
    hcan2                                    0x20000110   Data          40  can.o(.bss)
    hi2c1                                    0x20000138   Data          84  i2c.o(.bss)
    hi2c2                                    0x2000018c   Data          84  i2c.o(.bss)
    htim1                                    0x200001e0   Data          72  tim.o(.bss)
    htim2                                    0x20000228   Data          72  tim.o(.bss)
    htim13                                   0x20000270   Data          72  tim.o(.bss)
    htim14                                   0x200002b8   Data          72  tim.o(.bss)
    huart1                                   0x20000300   Data          72  usart.o(.bss)
    huart2                                   0x20000348   Data          72  usart.o(.bss)
    huart3                                   0x20000390   Data          72  usart.o(.bss)
    hdma_usart1_rx                           0x200003d8   Data          96  usart.o(.bss)
    hdma_usart1_tx                           0x20000438   Data          96  usart.o(.bss)
    hdma_usart3_rx                           0x20000498   Data          96  usart.o(.bss)
    hdma_usart3_tx                           0x200004f8   Data          96  usart.o(.bss)
    ECU_rxMsg                                0x20000558   Data          28  sa_candataprocess.o(.bss)
    ECUDATA                                  0x20000574   Data          44  sa_candataprocess.o(.bss)
    Clutch_Cyber                             0x200005a0   Data         108  cybergear_control.o(.bss)
    Shift_Cyber                              0x2000060c   Data         108  cybergear_control.o(.bss)
    rxMsg                                    0x20000678   Data          28  cybergear_control.o(.bss)
    txMsg                                    0x20000694   Data          24  cybergear_control.o(.bss)
    __libspace_start                         0x200006ac   Data          96  libspace.o(.bss)
    __temporary_stack_top$libspace           0x2000070c   Data           0  libspace.o(.bss)



==============================================================================

Memory Map of the image

  Image Entry point : 0x08000189

  Load Region LR_IROM1 (Base: 0x08000000, Size: 0x000045ec, Max: 0x00080000, ABSOLUTE)

    Execution Region ER_IROM1 (Exec base: 0x08000000, Load base: 0x08000000, Size: 0x0000454c, Max: 0x00080000, ABSOLUTE)

    Exec Addr    Load Addr    Size         Type   Attr      Idx    E Section Name        Object

    0x08000000   0x08000000   0x00000188   Data   RO            3    RESET               startup_stm32f407xx.o
    0x08000188   0x08000188   0x00000008   Code   RO         4875  * !!!main             c_w.l(__main.o)
    0x08000190   0x08000190   0x00000034   Code   RO         5271    !!!scatter          c_w.l(__scatter.o)
    0x080001c4   0x080001c4   0x0000001a   Code   RO         5273    !!handler_copy      c_w.l(__scatter_copy.o)
    0x080001de   0x080001de   0x00000002   PAD
    0x080001e0   0x080001e0   0x0000001c   Code   RO         5275    !!handler_zi        c_w.l(__scatter_zi.o)
    0x080001fc   0x080001fc   0x00000002   Code   RO         5084    .ARM.Collect$$libinit$$00000000  c_w.l(libinit.o)
    0x080001fe   0x080001fe   0x00000004   Code   RO         5085    .ARM.Collect$$libinit$$00000001  c_w.l(libinit2.o)
    0x08000202   0x08000202   0x00000000   Code   RO         5088    .ARM.Collect$$libinit$$00000004  c_w.l(libinit2.o)
    0x08000202   0x08000202   0x00000000   Code   RO         5091    .ARM.Collect$$libinit$$0000000A  c_w.l(libinit2.o)
    0x08000202   0x08000202   0x00000000   Code   RO         5093    .ARM.Collect$$libinit$$0000000C  c_w.l(libinit2.o)
    0x08000202   0x08000202   0x00000000   Code   RO         5095    .ARM.Collect$$libinit$$0000000E  c_w.l(libinit2.o)
    0x08000202   0x08000202   0x00000000   Code   RO         5098    .ARM.Collect$$libinit$$00000011  c_w.l(libinit2.o)
    0x08000202   0x08000202   0x00000000   Code   RO         5100    .ARM.Collect$$libinit$$00000013  c_w.l(libinit2.o)
    0x08000202   0x08000202   0x00000000   Code   RO         5102    .ARM.Collect$$libinit$$00000015  c_w.l(libinit2.o)
    0x08000202   0x08000202   0x00000000   Code   RO         5104    .ARM.Collect$$libinit$$00000017  c_w.l(libinit2.o)
    0x08000202   0x08000202   0x00000000   Code   RO         5106    .ARM.Collect$$libinit$$00000019  c_w.l(libinit2.o)
    0x08000202   0x08000202   0x00000000   Code   RO         5108    .ARM.Collect$$libinit$$0000001B  c_w.l(libinit2.o)
    0x08000202   0x08000202   0x00000000   Code   RO         5110    .ARM.Collect$$libinit$$0000001D  c_w.l(libinit2.o)
    0x08000202   0x08000202   0x00000000   Code   RO         5112    .ARM.Collect$$libinit$$0000001F  c_w.l(libinit2.o)
    0x08000202   0x08000202   0x00000000   Code   RO         5114    .ARM.Collect$$libinit$$00000021  c_w.l(libinit2.o)
    0x08000202   0x08000202   0x00000000   Code   RO         5116    .ARM.Collect$$libinit$$00000023  c_w.l(libinit2.o)
    0x08000202   0x08000202   0x00000000   Code   RO         5118    .ARM.Collect$$libinit$$00000025  c_w.l(libinit2.o)
    0x08000202   0x08000202   0x00000000   Code   RO         5122    .ARM.Collect$$libinit$$0000002C  c_w.l(libinit2.o)
    0x08000202   0x08000202   0x00000000   Code   RO         5124    .ARM.Collect$$libinit$$0000002E  c_w.l(libinit2.o)
    0x08000202   0x08000202   0x00000000   Code   RO         5126    .ARM.Collect$$libinit$$00000030  c_w.l(libinit2.o)
    0x08000202   0x08000202   0x00000000   Code   RO         5128    .ARM.Collect$$libinit$$00000032  c_w.l(libinit2.o)
    0x08000202   0x08000202   0x00000002   Code   RO         5129    .ARM.Collect$$libinit$$00000033  c_w.l(libinit2.o)
    0x08000204   0x08000204   0x00000002   Code   RO         5252    .ARM.Collect$$libshutdown$$00000000  c_w.l(libshutdown.o)
    0x08000206   0x08000206   0x00000000   Code   RO         5131    .ARM.Collect$$libshutdown$$00000002  c_w.l(libshutdown2.o)
    0x08000206   0x08000206   0x00000000   Code   RO         5133    .ARM.Collect$$libshutdown$$00000004  c_w.l(libshutdown2.o)
    0x08000206   0x08000206   0x00000000   Code   RO         5135    .ARM.Collect$$libshutdown$$00000006  c_w.l(libshutdown2.o)
    0x08000206   0x08000206   0x00000000   Code   RO         5138    .ARM.Collect$$libshutdown$$00000009  c_w.l(libshutdown2.o)
    0x08000206   0x08000206   0x00000000   Code   RO         5141    .ARM.Collect$$libshutdown$$0000000C  c_w.l(libshutdown2.o)
    0x08000206   0x08000206   0x00000000   Code   RO         5143    .ARM.Collect$$libshutdown$$0000000E  c_w.l(libshutdown2.o)
    0x08000206   0x08000206   0x00000000   Code   RO         5146    .ARM.Collect$$libshutdown$$00000011  c_w.l(libshutdown2.o)
    0x08000206   0x08000206   0x00000002   Code   RO         5147    .ARM.Collect$$libshutdown$$00000012  c_w.l(libshutdown2.o)
    0x08000208   0x08000208   0x00000000   Code   RO         4909    .ARM.Collect$$rtentry$$00000000  c_w.l(__rtentry.o)
    0x08000208   0x08000208   0x00000000   Code   RO         4955    .ARM.Collect$$rtentry$$00000002  c_w.l(__rtentry2.o)
    0x08000208   0x08000208   0x00000006   Code   RO         4967    .ARM.Collect$$rtentry$$00000004  c_w.l(__rtentry4.o)
    0x0800020e   0x0800020e   0x00000000   Code   RO         4957    .ARM.Collect$$rtentry$$00000009  c_w.l(__rtentry2.o)
    0x0800020e   0x0800020e   0x00000004   Code   RO         4958    .ARM.Collect$$rtentry$$0000000A  c_w.l(__rtentry2.o)
    0x08000212   0x08000212   0x00000000   Code   RO         4960    .ARM.Collect$$rtentry$$0000000C  c_w.l(__rtentry2.o)
    0x08000212   0x08000212   0x00000008   Code   RO         4961    .ARM.Collect$$rtentry$$0000000D  c_w.l(__rtentry2.o)
    0x0800021a   0x0800021a   0x00000002   Code   RO         5151    .ARM.Collect$$rtexit$$00000000  c_w.l(rtexit.o)
    0x0800021c   0x0800021c   0x00000000   Code   RO         5203    .ARM.Collect$$rtexit$$00000002  c_w.l(rtexit2.o)
    0x0800021c   0x0800021c   0x00000004   Code   RO         5204    .ARM.Collect$$rtexit$$00000003  c_w.l(rtexit2.o)
    0x08000220   0x08000220   0x00000006   Code   RO         5205    .ARM.Collect$$rtexit$$00000004  c_w.l(rtexit2.o)
    0x08000226   0x08000226   0x00000002   PAD
    0x08000228   0x08000228   0x00000040   Code   RO            4    .text               startup_stm32f407xx.o
    0x08000268   0x08000268   0x000000ee   Code   RO         4865    .text               c_w.l(lludivv7m.o)
    0x08000356   0x08000356   0x0000004e   Code   RO         4871    .text               c_w.l(rt_memclr_w.o)
    0x080003a4   0x080003a4   0x00000006   Code   RO         4873    .text               c_w.l(heapauxi.o)
    0x080003aa   0x080003aa   0x00000002   PAD
    0x080003ac   0x080003ac   0x00000008   Code   RO         4993    .text               c_w.l(libspace.o)
    0x080003b4   0x080003b4   0x0000004a   Code   RO         4998    .text               c_w.l(sys_stackheap_outer.o)
    0x080003fe   0x080003fe   0x00000012   Code   RO         5069    .text               c_w.l(exit.o)
    0x08000410   0x08000410   0x00000002   Code   RO         5148    .text               c_w.l(use_no_semi.o)
    0x08000412   0x08000412   0x00000000   Code   RO         5150    .text               c_w.l(indicate_semi.o)
    0x08000412   0x08000412   0x00000002   PAD
    0x08000414   0x08000414   0x0000000c   Code   RO         5200    .text               c_w.l(sys_exit.o)
    0x08000420   0x08000420   0x00000128   Code   RO          696    i.ADC_Init          stm32f4xx_hal_adc.o
    0x08000548   0x08000548   0x00000002   Code   RO          557    i.BusFault_Handler  stm32f4xx_it.o
    0x0800054a   0x0800054a   0x00000002   PAD
    0x0800054c   0x0800054c   0x0000000c   Code   RO          558    i.CAN1_RX0_IRQHandler  stm32f4xx_it.o
    0x08000558   0x08000558   0x0000000c   Code   RO          559    i.CAN2_RX1_IRQHandler  stm32f4xx_it.o
    0x08000564   0x08000564   0x00000180   Code   RO         4583    i.CZCD_CANData_tran  sa_candataprocess.o
    0x080006e4   0x080006e4   0x0000000c   Code   RO          560    i.DMA1_Stream1_IRQHandler  stm32f4xx_it.o
    0x080006f0   0x080006f0   0x0000000c   Code   RO          561    i.DMA1_Stream3_IRQHandler  stm32f4xx_it.o
    0x080006fc   0x080006fc   0x0000000c   Code   RO          562    i.DMA2_Stream2_IRQHandler  stm32f4xx_it.o
    0x08000708   0x08000708   0x0000000c   Code   RO          563    i.DMA2_Stream7_IRQHandler  stm32f4xx_it.o
    0x08000714   0x08000714   0x00000028   Code   RO         1430    i.DMA_CalcBaseAndBitshift  stm32f4xx_hal_dma.o
    0x0800073c   0x0800073c   0x00000054   Code   RO         1431    i.DMA_CheckFifoParam  stm32f4xx_hal_dma.o
    0x08000790   0x08000790   0x00000018   Code   RO         4506    i.DOWNSHIFT_flag    sa_e_shift.o
    0x080007a8   0x080007a8   0x00000002   Code   RO          564    i.DebugMon_Handler  stm32f4xx_it.o
    0x080007aa   0x080007aa   0x00000002   PAD
    0x080007ac   0x080007ac   0x000001b8   Code   RO         4507    i.EShift_move       sa_e_shift.o
    0x08000964   0x08000964   0x00000004   Code   RO           13    i.Error_Handler     main.o
    0x08000968   0x08000968   0x00000014   Code   RO         4389    i.Float_to_Byte_usart  sa_usart.o
    0x0800097c   0x0800097c   0x0000002c   Code   RO         4508    i.GET_Shift_pos     sa_e_shift.o
    0x080009a8   0x080009a8   0x000000a8   Code   RO         4509    i.Gear_data         sa_e_shift.o
    0x08000a50   0x08000a50   0x00000016   Code   RO         4510    i.Gear_ready        sa_e_shift.o
    0x08000a66   0x08000a66   0x00000002   PAD
    0x08000a68   0x08000a68   0x0000014c   Code   RO          698    i.HAL_ADC_ConfigChannel  stm32f4xx_hal_adc.o
    0x08000bb4   0x08000bb4   0x00000054   Code   RO          707    i.HAL_ADC_Init      stm32f4xx_hal_adc.o
    0x08000c08   0x08000c08   0x00000060   Code   RO          275    i.HAL_ADC_MspInit   adc.o
    0x08000c68   0x08000c68   0x00000024   Code   RO         2122    i.HAL_CAN_ActivateNotification  stm32f4xx_hal_can.o
    0x08000c8c   0x08000c8c   0x000000d0   Code   RO         2123    i.HAL_CAN_AddTxMessage  stm32f4xx_hal_can.o
    0x08000d5c   0x08000d5c   0x0000010c   Code   RO         2124    i.HAL_CAN_ConfigFilter  stm32f4xx_hal_can.o
    0x08000e68   0x08000e68   0x00000002   Code   RO         2127    i.HAL_CAN_ErrorCallback  stm32f4xx_hal_can.o
    0x08000e6a   0x08000e6a   0x000000f4   Code   RO         2130    i.HAL_CAN_GetRxMessage  stm32f4xx_hal_can.o
    0x08000f5e   0x08000f5e   0x000001fc   Code   RO         2134    i.HAL_CAN_IRQHandler  stm32f4xx_hal_can.o
    0x0800115a   0x0800115a   0x0000011a   Code   RO         2135    i.HAL_CAN_Init      stm32f4xx_hal_can.o
    0x08001274   0x08001274   0x000000f8   Code   RO          317    i.HAL_CAN_MspInit   can.o
    0x0800136c   0x0800136c   0x00000002   Code   RO         2142    i.HAL_CAN_RxFifo0FullCallback  stm32f4xx_hal_can.o
    0x0800136e   0x0800136e   0x00000002   PAD
    0x08001370   0x08001370   0x00000048   Code   RO         4657    i.HAL_CAN_RxFifo0MsgPendingCallback  cybergear_control.o
    0x080013b8   0x080013b8   0x00000002   Code   RO         2144    i.HAL_CAN_RxFifo1FullCallback  stm32f4xx_hal_can.o
    0x080013ba   0x080013ba   0x00000002   PAD
    0x080013bc   0x080013bc   0x00000044   Code   RO         4584    i.HAL_CAN_RxFifo1MsgPendingCallback  sa_candataprocess.o
    0x08001400   0x08001400   0x00000002   Code   RO         2146    i.HAL_CAN_SleepCallback  stm32f4xx_hal_can.o
    0x08001402   0x08001402   0x00000002   PAD
    0x08001404   0x08001404   0x00000058   Code   RO         2147    i.HAL_CAN_Start     stm32f4xx_hal_can.o
    0x0800145c   0x0800145c   0x00000002   Code   RO         2149    i.HAL_CAN_TxMailbox0AbortCallback  stm32f4xx_hal_can.o
    0x0800145e   0x0800145e   0x00000002   Code   RO         2150    i.HAL_CAN_TxMailbox0CompleteCallback  stm32f4xx_hal_can.o
    0x08001460   0x08001460   0x00000002   Code   RO         2151    i.HAL_CAN_TxMailbox1AbortCallback  stm32f4xx_hal_can.o
    0x08001462   0x08001462   0x00000002   Code   RO         2152    i.HAL_CAN_TxMailbox1CompleteCallback  stm32f4xx_hal_can.o
    0x08001464   0x08001464   0x00000002   Code   RO         2153    i.HAL_CAN_TxMailbox2AbortCallback  stm32f4xx_hal_can.o
    0x08001466   0x08001466   0x00000002   Code   RO         2154    i.HAL_CAN_TxMailbox2CompleteCallback  stm32f4xx_hal_can.o
    0x08001468   0x08001468   0x00000002   Code   RO         2156    i.HAL_CAN_WakeUpFromRxMsgCallback  stm32f4xx_hal_can.o
    0x0800146a   0x0800146a   0x00000002   PAD
    0x0800146c   0x0800146c   0x000001a0   Code   RO         1438    i.HAL_DMA_IRQHandler  stm32f4xx_hal_dma.o
    0x0800160c   0x0800160c   0x000000d4   Code   RO         1439    i.HAL_DMA_Init      stm32f4xx_hal_dma.o
    0x080016e0   0x080016e0   0x00000024   Code   RO         1870    i.HAL_Delay         stm32f4xx_hal.o
    0x08001704   0x08001704   0x000001f0   Code   RO         1326    i.HAL_GPIO_Init     stm32f4xx_hal_gpio.o
    0x080018f4   0x080018f4   0x0000000a   Code   RO         1328    i.HAL_GPIO_ReadPin  stm32f4xx_hal_gpio.o
    0x080018fe   0x080018fe   0x0000000a   Code   RO         1330    i.HAL_GPIO_WritePin  stm32f4xx_hal_gpio.o
    0x08001908   0x08001908   0x0000000c   Code   RO         1876    i.HAL_GetTick       stm32f4xx_hal.o
    0x08001914   0x08001914   0x00000188   Code   RO         2366    i.HAL_I2C_Init      stm32f4xx_hal_i2c.o
    0x08001a9c   0x08001a9c   0x000000ac   Code   RO          390    i.HAL_I2C_MspInit   i2c.o
    0x08001b48   0x08001b48   0x00000010   Code   RO         1882    i.HAL_IncTick       stm32f4xx_hal.o
    0x08001b58   0x08001b58   0x00000034   Code   RO         1883    i.HAL_Init          stm32f4xx_hal.o
    0x08001b8c   0x08001b8c   0x00000040   Code   RO         1884    i.HAL_InitTick      stm32f4xx_hal.o
    0x08001bcc   0x08001bcc   0x00000030   Code   RO          669    i.HAL_MspInit       stm32f4xx_hal_msp.o
    0x08001bfc   0x08001bfc   0x0000001a   Code   RO         1718    i.HAL_NVIC_EnableIRQ  stm32f4xx_hal_cortex.o
    0x08001c16   0x08001c16   0x00000002   PAD
    0x08001c18   0x08001c18   0x00000040   Code   RO         1724    i.HAL_NVIC_SetPriority  stm32f4xx_hal_cortex.o
    0x08001c58   0x08001c58   0x00000024   Code   RO         1725    i.HAL_NVIC_SetPriorityGrouping  stm32f4xx_hal_cortex.o
    0x08001c7c   0x08001c7c   0x00000134   Code   RO          972    i.HAL_RCC_ClockConfig  stm32f4xx_hal_rcc.o
    0x08001db0   0x08001db0   0x00000020   Code   RO          979    i.HAL_RCC_GetPCLK1Freq  stm32f4xx_hal_rcc.o
    0x08001dd0   0x08001dd0   0x00000020   Code   RO          980    i.HAL_RCC_GetPCLK2Freq  stm32f4xx_hal_rcc.o
    0x08001df0   0x08001df0   0x00000064   Code   RO          981    i.HAL_RCC_GetSysClockFreq  stm32f4xx_hal_rcc.o
    0x08001e54   0x08001e54   0x0000036c   Code   RO          984    i.HAL_RCC_OscConfig  stm32f4xx_hal_rcc.o
    0x080021c0   0x080021c0   0x00000028   Code   RO         1729    i.HAL_SYSTICK_Config  stm32f4xx_hal_cortex.o
    0x080021e8   0x080021e8   0x00000090   Code   RO         3535    i.HAL_TIMEx_MasterConfigSynchronization  stm32f4xx_hal_tim_ex.o
    0x08002278   0x08002278   0x0000005a   Code   RO         2812    i.HAL_TIM_Base_Init  stm32f4xx_hal_tim.o
    0x080022d2   0x080022d2   0x00000002   PAD
    0x080022d4   0x080022d4   0x00000068   Code   RO          438    i.HAL_TIM_Base_MspInit  tim.o
    0x0800233c   0x0800233c   0x000000dc   Code   RO         2821    i.HAL_TIM_ConfigClockSource  stm32f4xx_hal_tim.o
    0x08002418   0x08002418   0x00000070   Code   RO          439    i.HAL_TIM_MspPostInit  tim.o
    0x08002488   0x08002488   0x000000cc   Code   RO         2884    i.HAL_TIM_PWM_ConfigChannel  stm32f4xx_hal_tim.o
    0x08002554   0x08002554   0x0000005a   Code   RO         2887    i.HAL_TIM_PWM_Init  stm32f4xx_hal_tim.o
    0x080025ae   0x080025ae   0x00000002   Code   RO         2889    i.HAL_TIM_PWM_MspInit  stm32f4xx_hal_tim.o
    0x080025b0   0x080025b0   0x00000056   Code   RO         2901    i.HAL_TIM_SlaveConfigSynchro  stm32f4xx_hal_tim.o
    0x08002606   0x08002606   0x00000064   Code   RO         3813    i.HAL_UART_Init     stm32f4xx_hal_uart.o
    0x0800266a   0x0800266a   0x00000002   PAD
    0x0800266c   0x0800266c   0x000001bc   Code   RO          504    i.HAL_UART_MspInit  usart.o
    0x08002828   0x08002828   0x000000a0   Code   RO         3821    i.HAL_UART_Transmit  stm32f4xx_hal_uart.o
    0x080028c8   0x080028c8   0x00000002   Code   RO          565    i.HardFault_Handler  stm32f4xx_it.o
    0x080028ca   0x080028ca   0x00000002   PAD
    0x080028cc   0x080028cc   0x0000001c   Code   RO         4658    i.Init_Cyber        cybergear_control.o
    0x080028e8   0x080028e8   0x00000040   Code   RO         4585    i.Init_DATA_CAN     sa_candataprocess.o
    0x08002928   0x08002928   0x0000003c   Code   RO         4660    i.Init_MOTO_CAN     cybergear_control.o
    0x08002964   0x08002964   0x000001b8   Code   RO         4392    i.JustFloat_16      sa_usart.o
    0x08002b1c   0x08002b1c   0x000001b8   Code   RO         4393    i.JustFloat_16_rs232  sa_usart.o
    0x08002cd4   0x08002cd4   0x00000064   Code   RO          276    i.MX_ADC1_Init      adc.o
    0x08002d38   0x08002d38   0x00000048   Code   RO          318    i.MX_CAN1_Init      can.o
    0x08002d80   0x08002d80   0x00000048   Code   RO          319    i.MX_CAN2_Init      can.o
    0x08002dc8   0x08002dc8   0x0000006c   Code   RO          365    i.MX_DMA_Init       dma.o
    0x08002e34   0x08002e34   0x00000140   Code   RO          250    i.MX_GPIO_Init      gpio.o
    0x08002f74   0x08002f74   0x00000040   Code   RO          391    i.MX_I2C1_Init      i2c.o
    0x08002fb4   0x08002fb4   0x00000040   Code   RO          392    i.MX_I2C2_Init      i2c.o
    0x08002ff4   0x08002ff4   0x00000064   Code   RO          440    i.MX_TIM13_Init     tim.o
    0x08003058   0x08003058   0x00000064   Code   RO          441    i.MX_TIM14_Init     tim.o
    0x080030bc   0x080030bc   0x00000084   Code   RO          442    i.MX_TIM1_Init      tim.o
    0x08003140   0x08003140   0x00000060   Code   RO          443    i.MX_TIM2_Init      tim.o
    0x080031a0   0x080031a0   0x00000038   Code   RO          505    i.MX_USART1_UART_Init  usart.o
    0x080031d8   0x080031d8   0x00000038   Code   RO          506    i.MX_USART2_UART_Init  usart.o
    0x08003210   0x08003210   0x00000038   Code   RO          507    i.MX_USART3_UART_Init  usart.o
    0x08003248   0x08003248   0x00000002   Code   RO          566    i.MemManage_Handler  stm32f4xx_it.o
    0x0800324a   0x0800324a   0x00000002   PAD
    0x0800324c   0x0800324c   0x00000080   Code   RO         4663    i.Motor_Data_Handler  cybergear_control.o
    0x080032cc   0x080032cc   0x00000108   Code   RO         4511    i.Motor_Init        sa_e_shift.o
    0x080033d4   0x080033d4   0x00000002   Code   RO          567    i.NMI_Handler       stm32f4xx_it.o
    0x080033d6   0x080033d6   0x00000002   Code   RO          568    i.PendSV_Handler    stm32f4xx_it.o
    0x080033d8   0x080033d8   0x00000062   Code   RO         4512    i.Radio_Data_Send   sa_e_shift.o
    0x0800343a   0x0800343a   0x00000002   Code   RO          569    i.SVC_Handler       stm32f4xx_it.o
    0x0800343c   0x0800343c   0x00000012   Code   RO         4667    i.Set_Cyber_Mode    cybergear_control.o
    0x0800344e   0x0800344e   0x00000002   PAD
    0x08003450   0x08003450   0x00000064   Code   RO         4668    i.Set_Cyber_Parameter  cybergear_control.o
    0x080034b4   0x080034b4   0x00000038   Code   RO         4669    i.Set_Cyber_Pos     cybergear_control.o
    0x080034ec   0x080034ec   0x00000034   Code   RO         4671    i.Set_Cyber_ZeroPos  cybergear_control.o
    0x08003520   0x08003520   0x00000020   Code   RO         4672    i.Set_Cyber_limitSp  cybergear_control.o
    0x08003540   0x08003540   0x00000020   Code   RO         4673    i.Set_Cyber_limitTor  cybergear_control.o
    0x08003560   0x08003560   0x00000030   Code   RO         4675    i.Start_Cyber       cybergear_control.o
    0x08003590   0x08003590   0x00000030   Code   RO         4677    i.Stop_Cyber        cybergear_control.o
    0x080035c0   0x080035c0   0x00000004   Code   RO          570    i.SysTick_Handler   stm32f4xx_it.o
    0x080035c4   0x080035c4   0x00000094   Code   RO           14    i.SystemClock_Config  main.o
    0x08003658   0x08003658   0x00000010   Code   RO         4147    i.SystemInit        system_stm32f4xx.o
    0x08003668   0x08003668   0x000000d8   Code   RO         2905    i.TIM_Base_SetConfig  stm32f4xx_hal_tim.o
    0x08003740   0x08003740   0x00000014   Code   RO         2916    i.TIM_ETR_SetConfig  stm32f4xx_hal_tim.o
    0x08003754   0x08003754   0x00000010   Code   RO         2917    i.TIM_ITRx_SetConfig  stm32f4xx_hal_tim.o
    0x08003764   0x08003764   0x00000060   Code   RO         2918    i.TIM_OC1_SetConfig  stm32f4xx_hal_tim.o
    0x080037c4   0x080037c4   0x0000006c   Code   RO         2919    i.TIM_OC2_SetConfig  stm32f4xx_hal_tim.o
    0x08003830   0x08003830   0x00000068   Code   RO         2920    i.TIM_OC3_SetConfig  stm32f4xx_hal_tim.o
    0x08003898   0x08003898   0x00000050   Code   RO         2921    i.TIM_OC4_SetConfig  stm32f4xx_hal_tim.o
    0x080038e8   0x080038e8   0x0000008c   Code   RO         2922    i.TIM_SlaveTimer_SetConfig  stm32f4xx_hal_tim.o
    0x08003974   0x08003974   0x00000022   Code   RO         2923    i.TIM_TI1_ConfigInputStage  stm32f4xx_hal_tim.o
    0x08003996   0x08003996   0x00000024   Code   RO         2925    i.TIM_TI2_ConfigInputStage  stm32f4xx_hal_tim.o
    0x080039ba   0x080039ba   0x0000004e   Code   RO         3836    i.UART_EndRxTransfer  stm32f4xx_hal_uart.o
    0x08003a08   0x08003a08   0x0000010c   Code   RO         3839    i.UART_SetConfig    stm32f4xx_hal_uart.o
    0x08003b14   0x08003b14   0x00000072   Code   RO         3842    i.UART_WaitOnFlagUntilTimeout  stm32f4xx_hal_uart.o
    0x08003b86   0x08003b86   0x00000002   PAD
    0x08003b88   0x08003b88   0x00000018   Code   RO         4513    i.UPSHIFT_flag      sa_e_shift.o
    0x08003ba0   0x08003ba0   0x00000002   Code   RO          571    i.UsageFault_Handler  stm32f4xx_it.o
    0x08003ba2   0x08003ba2   0x00000020   Code   RO         1731    i.__NVIC_SetPriority  stm32f4xx_hal_cortex.o
    0x08003bc2   0x08003bc2   0x00000002   PAD
    0x08003bc4   0x08003bc4   0x0000004c   Code   RO         4365    i.get_key_num       sa_key.o
    0x08003c10   0x08003c10   0x000000dc   Code   RO           15    i.main              main.o
    0x08003cec   0x08003cec   0x00000056   Code   RO         4679    i.pre_pos_ready     cybergear_control.o
    0x08003d42   0x08003d42   0x00000028   Code   RO         4682    i.uint16_to_float   cybergear_control.o
    0x08003d6a   0x08003d6a   0x00000002   PAD
    0x08003d6c   0x08003d6c   0x00000062   Code   RO         4877    x$fpl$d2f           fz_wm.l(d2f.o)
    0x08003dce   0x08003dce   0x00000002   PAD
    0x08003dd0   0x08003dd0   0x00000150   Code   RO         4879    x$fpl$dadd          fz_wm.l(daddsub_clz.o)
    0x08003f20   0x08003f20   0x00000018   Code   RO         4986    x$fpl$dcmpinf       fz_wm.l(dcmpi.o)
    0x08003f38   0x08003f38   0x00000026   Code   RO         4885    x$fpl$dfltu         fz_wm.l(dflt_clz.o)
    0x08003f5e   0x08003f5e   0x00000002   PAD
    0x08003f60   0x08003f60   0x00000078   Code   RO         4924    x$fpl$dleqf         fz_wm.l(dleqf.o)
    0x08003fd8   0x08003fd8   0x00000154   Code   RO         4891    x$fpl$dmul          fz_wm.l(dmul.o)
    0x0800412c   0x0800412c   0x0000009c   Code   RO         4926    x$fpl$dnaninf       fz_wm.l(dnaninf.o)
    0x080041c8   0x080041c8   0x0000000c   Code   RO         4928    x$fpl$dretinf       fz_wm.l(dretinf.o)
    0x080041d4   0x080041d4   0x0000006c   Code   RO         4893    x$fpl$drleqf        fz_wm.l(drleqf.o)
    0x08004240   0x08004240   0x000001d4   Code   RO         4881    x$fpl$dsub          fz_wm.l(daddsub_clz.o)
    0x08004414   0x08004414   0x00000056   Code   RO         4895    x$fpl$f2d           fz_wm.l(f2d.o)
    0x0800446a   0x0800446a   0x0000008c   Code   RO         4930    x$fpl$fnaninf       fz_wm.l(fnaninf.o)
    0x080044f6   0x080044f6   0x0000000a   Code   RO         5198    x$fpl$fpinit        fz_wm.l(fpinit.o)
    0x08004500   0x08004500   0x0000000a   Code   RO         4932    x$fpl$fretinf       fz_wm.l(fretinf.o)
    0x0800450a   0x0800450a   0x00000000   Code   RO         4934    x$fpl$usenofp       fz_wm.l(usenofp.o)
    0x0800450a   0x0800450a   0x00000008   Data   RO         1445    .constdata          stm32f4xx_hal_dma.o
    0x08004512   0x08004512   0x00000010   Data   RO         4148    .constdata          system_stm32f4xx.o
    0x08004522   0x08004522   0x00000008   Data   RO         4149    .constdata          system_stm32f4xx.o
    0x0800452a   0x0800452a   0x00000002   PAD
    0x0800452c   0x0800452c   0x00000020   Data   RO         5269    Region$$Table       anon$$obj.o


    Execution Region RW_IRAM1 (Exec base: 0x20000000, Load base: 0x0800454c, Size: 0x00000d10, Max: 0x0001c000, ABSOLUTE)

    Exec Addr    Load Addr    Size         Type   Attr      Idx    E Section Name        Object

    0x20000000   0x0800454c   0x00000001   Data   RW           16    .data               main.o
    0x20000001   0x0800454d   0x00000003   PAD
    0x20000004   0x08004550   0x00000004   Data   RW          321    .data               can.o
    0x20000008   0x08004554   0x0000000c   Data   RW         1890    .data               stm32f4xx_hal.o
    0x20000014   0x08004560   0x00000004   Data   RW         4150    .data               system_stm32f4xx.o
    0x20000018   0x08004564   0x0000004c   Data   RW         4404    .data               sa_usart.o
    0x20000064   0x080045b0   0x00000020   Data   RW         4514    .data               sa_e_shift.o
    0x20000084   0x080045d0   0x00000008   Data   RW         4588    .data               sa_candataprocess.o
    0x2000008c   0x080045d8   0x00000014   Data   RW         4687    .data               cybergear_control.o
    0x200000a0        -       0x00000048   Zero   RW          277    .bss                adc.o
    0x200000e8        -       0x00000050   Zero   RW          320    .bss                can.o
    0x20000138        -       0x000000a8   Zero   RW          393    .bss                i2c.o
    0x200001e0        -       0x00000120   Zero   RW          444    .bss                tim.o
    0x20000300        -       0x00000258   Zero   RW          508    .bss                usart.o
    0x20000558        -       0x00000048   Zero   RW         4586    .bss                sa_candataprocess.o
    0x200005a0        -       0x0000010c   Zero   RW         4684    .bss                cybergear_control.o
    0x200006ac        -       0x00000060   Zero   RW         4994    .bss                c_w.l(libspace.o)
    0x2000070c   0x080045ec   0x00000004   PAD
    0x20000710        -       0x00000200   Zero   RW            2    HEAP                startup_stm32f407xx.o
    0x20000910        -       0x00000400   Zero   RW            1    STACK               startup_stm32f407xx.o


    Execution Region RW_IRAM2 (Exec base: 0x2001c000, Load base: 0x080045ec, Size: 0x00000000, Max: 0x00004000, ABSOLUTE)

    **** No section assigned to this execution region ****


==============================================================================

Image component sizes


      Code (inc. data)   RO Data    RW Data    ZI Data      Debug   Object Name

       196         24          0          0         72       1773   adc.o
       392         44          0          4         80       2570   can.o
       800        112          0         20        268      13038   cybergear_control.o
       108          4          0          0          0        870   dma.o
       320         24          0          0          0       1139   gpio.o
       300         46          0          0        168       2446   i2c.o
       372         34          0          1          0     728512   main.o
       516         78          0          8         72       3682   sa_candataprocess.o
      1084         84          0         32          0       6988   sa_e_shift.o
         0          0          0          0          0        598   sa_flash.o
        76         12          0          0          0        642   sa_key.o
       900         16          0         76          0       5309   sa_usart.o
        64         26        392          0       1536        860   startup_stm32f407xx.o
       180         28          0         12          0       9549   stm32f4xx_hal.o
       712         28          0          0          0       2943   stm32f4xx_hal_adc.o
      1656          6          0          0          0      14071   stm32f4xx_hal_can.o
       198         14          0          0          0      33919   stm32f4xx_hal_cortex.o
       752         16          8          0          0       4160   stm32f4xx_hal_dma.o
       516         46          0          0          0       2915   stm32f4xx_hal_gpio.o
       392         16          0          0          0       3259   stm32f4xx_hal_i2c.o
        48          6          0          0          0        894   stm32f4xx_hal_msp.o
      1348         76          0          0          0       5336   stm32f4xx_hal_rcc.o
      1542         90          0          0          0      13653   stm32f4xx_hal_tim.o
       144         28          0          0          0       1408   stm32f4xx_hal_tim_ex.o
       720         10          0          0          0       4952   stm32f4xx_hal_uart.o
        92         36          0          0          0       7294   stm32f4xx_it.o
        16          4         24          4          0       1175   system_stm32f4xx.o
       644         64          0          0        288       4603   tim.o
       612         64          0          0        600       3584   usart.o

    ----------------------------------------------------------------------
     14732       1036        458        160       3084     882142   Object Totals
         0          0         32          0          0          0   (incl. Generated)
        32          0          2          3          0          0   (incl. Padding)

    ----------------------------------------------------------------------

      Code (inc. data)   RO Data    RW Data    ZI Data      Debug   Library Member Name

         8          0          0          0          0         68   __main.o
         0          0          0          0          0          0   __rtentry.o
        12          0          0          0          0          0   __rtentry2.o
         6          0          0          0          0          0   __rtentry4.o
        52          8          0          0          0          0   __scatter.o
        26          0          0          0          0          0   __scatter_copy.o
        28          0          0          0          0          0   __scatter_zi.o
        18          0          0          0          0         80   exit.o
         6          0          0          0          0        152   heapauxi.o
         0          0          0          0          0          0   indicate_semi.o
         2          0          0          0          0          0   libinit.o
         6          0          0          0          0          0   libinit2.o
         2          0          0          0          0          0   libshutdown.o
         2          0          0          0          0          0   libshutdown2.o
         8          4          0          0         96         68   libspace.o
       238          0          0          0          0        100   lludivv7m.o
        78          0          0          0          0         80   rt_memclr_w.o
         2          0          0          0          0          0   rtexit.o
        10          0          0          0          0          0   rtexit2.o
        12          4          0          0          0         68   sys_exit.o
        74          0          0          0          0         80   sys_stackheap_outer.o
         2          0          0          0          0         68   use_no_semi.o
        98          4          0          0          0        140   d2f.o
       804         16          0          0          0        368   daddsub_clz.o
        24          0          0          0          0        116   dcmpi.o
        38          0          0          0          0        116   dflt_clz.o
       120          4          0          0          0        140   dleqf.o
       340         12          0          0          0        152   dmul.o
       156          4          0          0          0        140   dnaninf.o
        12          0          0          0          0        116   dretinf.o
       108          0          0          0          0        128   drleqf.o
        86          4          0          0          0        132   f2d.o
       140          4          0          0          0        132   fnaninf.o
        10          0          0          0          0        116   fpinit.o
        10          0          0          0          0        116   fretinf.o
         0          0          0          0          0          0   usenofp.o

    ----------------------------------------------------------------------
      2550         64          0          0        100       2676   Library Totals
        12          0          0          0          4          0   (incl. Padding)

    ----------------------------------------------------------------------

      Code (inc. data)   RO Data    RW Data    ZI Data      Debug   Library Name

       592         16          0          0         96        764   c_w.l
      1946         48          0          0          0       1912   fz_wm.l

    ----------------------------------------------------------------------
      2550         64          0          0        100       2676   Library Totals

    ----------------------------------------------------------------------

==============================================================================


      Code (inc. data)   RO Data    RW Data    ZI Data      Debug   

     17282       1100        458        160       3184     870858   Grand Totals
     17282       1100        458        160       3184     870858   ELF Image Totals
     17282       1100        458        160          0          0   ROM Totals

==============================================================================

    Total RO  Size (Code + RO Data)                17740 (  17.32kB)
    Total RW  Size (RW Data + ZI Data)              3344 (   3.27kB)
    Total ROM Size (Code + RO Data + RW Data)      17900 (  17.48kB)

==============================================================================

